Archive member included because of file (symbol)

C:/ProgramData/MATLAB/SupportPackages/R2022a/aIDE/portable/packages/arduino/hardware/sam/1.6.12/variants/arduino_due_x/libsam_sam3x8e_gcc_rel.a(startup_sam3xa.o)
                              (Reset_Handler)
C:/ProgramData/MATLAB/SupportPackages/R2022a/aIDE/portable/packages/arduino/hardware/sam/1.6.12/variants/arduino_due_x/libsam_sam3x8e_gcc_rel.a(uotghs.o)
                              C:/ProgramData/MATLAB/SupportPackages/R2022a/aIDE/portable/packages/arduino/hardware/sam/1.6.12/variants/arduino_due_x/libsam_sam3x8e_gcc_rel.a(startup_sam3xa.o) (UOTGHS_Handler)
C:/Users/user/DOCUME~1/MATLAB/R2022a/ARDUIN~1/ARDUIN~1/FASTER~1/libcore.a(hooks.o)
                              arm_m3_cortex_handler.o (sysTickHook)
C:/Users/user/DOCUME~1/MATLAB/R2022a/ARDUIN~1/ARDUIN~1/FASTER~1/libcore.a(syscalls_sam3.o)
                              (_sbrk)
C:/Users/user/DOCUME~1/MATLAB/R2022a/ARDUIN~1/ARDUIN~1/FASTER~1/libcore.a(wiring.o)
                              io_wrappers.o (millis)
C:/Users/user/DOCUME~1/MATLAB/R2022a/ARDUIN~1/ARDUIN~1/FASTER~1/libcore.a(wiring_digital.o)
                              io_wrappers.o (pinMode)
C:/Users/user/DOCUME~1/MATLAB/R2022a/ARDUIN~1/ARDUIN~1/FASTER~1/libcore.a(Reset.o)
                              arm_m3_cortex_handler.o (tickReset)
C:/Users/user/DOCUME~1/MATLAB/R2022a/ARDUIN~1/ARDUIN~1/FASTER~1/libcore.a(UARTClass.o)
                              rtiostream_serial_daemon.o (UARTClass::available())
C:/Users/user/DOCUME~1/MATLAB/R2022a/ARDUIN~1/ARDUIN~1/FASTER~1/libcore.a(USARTClass.o)
                              io_wrappers.o (USARTClass::begin(unsigned long))
C:/Users/user/DOCUME~1/MATLAB/R2022a/ARDUIN~1/ARDUIN~1/FASTER~1/libcore.a(watchdog.o)
                              MW_ArduinoHWInit.o (watchdogDisable())
C:/Users/user/DOCUME~1/MATLAB/R2022a/ARDUIN~1/ARDUIN~1/FASTER~1/libcore.a(variant.o)
                              ert_main.o (init)
C:/Users/user/DOCUME~1/MATLAB/R2022a/ARDUIN~1/ARDUIN~1/FASTER~1/libcore.a(wiring_analog.o)
                              C:/Users/user/DOCUME~1/MATLAB/R2022a/ARDUIN~1/ARDUIN~1/FASTER~1/libcore.a(variant.o) (analogOutputInit)
C:/Users/user/DOCUME~1/MATLAB/R2022a/ARDUIN~1/ARDUIN~1/FASTER~1/libcore.a(abi.o)
                              C:/Users/user/DOCUME~1/MATLAB/R2022a/ARDUIN~1/ARDUIN~1/FASTER~1/libcore.a(UARTClass.o) (__cxa_pure_virtual)
C:/Users/user/DOCUME~1/MATLAB/R2022a/ARDUIN~1/ARDUIN~1/FASTER~1/libcore.a(Print.o)
                              C:/Users/user/DOCUME~1/MATLAB/R2022a/ARDUIN~1/ARDUIN~1/FASTER~1/libcore.a(UARTClass.o) (Print::write(unsigned char const*, unsigned int))
C:/Users/user/DOCUME~1/MATLAB/R2022a/ARDUIN~1/ARDUIN~1/FASTER~1/libcore.a(RingBuffer.o)
                              C:/Users/user/DOCUME~1/MATLAB/R2022a/ARDUIN~1/ARDUIN~1/FASTER~1/libcore.a(variant.o) (RingBuffer::RingBuffer())
C:/ProgramData/MATLAB/SupportPackages/R2022a/aIDE/portable/packages/arduino/hardware/sam/1.6.12/variants/arduino_due_x/libsam_sam3x8e_gcc_rel.a(pio.o)
                              C:/Users/user/DOCUME~1/MATLAB/R2022a/ARDUIN~1/ARDUIN~1/FASTER~1/libcore.a(wiring_digital.o) (PIO_PullUp)
C:/ProgramData/MATLAB/SupportPackages/R2022a/aIDE/portable/packages/arduino/hardware/sam/1.6.12/variants/arduino_due_x/libsam_sam3x8e_gcc_rel.a(pmc.o)
                              arduinoARMScheduler.o (pmc_enable_periph_clk)
C:/ProgramData/MATLAB/SupportPackages/R2022a/aIDE/portable/packages/arduino/hardware/sam/1.6.12/variants/arduino_due_x/libsam_sam3x8e_gcc_rel.a(pwmc.o)
                              C:/Users/user/DOCUME~1/MATLAB/R2022a/ARDUIN~1/ARDUIN~1/FASTER~1/libcore.a(wiring_analog.o) (PWMC_ConfigureChannel)
C:/ProgramData/MATLAB/SupportPackages/R2022a/aIDE/portable/packages/arduino/hardware/sam/1.6.12/variants/arduino_due_x/libsam_sam3x8e_gcc_rel.a(tc.o)
                              arduinoARMScheduler.o (TC_Configure)
C:/ProgramData/MATLAB/SupportPackages/R2022a/aIDE/portable/packages/arduino/hardware/sam/1.6.12/variants/arduino_due_x/libsam_sam3x8e_gcc_rel.a(timetick.o)
                              arm_m3_cortex_handler.o (TimeTick_Increment)
C:/ProgramData/MATLAB/SupportPackages/R2022a/aIDE/portable/packages/arduino/hardware/sam/1.6.12/variants/arduino_due_x/libsam_sam3x8e_gcc_rel.a(wdt.o)
                              C:/Users/user/DOCUME~1/MATLAB/R2022a/ARDUIN~1/ARDUIN~1/FASTER~1/libcore.a(watchdog.o) (WDT_Enable)
C:/ProgramData/MATLAB/SupportPackages/R2022a/aIDE/portable/packages/arduino/hardware/sam/1.6.12/variants/arduino_due_x/libsam_sam3x8e_gcc_rel.a(system_sam3xa.o)
                              C:/Users/user/DOCUME~1/MATLAB/R2022a/ARDUIN~1/ARDUIN~1/FASTER~1/libcore.a(variant.o) (SystemInit)
C:/ProgramData/MATLAB/SupportPackages/R2022a/aIDE/portable/packages/arduino/hardware/sam/1.6.12/variants/arduino_due_x/libsam_sam3x8e_gcc_rel.a(adc.o)
                              C:/Users/user/DOCUME~1/MATLAB/R2022a/ARDUIN~1/ARDUIN~1/FASTER~1/libcore.a(variant.o) (adc_init)
[...]
Memory Configuration

Name             Origin             Length             Attributes
rom              0x00080000         0x00080000         xr
sram0            0x20000000         0x00010000         xrw
sram1            0x20080000         0x00008000         xrw
ram              0x20070000         0x00018000         xrw
*default*        0x00000000         0xffffffff

Linker script and memory map

LOAD c:/programdata/matlab/supportpackages/r2022a/aide/portable/packages/arduino/tools/arm-none-eabi-gcc/4.8.3-2014q1/bin/../lib/gcc/arm-none-eabi/4.8.3/armv7-m/crti.o
LOAD c:/programdata/matlab/supportpackages/r2022a/aide/portable/packages/arduino/tools/arm-none-eabi-gcc/4.8.3-2014q1/bin/../lib/gcc/arm-none-eabi/4.8.3/armv7-m/crtbegin.o
LOAD c:/programdata/matlab/supportpackages/r2022a/aide/portable/packages/arduino/tools/arm-none-eabi-gcc/4.8.3-2014q1/bin/../lib/gcc/arm-none-eabi/4.8.3/../../../../arm-none-eabi/lib/armv7-m/crt0.o
START GROUP
LOAD C:/ProgramData/MATLAB/SupportPackages/R2022a/aIDE/portable/packages/arduino/hardware/sam/1.6.12/variants/arduino_due_x/libsam_sam3x8e_gcc_rel.a
LOAD xcp_ext_mode.o
LOAD dcmotor_transfer_func.o
LOAD dcmotor_transfer_func_data.o
LOAD xcp_ext_common.o
LOAD xcp_ext_classic_trigger.o
LOAD xcp.o
LOAD xcp_standard.o
LOAD xcp_daq.o
LOAD xcp_calibration.o
LOAD xcp_fifo.o
LOAD xcp_transport.o
LOAD xcp_mem_default.o
LOAD xcp_drv_rtiostream.o
LOAD xcp_frame_serial.o
LOAD xcp_ext_param_default_serial.o
LOAD arm_m3_cortex_handler.o
LOAD MW_ArduinoHWInit.o
LOAD io_wrappers.o
LOAD arduinoARMScheduler.o
LOAD m3m4m4f_multitasking.o
LOAD rtiostream_serial_daemon.o
LOAD sys_arch.o
LOAD ert_main.o
LOAD C:/Users/user/DOCUME~1/MATLAB/R2022a/ARDUIN~1/ARDUIN~1/FASTER~1/MW_RebuildSrc_Core.o
LOAD C:/Users/user/DOCUME~1/MATLAB/R2022a/ARDUIN~1/ARDUIN~1/FASTER~1/libcore.a
END GROUP
LOAD c:/programdata/matlab/supportpackages/r2022a/aide/portable/packages/arduino/tools/arm-none-eabi-gcc/4.8.3-2014q1/bin/../lib/gcc/arm-none-eabi/4.8.3/../../../../arm-none-eabi/lib/armv7-m\libm.a
LOAD C:/Users/user/DOCUME~1/MATLAB/R2022a/ARDUIN~1/ARDUIN~1/FASTER~1\libcore.a
START GROUP
LOAD c:/programdata/matlab/supportpackages/r2022a/aide/portable/packages/arduino/tools/arm-none-eabi-gcc/4.8.3-2014q1/bin/../lib/gcc/arm-none-eabi/4.8.3/armv7-m\libgcc.a
LOAD c:/programdata/matlab/supportpackages/r2022a/aide/portable/packages/arduino/tools/arm-none-eabi-gcc/4.8.3-2014q1/bin/../lib/gcc/arm-none-eabi/4.8.3/../../../../arm-none-eabi/lib/armv7-m\libg.a
LOAD c:/programdata/matlab/supportpackages/r2022a/aide/portable/packages/arduino/tools/arm-none-eabi-gcc/4.8.3-2014q1/bin/../lib/gcc/arm-none-eabi/4.8.3/../../../../arm-none-eabi/lib/armv7-m\libc.a
END GROUP
LOAD c:/programdata/matlab/supportpackages/r2022a/aide/portable/packages/arduino/tools/arm-none-eabi-gcc/4.8.3-2014q1/bin/../lib/gcc/arm-none-eabi/4.8.3/armv7-m/crtend.o
LOAD c:/programdata/matlab/supportpackages/r2022a/aide/portable/packages/arduino/tools/arm-none-eabi-gcc/4.8.3-2014q1/bin/../lib/gcc/arm-none-eabi/4.8.3/armv7-m/crtn.o

.text           0x00080000     0x86e8
                0x00080000                . = ALIGN (0x4)
                0x00080000                _sfixed = .
 *(.vectors .vectors.*)
 .vectors       0x00080000       0xf4 C:/ProgramData/MATLAB/SupportPackages/R2022a/aIDE/portable/packages/arduino/hardware/sam/1.6.12/variants/arduino_due_x/libsam_sam3x8e_gcc_rel.a(startup_sam3xa.o)
                0x00080000                exception_table
 *(.text .text.* .gnu.linkonce.t.*)
 .text          0x000800f4       0x54 c:/programdata/matlab/supportpackages/r2022a/aide/portable/packages/arduino/tools/arm-none-eabi-gcc/4.8.3-2014q1/bin/../lib/gcc/arm-none-eabi/4.8.3/armv7-m/crtbegin.o
 .text.Reset_Handler
                0x00080148       0x78 C:/ProgramData/MATLAB/SupportPackages/R2022a/aIDE/portable/packages/arduino/hardware/sam/1.6.12/variants/arduino_due_x/libsam_sam3x8e_gcc_rel.a(startup_sam3xa.o)
                0x00080148                Reset_Handler
 .text.UOTGHS_Handler
                0x000801c0       0x10 C:/ProgramData/MATLAB/SupportPackages/R2022a/aIDE/portable/packages/arduino/hardware/sam/1.6.12/variants/arduino_due_x/libsam_sam3x8e_gcc_rel.a(uotghs.o)
                0x000801c0                UOTGHS_Handler
 .text.extmodeParseArgs
                0x000801d0        0x4 xcp_ext_mode.o
                0x000801d0                extmodeParseArgs
 .text.extmodeInit
                0x000801d4       0x9c xcp_ext_mode.o
                0x000801d4                extmodeInit
 .text.extmodeWaitForHostRequest
                0x00080270       0x94 xcp_ext_mode.o
                0x00080270                extmodeWaitForHostRequest
 .text.extmodeEvent
                0x00080304       0x80 xcp_ext_mode.o
                0x00080304                extmodeEvent
 .text.extmodeBackgroundRun
                0x00080384        0x6 xcp_ext_mode.o
                0x00080384                extmodeBackgroundRun
 *fill*         0x0008038a        0x2 
 .text.extmodeReset
                0x0008038c       0x28 xcp_ext_mode.o
                0x0008038c                extmodeReset
 .text.extmodeStopRequested
                0x000803b4        0xc xcp_ext_mode.o
                0x000803b4                extmodeStopRequested
 .text.extmodeSimulationComplete
                0x000803c0        0xc xcp_ext_mode.o
                0x000803c0                extmodeSimulationComplete
 .text.dcmotor_transfer_func_derivatives
                0x000803cc       0x38 dcmotor_transfer_func.o
                0x000803cc                dcmotor_transfer_func_derivatives
 *fill*         0x00080404        0x4 
 .text.dcmotor_transfer_func_step
                0x00080408      0x318 dcmotor_transfer_func.o
                0x00080408                dcmotor_transfer_func_step
 .text.dcmotor_transfer_func_initialize
                0x00080720      0x120 dcmotor_transfer_func.o
                0x00080720                dcmotor_transfer_func_initialize
 .text.dcmotor_transfer_func_terminate
                0x00080840        0x2 dcmotor_transfer_func.o
                0x00080840                dcmotor_transfer_func_terminate
 *fill*         0x00080842        0x6 
 .text.xcpExtModeUpdateTime
                0x00080848       0xd8 xcp_ext_common.o
                0x00080848                xcpExtModeUpdateTime
 .text.xcpExtModeGetUpdatedTimestamp
                0x00080920       0x40 xcp_ext_common.o
                0x00080920                xcpExtModeGetUpdatedTimestamp
 .text.xcpExtModeInit
                0x00080960       0x40 xcp_ext_common.o
                0x00080960                xcpExtModeInit
 .text.xcpExtModeRunBackground
                0x000809a0       0x7a xcp_ext_common.o
                0x000809a0                xcpExtModeRunBackground
 *fill*         0x00080a1a        0x2 
 .text.xcpExtModeReset
                0x00080a1c       0xa0 xcp_ext_common.o
                0x00080a1c                xcpExtModeReset
 .text.xcpExtModeClassicTriggerInit
                0x00080abc       0x4c xcp_ext_classic_trigger.o
                0x00080abc                xcpExtModeClassicTriggerInit
 .text.xcpExtModeClassicTriggerEnabled
                0x00080b08      0x33c xcp_ext_classic_trigger.o
                0x00080b08                xcpExtModeClassicTriggerEnabled
 .text.xcpExtModeClassicTriggerReset
                0x00080e44       0xbc xcp_ext_classic_trigger.o
                0x00080e44                xcpExtModeClassicTriggerReset
 .text.xcpExtModeClassicTriggerForceEnableStatusUpdate
                0x00080f00       0x50 xcp_ext_classic_trigger.o
                0x00080f00                xcpExtModeClassicTriggerForceEnableStatusUpdate
 .text.unknownInputPacketHandler
                0x00080f50        0xa xcp.o
 .text.discardInputPacketHandler
                0x00080f5a       0x10 xcp.o
 .text.genericOutputPacketHandler
                0x00080f6a       0x64 xcp.o
                0x00080f6a                genericOutputPacketHandler
 *fill*         0x00080fce        0x2 
 .text.xcpStatusGet
                0x00080fd0        0xc xcp.o
                0x00080fd0                xcpStatusGet
 .text.xcpStatusSet
                0x00080fdc        0xc xcp.o
                0x00080fdc                xcpStatusSet
 .text.xcpSessionStatusGet
                0x00080fe8        0xc xcp.o
                0x00080fe8                xcpSessionStatusGet
 .text.xcpSessionStatusSetMask
                0x00080ff4       0x10 xcp.o
                0x00080ff4                xcpSessionStatusSetMask
 .text.xcpSessionStatusClearMask
                0x00081004       0x10 xcp.o
                0x00081004                xcpSessionStatusClearMask
 .text.xcpResourceProtectionStatusGet
                0x00081014        0xc xcp.o
                0x00081014                xcpResourceProtectionStatusGet
 .text.xcpSessionConfigurationIdGet
                0x00081020        0xc xcp.o
                0x00081020                xcpSessionConfigurationIdGet
 .text.xcpFindPacket
                0x0008102c       0x26 xcp.o
                0x0008102c                xcpFindPacket
 *fill*         0x00081052        0x2 
 .text.xcpInit  0x00081054       0x40 xcp.o
                0x00081054                xcpInit
 .text.xcpRun   0x00081094      0x18c xcp.o
                0x00081094                xcpRun
 .text.xcpEventExternalTimestamp
                0x00081220       0x18 xcp.o
                0x00081220                xcpEventExternalTimestamp
 .text.xcpGetStatus
                0x00081238        0xc xcp.o
                0x00081238                xcpGetStatus
 .text.xcpReset
                0x00081244       0x28 xcp.o
                0x00081244                xcpReset
 .text.xcpPackedModeEventsFlush
                0x0008126c        0x4 xcp.o
                0x0008126c                xcpPackedModeEventsFlush
 .text.xcpPackedModeEventReset
                0x00081270        0x8 xcp.o
                0x00081270                xcpPackedModeEventReset
 .text.getStatusInputPacketHandler
                0x00081278        0x8 xcp_standard.o
 .text.getPacket
                0x00081280        0xc xcp_standard.o
 .text.uploadInputPacketHandler
                0x0008128c       0x40 xcp_standard.o
 .text.synchInputPacketHandler
                0x000812cc       0x1c xcp_standard.o
 .text.getStatusOutputPacketHandler
                0x000812e8       0x26 xcp_standard.o
 .text.disconnectInputPacketHandler
                0x0008130e       0x22 xcp_standard.o
 .text.connectInputPacketHandler
                0x00081330       0x32 xcp_standard.o
 .text.connectOutputPacketHandler
                0x00081362       0x38 xcp_standard.o
 *fill*         0x0008139a        0x2 
 .text.xcpStandardInit
                0x0008139c       0x10 xcp_standard.o
                0x0008139c                xcpStandardInit
 .text.xcpStandardGetPacketLookup
                0x000813ac        0xc xcp_standard.o
                0x000813ac                xcpStandardGetPacketLookup
 .text.xcpStandardReset
                0x000813b8        0xc xcp_standard.o
                0x000813b8                xcpStandardReset
 .text.xcpStandardGetAddressFromMta
                0x000813c4        0xc xcp_standard.o
                0x000813c4                xcpStandardGetAddressFromMta
 .text.xcpStandardSetMta
                0x000813d0       0x14 xcp_standard.o
                0x000813d0                xcpStandardSetMta
 .text.shortUploadInputPacketHandler
                0x000813e4       0x40 xcp_standard.o
 .text.setMTAInputPacketHandler
                0x00081424       0x22 xcp_standard.o
 *fill*         0x00081446        0x2 
 .text.xcpStandardIncrementMta
                0x00081448       0x10 xcp_standard.o
                0x00081448                xcpStandardIncrementMta
 .text.shortUploadOutputPacketHandler
                0x00081458       0x44 xcp_standard.o
 .text.uploadOutputPacketHandler
                0x0008149c       0x44 xcp_standard.o
 .text.isActiveDaqList
                0x000814e0       0x1c xcp_daq.o
 .text.noActiveDaqLists
                0x000814fc       0x2c xcp_daq.o
 .text.isValidDaqPtr
                0x00081528       0x40 xcp_daq.o
 .text.isDaqPackedModeEnabled
                0x00081568       0x3c xcp_daq.o
 .text.setDaqPtrInputPacketHandler
                0x000815a4       0x48 xcp_daq.o
 .text.writeDaqInputPacketHandler
                0x000815ec       0x88 xcp_daq.o
 .text.setDaqListModeInputPacketHandler
                0x00081674       0x88 xcp_daq.o
 .text.getDaqProcessorInfoInputPacketHandler
                0x000816fc        0x8 xcp_daq.o
 .text.getDaqResolutionInfoInputPacketHandler
                0x00081704        0x8 xcp_daq.o
 .text.level1CommandInputPacketHandler
                0x0008170c       0x9c xcp_daq.o
 .text.getDaqResolutionInfoOutputPacketHandler
                0x000817a8       0x28 xcp_daq.o
 .text.getDaqProcessorInfoOutputPacketHandler
                0x000817d0       0x2a xcp_daq.o
 *fill*         0x000817fa        0x2 
 .text.getPacket
                0x000817fc        0xc xcp_daq.o
 .text.allocOdtEntryInputPacketHandler
                0x00081808       0x94 xcp_daq.o
 .text.allocOdtInputPacketHandler
                0x0008189c       0x88 xcp_daq.o
 .text.allocDaqInputPacketHandler
                0x00081924       0x98 xcp_daq.o
 .text.createDaqReservedPool
                0x000819bc       0x50 xcp_daq.o
 .text.startStopDaqListOutputPacketHandler
                0x00081a0c       0x28 xcp_daq.o
 .text.xcpDaqWriteLock.isra.2
                0x00081a34       0x28 xcp_daq.o
 .text.xcpDaqWriteUnlock.isra.3
                0x00081a5c        0xc xcp_daq.o
 .text.startStopDaqListInputPacketHandler
                0x00081a68      0x1c4 xcp_daq.o
 .text.startStopSynchInputPacketHandler
                0x00081c2c      0x150 xcp_daq.o
 .text.xcpDaqInit
                0x00081d7c       0x2c xcp_daq.o
                0x00081d7c                xcpDaqInit
 .text.xcpDaqGetPacketLookup
                0x00081da8        0xc xcp_daq.o
                0x00081da8                xcpDaqGetPacketLookup
 .text.xcpDaqEvent
                0x00081db4      0x29c xcp_daq.o
                0x00081db4                xcpDaqEvent
 .text.xcpDaqEventsFlush
                0x00082050       0xe8 xcp_daq.o
                0x00082050                xcpDaqEventsFlush
 .text.xcpDaqLock
                0x00082138        0x4 xcp_daq.o
                0x00082138                xcpDaqLock
 .text.xcpDaqUnlock
                0x0008213c        0x4 xcp_daq.o
                0x0008213c                xcpDaqUnlock
 .text.xcpResetDaqListStatus
                0x00082140       0xbc xcp_daq.o
                0x00082140                xcpResetDaqListStatus
 .text.freeDaqInputPacketHandler
                0x000821fc       0x22 xcp_daq.o
 *fill*         0x0008221e        0x2 
 .text.xcpDaqReset
                0x00082220       0x1c xcp_daq.o
                0x00082220                xcpDaqReset
 .text.getPacket
                0x0008223c        0xc xcp_calibration.o
 .text.shortDownloadInputPacketHandler
                0x00082248       0x4c xcp_calibration.o
 .text.downloadInputPacketHandler
                0x00082294       0x50 xcp_calibration.o
 .text.xcpCalibrationInit
                0x000822e4       0x10 xcp_calibration.o
                0x000822e4                xcpCalibrationInit
 .text.xcpCalibrationGetPacketLookup
                0x000822f4        0xc xcp_calibration.o
                0x000822f4                xcpCalibrationGetPacketLookup
 .text.xcpCalibrationReset
                0x00082300        0x2 xcp_calibration.o
                0x00082300                xcpCalibrationReset
 .text.xcpFifoInit
                0x00082302        0x8 xcp_fifo.o
                0x00082302                xcpFifoInit
 .text.xcpFifoEnqueue
                0x0008230a        0xc xcp_fifo.o
                0x0008230a                xcpFifoEnqueue
 .text.xcpFifoDequeue
                0x00082316       0x12 xcp_fifo.o
                0x00082316                xcpFifoDequeue
 .text.xcpFifoEnqueueHead
                0x00082328        0xc xcp_fifo.o
                0x00082328                xcpFifoEnqueueHead
 .text.xcpFifoReset
                0x00082334        0x8 xcp_fifo.o
                0x00082334                xcpFifoReset
 .text.xcpTransportEmptyTxFifo
                0x0008233c       0x40 xcp_transport.o
 .text.xcpTransportEmptyRxFifo
                0x0008237c       0x38 xcp_transport.o
 .text.xcpTransportTxReady
                0x000823b4        0x4 xcp_transport.o
                0x000823b4                xcpTransportTxReady
 .text.xcpTransportTxTrigger
                0x000823b8        0x4 xcp_transport.o
                0x000823b8                xcpTransportTxTrigger
 .text.xcpTransportTx
                0x000823bc       0x88 xcp_transport.o
                0x000823bc                xcpTransportTx
 .text.xcpTransportRx
                0x00082444       0x54 xcp_transport.o
                0x00082444                xcpTransportRx
 .text.xcpTransportPacketOffset
                0x00082498        0xa xcp_transport.o
                0x00082498                xcpTransportPacketOffset
 *fill*         0x000824a2        0x2 
 .text.xcpTransportTxPacketSet
                0x000824a4       0x8c xcp_transport.o
                0x000824a4                xcpTransportTxPacketSet
 .text.xcpTransportRxPacketGet
                0x00082530       0x80 xcp_transport.o
                0x00082530                xcpTransportRxPacketGet
 .text.xcpTransportMsgBufferSize
                0x000825b0       0x28 xcp_transport.o
                0x000825b0                xcpTransportMsgBufferSize
 .text.xcpTransportInit
                0x000825d8       0x7c xcp_transport.o
                0x000825d8                xcpTransportInit
 .text.xcpTransportMaxDtoSize
                0x00082654        0x4 xcp_transport.o
                0x00082654                xcpTransportMaxDtoSize
 .text.xcpTransportMaxCtoSize
                0x00082658        0x4 xcp_transport.o
                0x00082658                xcpTransportMaxCtoSize
 .text.xcpTransportRestart
                0x0008265c       0x16 xcp_transport.o
                0x0008265c                xcpTransportRestart
 .text.xcpTransportResynch
                0x00082672       0x12 xcp_transport.o
                0x00082672                xcpTransportResynch
 .text.xcpTransportCtoReservedMemPoolId
                0x00082684        0xc xcp_transport.o
                0x00082684                xcpTransportCtoReservedMemPoolId
 .text.xcpTransportReset
                0x00082690       0x54 xcp_transport.o
                0x00082690                xcpTransportReset
 .text.xcpInitializePoolMemoryArea
                0x000826e4       0x30 xcp_mem_default.o
 .text.xcpMemInit
                0x00082714       0x94 xcp_mem_default.o
                0x00082714                xcpMemInit
 .text.xcpMemAlloc
                0x000827a8       0x6c xcp_mem_default.o
                0x000827a8                xcpMemAlloc
 .text.xcpMemFree
                0x00082814       0x80 xcp_mem_default.o
                0x00082814                xcpMemFree
 .text.xcpMemReservedPoolCreate
                0x00082894       0xe0 xcp_mem_default.o
                0x00082894                xcpMemReservedPoolCreate
 .text.xcpMemReservedPoolDestroy
                0x00082974       0x88 xcp_mem_default.o
                0x00082974                xcpMemReservedPoolDestroy
 .text.xcpMemCustomPoolCreate
                0x000829fc       0x4c xcp_mem_default.o
                0x000829fc                xcpMemCustomPoolCreate
 .text.xcpMemCustomPoolDestroy
                0x00082a48       0x2c xcp_mem_default.o
                0x00082a48                xcpMemCustomPoolDestroy
 .text.xcpMemAllocFromPool
                0x00082a74       0x70 xcp_mem_default.o
                0x00082a74                xcpMemAllocFromPool
 .text.xcpMemReset
                0x00082ae4       0x48 xcp_mem_default.o
                0x00082ae4                xcpMemReset
 .text.xcpDrvOpen
                0x00082b2c       0x24 xcp_drv_rtiostream.o
                0x00082b2c                xcpDrvOpen
 .text.xcpDrvIoctl
                0x00082b50       0x14 xcp_drv_rtiostream.o
                0x00082b50                xcpDrvIoctl
 .text.xcpDrvSend
                0x00082b64       0x9c xcp_drv_rtiostream.o
                0x00082b64                xcpDrvSend
 .text.xcpDrvRecv
                0x00082c00       0x9c xcp_drv_rtiostream.o
                0x00082c00                xcpDrvRecv
 .text.xcpDrvClose
                0x00082c9c       0x28 xcp_drv_rtiostream.o
                0x00082c9c                xcpDrvClose
 .text.xcpSxiChecksum
                0x00082cc4       0x1a xcp_frame_serial.o
                0x00082cc4                xcpSxiChecksum
 *fill*         0x00082cde        0x2 
 .text.xcpFrameInit
                0x00082ce0       0x38 xcp_frame_serial.o
                0x00082ce0                xcpFrameInit
 .text.xcpFrameMsgSend
                0x00082d18       0x98 xcp_frame_serial.o
                0x00082d18                xcpFrameMsgSend
 .text.xcpFrameMsgRecv
                0x00082db0       0xb4 xcp_frame_serial.o
                0x00082db0                xcpFrameMsgRecv
 .text.xcpFrameCreateMsg
                0x00082e64       0x1c xcp_frame_serial.o
                0x00082e64                xcpFrameCreateMsg
 .text.xcpFrameExtractPacket
                0x00082e80       0x80 xcp_frame_serial.o
                0x00082e80                xcpFrameExtractPacket
 .text.xcpFrameHeaderSize
                0x00082f00        0x4 xcp_frame_serial.o
                0x00082f00                xcpFrameHeaderSize
 .text.xcpFrameTailSize
                0x00082f04        0x4 xcp_frame_serial.o
                0x00082f04                xcpFrameTailSize
 .text.xcpFrameMaxDtoSize
                0x00082f08        0x6 xcp_frame_serial.o
                0x00082f08                xcpFrameMaxDtoSize
 .text.xcpFrameMaxCtoSize
                0x00082f0e        0x4 xcp_frame_serial.o
                0x00082f0e                xcpFrameMaxCtoSize
 *fill*         0x00082f12        0x2 
 .text.xcpFrameRestart
                0x00082f14       0x1c xcp_frame_serial.o
                0x00082f14                xcpFrameRestart
 .text.xcpFrameSetCtoReservedMemPoolId
                0x00082f30        0xc xcp_frame_serial.o
                0x00082f30                xcpFrameSetCtoReservedMemPoolId
 .text.xcpFrameReset
                0x00082f3c       0x30 xcp_frame_serial.o
                0x00082f3c                xcpFrameReset
 .text.xcpTransportGetInitParameters
                0x00082f6c        0xc xcp_ext_param_default_serial.o
                0x00082f6c                xcpTransportGetInitParameters
 .text.xcpGetInitParameters
                0x00082f78        0xc xcp_ext_param_default_serial.o
                0x00082f78                xcpGetInitParameters
 .text.__halt   0x00082f84        0x2 arm_m3_cortex_handler.o
                0x00082f84                DACC_Handler
                0x00082f84                DebugMon_Handler
                0x00082f84                DMAC_Handler
                0x00082f84                TRNG_Handler
                0x00082f84                HardFault_Handler
                0x00082f84                TC2_Handler
                0x00082f84                TWI1_Handler
                0x00082f84                NMI_Handler
                0x00082f84                TC7_Handler
                0x00082f84                ADC_Handler
                0x00082f84                SMC_Handler
                0x00082f84                RTT_Handler
                0x00082f84                EFC1_Handler
                0x00082f84                PIOB_Handler
                0x00082f84                RTC_Handler
                0x00082f84                UsageFault_Handler
                0x00082f84                TC6_Handler
                0x00082f84                WDT_Handler
                0x00082f84                CAN0_Handler
                0x00082f84                TC4_Handler
                0x00082f84                TC1_Handler
                0x00082f84                HSMCI_Handler
                0x00082f84                TC3_Handler
                0x00082f84                TWI0_Handler
                0x00082f84                PIOA_Handler
                0x00082f84                SSC_Handler
                0x00082f84                EFC0_Handler
                0x00082f84                PMC_Handler
                0x00082f84                PWM_Handler
                0x00082f84                CAN1_Handler
                0x00082f84                MemManage_Handler
                0x00082f84                SUPC_Handler
                0x00082f84                USART2_Handler
                0x00082f84                PIOD_Handler
                0x00082f84                EMAC_Handler
                0x00082f84                PIOC_Handler
                0x00082f84                BusFault_Handler
                0x00082f84                RSTC_Handler
                0x00082f84                TC0_Handler
                0x00082f84                TC5_Handler
                0x00082f84                SPI0_Handler
 .text.SysTick_Handler
                0x00082f86       0x16 arm_m3_cortex_handler.o
                0x00082f86                SysTick_Handler
 .text.MW_Arduino_Init
                0x00082f9c       0x14 MW_ArduinoHWInit.o
                0x00082f9c                MW_Arduino_Init
 .text.MW_Arduino_Terminate
                0x00082fb0        0x2 MW_ArduinoHWInit.o
                0x00082fb0                MW_Arduino_Terminate
 *fill*         0x00082fb2        0x2 
 .text.Serial_begin
                0x00082fb4       0x34 io_wrappers.o
                0x00082fb4                Serial_begin
 .text._ZL13Scheduler_Isrv
                0x00082fe8       0x14 arduinoARMScheduler.o
 .text.TC8_Handler
                0x00082ffc       0x20 arduinoARMScheduler.o
                0x00082ffc                TC8_Handler
 .text.Setup_SchedulerTimer
                0x0008301c       0x84 arduinoARMScheduler.o
                0x0008301c                Setup_SchedulerTimer
 .text.configureArduinoARMTimer
                0x000830a0       0x3c arduinoARMScheduler.o
                0x000830a0                configureArduinoARMTimer
 .text.disable_rt_OneStep
                0x000830dc       0x14 arduinoARMScheduler.o
                0x000830dc                disable_rt_OneStep
 .text.MW_Arduino_Loop
                0x000830f0        0x4 arduinoARMScheduler.o
                0x000830f0                MW_Arduino_Loop
 .text.PendSV_Handler
                0x000830f4       0x3c m3m4m4f_multitasking.o
                0x000830f4                PendSV_Handler
 .text.SVC_Handler
                0x00083130       0x4c m3m4m4f_multitasking.o
                0x00083130                SVC_Handler
 .text.rtIOStreamResync
                0x0008317c        0xc rtiostream_serial_daemon.o
                0x0008317c                rtIOStreamResync
 .text.rtIOStreamSend
                0x00083188       0x1c rtiostream_serial_daemon.o
                0x00083188                rtIOStreamSend
 .text.rtIOStreamClose
                0x000831a4        0xe rtiostream_serial_daemon.o
                0x000831a4                rtIOStreamClose
 *fill*         0x000831b2        0x2 
 .text.rtIOStreamOpen
                0x000831b4       0x24 rtiostream_serial_daemon.o
                0x000831b4                rtIOStreamOpen
 .text.rtIOStreamRecv
                0x000831d8       0x5c rtiostream_serial_daemon.o
                0x000831d8                rtIOStreamRecv
 .text.sys_arch_protect
                0x00083234        0x8 sys_arch.o
                0x00083234                sys_arch_protect
 .text.sys_arch_unprotect
                0x0008323c        0x6 sys_arch.o
                0x0008323c                sys_arch_unprotect
 *fill*         0x00083242        0x2 
 .text.rt_OneStep
                0x00083244       0x30 ert_main.o
                0x00083244                rt_OneStep
 .text.startup.main
                0x00083274       0xfc ert_main.o
                0x00083274                main
 .text.__empty  0x00083370        0x2 C:/Users/user/DOCUME~1/MATLAB/R2022a/ARDUIN~1/ARDUIN~1/FASTER~1/libcore.a(hooks.o)
                0x00083370                yield
 .text.__false  0x00083372        0x4 C:/Users/user/DOCUME~1/MATLAB/R2022a/ARDUIN~1/ARDUIN~1/FASTER~1/libcore.a(hooks.o)
                0x00083372                sysTickHook
 *fill*         0x00083376        0x2 
 .text._sbrk    0x00083378       0x1c C:/Users/user/DOCUME~1/MATLAB/R2022a/ARDUIN~1/ARDUIN~1/FASTER~1/libcore.a(syscalls_sam3.o)
                0x00083378                _sbrk
 .text.link     0x00083394        0x6 C:/Users/user/DOCUME~1/MATLAB/R2022a/ARDUIN~1/ARDUIN~1/FASTER~1/libcore.a(syscalls_sam3.o)
                0x00083394                link
 .text._close   0x0008339a        0x6 C:/Users/user/DOCUME~1/MATLAB/R2022a/ARDUIN~1/ARDUIN~1/FASTER~1/libcore.a(syscalls_sam3.o)
                0x0008339a                _close
 .text._fstat   0x000833a0        0xa C:/Users/user/DOCUME~1/MATLAB/R2022a/ARDUIN~1/ARDUIN~1/FASTER~1/libcore.a(syscalls_sam3.o)
                0x000833a0                _fstat
 .text._isatty  0x000833aa        0x4 C:/Users/user/DOCUME~1/MATLAB/R2022a/ARDUIN~1/ARDUIN~1/FASTER~1/libcore.a(syscalls_sam3.o)
                0x000833aa                _isatty
 .text._lseek   0x000833ae        0x4 C:/Users/user/DOCUME~1/MATLAB/R2022a/ARDUIN~1/ARDUIN~1/FASTER~1/libcore.a(syscalls_sam3.o)
                0x000833ae                _lseek
 .text._read    0x000833b2        0x4 C:/Users/user/DOCUME~1/MATLAB/R2022a/ARDUIN~1/ARDUIN~1/FASTER~1/libcore.a(syscalls_sam3.o)
                0x000833b2                _read
 *fill*         0x000833b6        0x2 
 .text._write   0x000833b8       0x24 C:/Users/user/DOCUME~1/MATLAB/R2022a/ARDUIN~1/ARDUIN~1/FASTER~1/libcore.a(syscalls_sam3.o)
                0x000833b8                _write
 .text._exit    0x000833dc        0x2 C:/Users/user/DOCUME~1/MATLAB/R2022a/ARDUIN~1/ARDUIN~1/FASTER~1/libcore.a(syscalls_sam3.o)
                0x000833dc                _exit
 .text._kill    0x000833de        0x2 C:/Users/user/DOCUME~1/MATLAB/R2022a/ARDUIN~1/ARDUIN~1/FASTER~1/libcore.a(syscalls_sam3.o)
                0x000833de                _kill
 .text._getpid  0x000833e0        0x6 C:/Users/user/DOCUME~1/MATLAB/R2022a/ARDUIN~1/ARDUIN~1/FASTER~1/libcore.a(syscalls_sam3.o)
                0x000833e0                _getpid
 .text.delay    0x000833e6       0x1c C:/Users/user/DOCUME~1/MATLAB/R2022a/ARDUIN~1/ARDUIN~1/FASTER~1/libcore.a(wiring.o)
                0x000833e6                delay
 *fill*         0x00083402        0x2 
 .text.pinMode  0x00083404      0x108 C:/Users/user/DOCUME~1/MATLAB/R2022a/ARDUIN~1/ARDUIN~1/FASTER~1/libcore.a(wiring_digital.o)
                0x00083404                pinMode
 .text.digitalWrite
                0x0008350c       0x70 C:/Users/user/DOCUME~1/MATLAB/R2022a/ARDUIN~1/ARDUIN~1/FASTER~1/libcore.a(wiring_digital.o)
                0x0008350c                digitalWrite
 .text.tickReset
                0x0008357c       0x20 C:/Users/user/DOCUME~1/MATLAB/R2022a/ARDUIN~1/ARDUIN~1/FASTER~1/libcore.a(Reset.o)
                0x0008357c                tickReset
 .text._ZN9UARTClasscvbEv
                0x0008359c        0x4 C:/Users/user/DOCUME~1/MATLAB/R2022a/ARDUIN~1/ARDUIN~1/FASTER~1/libcore.a(UARTClass.o)
                0x0008359c                UARTClass::operator bool()
 .text._ZN9UARTClass9availableEv
                0x000835a0       0x12 C:/Users/user/DOCUME~1/MATLAB/R2022a/ARDUIN~1/ARDUIN~1/FASTER~1/libcore.a(UARTClass.o)
                0x000835a0                UARTClass::available()
 .text._ZN9UARTClass4peekEv
                0x000835b2       0x1c C:/Users/user/DOCUME~1/MATLAB/R2022a/ARDUIN~1/ARDUIN~1/FASTER~1/libcore.a(UARTClass.o)
                0x000835b2                UARTClass::peek()
 .text._ZN9UARTClass4readEv
                0x000835ce       0x2a C:/Users/user/DOCUME~1/MATLAB/R2022a/ARDUIN~1/ARDUIN~1/FASTER~1/libcore.a(UARTClass.o)
                0x000835ce                UARTClass::read()
 .text._ZN9UARTClass5flushEv
                0x000835f8       0x18 C:/Users/user/DOCUME~1/MATLAB/R2022a/ARDUIN~1/ARDUIN~1/FASTER~1/libcore.a(UARTClass.o)
                0x000835f8                UARTClass::flush()
 .text._ZN9UARTClass5writeEh
                0x00083610       0x54 C:/Users/user/DOCUME~1/MATLAB/R2022a/ARDUIN~1/ARDUIN~1/FASTER~1/libcore.a(UARTClass.o)
                0x00083610                UARTClass::write(unsigned char)
 .text._ZN9UARTClass3endEv
                0x00083664       0x3c C:/Users/user/DOCUME~1/MATLAB/R2022a/ARDUIN~1/ARDUIN~1/FASTER~1/libcore.a(UARTClass.o)
                0x00083664                UARTClass::end()
 .text._ZN9UARTClassC2EP4Uart4IRQnmP10RingBufferS4_
                0x000836a0       0x24 C:/Users/user/DOCUME~1/MATLAB/R2022a/ARDUIN~1/ARDUIN~1/FASTER~1/libcore.a(UARTClass.o)
                0x000836a0                UARTClass::UARTClass(Uart*, IRQn, unsigned long, RingBuffer*, RingBuffer*)
                0x000836a0                UARTClass::UARTClass(Uart*, IRQn, unsigned long, RingBuffer*, RingBuffer*)
 .text._ZN9UARTClass4initEmm
                0x000836c4       0x70 C:/Users/user/DOCUME~1/MATLAB/R2022a/ARDUIN~1/ARDUIN~1/FASTER~1/libcore.a(UARTClass.o)
                0x000836c4                UARTClass::init(unsigned long, unsigned long)
 .text._ZN9UARTClass5beginEm
                0x00083734        0x8 C:/Users/user/DOCUME~1/MATLAB/R2022a/ARDUIN~1/ARDUIN~1/FASTER~1/libcore.a(UARTClass.o)
                0x00083734                UARTClass::begin(unsigned long)
 .text._ZN9UARTClass10IrqHandlerEv
                0x0008373c       0x5a C:/Users/user/DOCUME~1/MATLAB/R2022a/ARDUIN~1/ARDUIN~1/FASTER~1/libcore.a(UARTClass.o)
                0x0008373c                UARTClass::IrqHandler()
 .text._ZN10USARTClass5beginEm
                0x00083796        0x8 C:/Users/user/DOCUME~1/MATLAB/R2022a/ARDUIN~1/ARDUIN~1/FASTER~1/libcore.a(USARTClass.o)
                0x00083796                USARTClass::begin(unsigned long)
 *fill*         0x0008379e        0x2 
 .text._ZN10USARTClassC2EP5Usart4IRQnmP10RingBufferS4_
                0x000837a0       0x24 C:/Users/user/DOCUME~1/MATLAB/R2022a/ARDUIN~1/ARDUIN~1/FASTER~1/libcore.a(USARTClass.o)
                0x000837a0                USARTClass::USARTClass(Usart*, IRQn, unsigned long, RingBuffer*, RingBuffer*)
                0x000837a0                USARTClass::USARTClass(Usart*, IRQn, unsigned long, RingBuffer*, RingBuffer*)
 .text._Z15watchdogDisablev
                0x000837c4        0xc C:/Users/user/DOCUME~1/MATLAB/R2022a/ARDUIN~1/ARDUIN~1/FASTER~1/libcore.a(watchdog.o)
                0x000837c4                watchdogDisable()
 .text.UART_Handler
                0x000837d0        0xc C:/Users/user/DOCUME~1/MATLAB/R2022a/ARDUIN~1/ARDUIN~1/FASTER~1/libcore.a(variant.o)
                0x000837d0                UART_Handler
 .text.USART0_Handler
                0x000837dc        0xc C:/Users/user/DOCUME~1/MATLAB/R2022a/ARDUIN~1/ARDUIN~1/FASTER~1/libcore.a(variant.o)
                0x000837dc                USART0_Handler
 .text.USART1_Handler
                0x000837e8        0xc C:/Users/user/DOCUME~1/MATLAB/R2022a/ARDUIN~1/ARDUIN~1/FASTER~1/libcore.a(variant.o)
                0x000837e8                USART1_Handler
 .text.USART3_Handler
                0x000837f4        0xc C:/Users/user/DOCUME~1/MATLAB/R2022a/ARDUIN~1/ARDUIN~1/FASTER~1/libcore.a(variant.o)
                0x000837f4                USART3_Handler
 .text.init     0x00083800      0x128 C:/Users/user/DOCUME~1/MATLAB/R2022a/ARDUIN~1/ARDUIN~1/FASTER~1/libcore.a(variant.o)
                0x00083800                init
 .text.startup._GLOBAL__sub_I_g_APinDescription
                0x00083928       0xd4 C:/Users/user/DOCUME~1/MATLAB/R2022a/ARDUIN~1/ARDUIN~1/FASTER~1/libcore.a(variant.o)
 .text.analogOutputInit
                0x000839fc        0x2 C:/Users/user/DOCUME~1/MATLAB/R2022a/ARDUIN~1/ARDUIN~1/FASTER~1/libcore.a(wiring_analog.o)
                0x000839fc                analogOutputInit
 .text._ZN5Print5writeEPKhj
                0x000839fe       0x22 C:/Users/user/DOCUME~1/MATLAB/R2022a/ARDUIN~1/ARDUIN~1/FASTER~1/libcore.a(Print.o)
                0x000839fe                Print::write(unsigned char const*, unsigned int)
 .text._ZN10RingBufferC2Ev
                0x00083a20       0x1a C:/Users/user/DOCUME~1/MATLAB/R2022a/ARDUIN~1/ARDUIN~1/FASTER~1/libcore.a(RingBuffer.o)
                0x00083a20                RingBuffer::RingBuffer()
                0x00083a20                RingBuffer::RingBuffer()
 .text._ZN10RingBuffer10store_charEh
                0x00083a3a       0x1e C:/Users/user/DOCUME~1/MATLAB/R2022a/ARDUIN~1/ARDUIN~1/FASTER~1/libcore.a(RingBuffer.o)
                0x00083a3a                RingBuffer::store_char(unsigned char)
 .text.PIO_PullUp
                0x00083a58        0xa C:/ProgramData/MATLAB/SupportPackages/R2022a/aIDE/portable/packages/arduino/hardware/sam/1.6.12/variants/arduino_due_x/libsam_sam3x8e_gcc_rel.a(pio.o)
                0x00083a58                PIO_PullUp
 .text.PIO_SetPeripheral
                0x00083a62       0x26 C:/ProgramData/MATLAB/SupportPackages/R2022a/aIDE/portable/packages/arduino/hardware/sam/1.6.12/variants/arduino_due_x/libsam_sam3x8e_gcc_rel.a(pio.o)
                0x00083a62                PIO_SetPeripheral
 .text.PIO_SetInput
                0x00083a88       0x26 C:/ProgramData/MATLAB/SupportPackages/R2022a/aIDE/portable/packages/arduino/hardware/sam/1.6.12/variants/arduino_due_x/libsam_sam3x8e_gcc_rel.a(pio.o)
                0x00083a88                PIO_SetInput
 .text.PIO_SetOutput
                0x00083aae       0x24 C:/ProgramData/MATLAB/SupportPackages/R2022a/aIDE/portable/packages/arduino/hardware/sam/1.6.12/variants/arduino_due_x/libsam_sam3x8e_gcc_rel.a(pio.o)
                0x00083aae                PIO_SetOutput
 *fill*         0x00083ad2        0x2 
 .text.PIO_Configure
                0x00083ad4       0x64 C:/ProgramData/MATLAB/SupportPackages/R2022a/aIDE/portable/packages/arduino/hardware/sam/1.6.12/variants/arduino_due_x/libsam_sam3x8e_gcc_rel.a(pio.o)
                0x00083ad4                PIO_Configure
 .text.PIO_GetOutputDataStatus
                0x00083b38       0x14 C:/ProgramData/MATLAB/SupportPackages/R2022a/aIDE/portable/packages/arduino/hardware/sam/1.6.12/variants/arduino_due_x/libsam_sam3x8e_gcc_rel.a(pio.o)
                0x00083b38                PIO_GetOutputDataStatus
 .text.pmc_enable_periph_clk
                0x00083b4c       0x44 C:/ProgramData/MATLAB/SupportPackages/R2022a/aIDE/portable/packages/arduino/hardware/sam/1.6.12/variants/arduino_due_x/libsam_sam3x8e_gcc_rel.a(pmc.o)
                0x00083b4c                pmc_enable_periph_clk
 .text.pmc_disable_periph_clk
                0x00083b90       0x40 C:/ProgramData/MATLAB/SupportPackages/R2022a/aIDE/portable/packages/arduino/hardware/sam/1.6.12/variants/arduino_due_x/libsam_sam3x8e_gcc_rel.a(pmc.o)
                0x00083b90                pmc_disable_periph_clk
 .text.pmc_set_writeprotect
                0x00083bd0       0x1c C:/ProgramData/MATLAB/SupportPackages/R2022a/aIDE/portable/packages/arduino/hardware/sam/1.6.12/variants/arduino_due_x/libsam_sam3x8e_gcc_rel.a(pmc.o)
                0x00083bd0                pmc_set_writeprotect
 .text.TC_Configure
                0x00083bec       0x38 C:/ProgramData/MATLAB/SupportPackages/R2022a/aIDE/portable/packages/arduino/hardware/sam/1.6.12/variants/arduino_due_x/libsam_sam3x8e_gcc_rel.a(tc.o)
                0x00083bec                TC_Configure
 .text.TC_Start
                0x00083c24       0x2c C:/ProgramData/MATLAB/SupportPackages/R2022a/aIDE/portable/packages/arduino/hardware/sam/1.6.12/variants/arduino_due_x/libsam_sam3x8e_gcc_rel.a(tc.o)
                0x00083c24                TC_Start
 .text.TC_GetStatus
                0x00083c50        0x8 C:/ProgramData/MATLAB/SupportPackages/R2022a/aIDE/portable/packages/arduino/hardware/sam/1.6.12/variants/arduino_due_x/libsam_sam3x8e_gcc_rel.a(tc.o)
                0x00083c50                TC_GetStatus
 .text.TC_SetRC
                0x00083c58        0x8 C:/ProgramData/MATLAB/SupportPackages/R2022a/aIDE/portable/packages/arduino/hardware/sam/1.6.12/variants/arduino_due_x/libsam_sam3x8e_gcc_rel.a(tc.o)
                0x00083c58                TC_SetRC
 .text.TimeTick_Increment
                0x00083c60       0x10 C:/ProgramData/MATLAB/SupportPackages/R2022a/aIDE/portable/packages/arduino/hardware/sam/1.6.12/variants/arduino_due_x/libsam_sam3x8e_gcc_rel.a(timetick.o)
                0x00083c60                TimeTick_Increment
 .text.GetTickCount
                0x00083c70        0xc C:/ProgramData/MATLAB/SupportPackages/R2022a/aIDE/portable/packages/arduino/hardware/sam/1.6.12/variants/arduino_due_x/libsam_sam3x8e_gcc_rel.a(timetick.o)
                0x00083c70                GetTickCount
 .text.WDT_Disable
                0x00083c7c        0x8 C:/ProgramData/MATLAB/SupportPackages/R2022a/aIDE/portable/packages/arduino/hardware/sam/1.6.12/variants/arduino_due_x/libsam_sam3x8e_gcc_rel.a(wdt.o)
                0x00083c7c                WDT_Disable
 .text.SystemInit
                0x00083c84       0x88 C:/ProgramData/MATLAB/SupportPackages/R2022a/aIDE/portable/packages/arduino/hardware/sam/1.6.12/variants/arduino_due_x/libsam_sam3x8e_gcc_rel.a(system_sam3xa.o)
                0x00083c84                SystemInit
 .text.adc_init
                0x00083d0c       0x98 C:/ProgramData/MATLAB/SupportPackages/R2022a/aIDE/portable/packages/arduino/hardware/sam/1.6.12/variants/arduino_due_x/libsam_sam3x8e_gcc_rel.a(adc.o)
                0x00083d0c                adc_init
 .text.adc_configure_trigger
                0x00083da4        0xe C:/ProgramData/MATLAB/SupportPackages/R2022a/aIDE/portable/packages/arduino/hardware/sam/1.6.12/variants/arduino_due_x/libsam_sam3x8e_gcc_rel.a(adc.o)
                0x00083da4                adc_configure_trigger
 .text.adc_configure_timing
                0x00083db2       0x1a C:/ProgramData/MATLAB/SupportPackages/R2022a/aIDE/portable/packages/arduino/hardware/sam/1.6.12/variants/arduino_due_x/libsam_sam3x8e_gcc_rel.a(adc.o)
                0x00083db2                adc_configure_timing
 .text.adc_disable_channel
                0x00083dcc        0xa C:/ProgramData/MATLAB/SupportPackages/R2022a/aIDE/portable/packages/arduino/hardware/sam/1.6.12/variants/arduino_due_x/libsam_sam3x8e_gcc_rel.a(adc.o)
                0x00083dcc                adc_disable_channel
 .text.adc_disable_all_channel
                0x00083dd6        0x8 C:/ProgramData/MATLAB/SupportPackages/R2022a/aIDE/portable/packages/arduino/hardware/sam/1.6.12/variants/arduino_due_x/libsam_sam3x8e_gcc_rel.a(adc.o)
                0x00083dd6                adc_disable_all_channel
 .text.adc_disable_interrupt
                0x00083dde        0x4 C:/ProgramData/MATLAB/SupportPackages/R2022a/aIDE/portable/packages/arduino/hardware/sam/1.6.12/variants/arduino_due_x/libsam_sam3x8e_gcc_rel.a(adc.o)
                0x00083dde                adc_disable_interrupt
 *fill*         0x00083de2        0x2 
 .text.__fpclassifyd
                0x00083de4       0x50 c:/programdata/matlab/supportpackages/r2022a/aide/portable/packages/arduino/tools/arm-none-eabi-gcc/4.8.3-2014q1/bin/../lib/gcc/arm-none-eabi/4.8.3/../../../../arm-none-eabi/lib/armv7-m\libm.a(lib_a-s_fpclassify.o)
                0x00083de4                __fpclassifyd
 .text.fmod     0x00083e34       0xb4 c:/programdata/matlab/supportpackages/r2022a/aide/portable/packages/arduino/tools/arm-none-eabi-gcc/4.8.3-2014q1/bin/../lib/gcc/arm-none-eabi/4.8.3/../../../../arm-none-eabi/lib/armv7-m\libm.a(lib_a-w_fmod.o)
                0x00083e34                fmod
 .text.__ieee754_fmod
                0x00083ee8      0x278 c:/programdata/matlab/supportpackages/r2022a/aide/portable/packages/arduino/tools/arm-none-eabi-gcc/4.8.3-2014q1/bin/../lib/gcc/arm-none-eabi/4.8.3/../../../../arm-none-eabi/lib/armv7-m\libm.a(lib_a-e_fmod.o)
                0x00083ee8                __ieee754_fmod
 .text.matherr  0x00084160        0x4 c:/programdata/matlab/supportpackages/r2022a/aide/portable/packages/arduino/tools/arm-none-eabi-gcc/4.8.3-2014q1/bin/../lib/gcc/arm-none-eabi/4.8.3/../../../../arm-none-eabi/lib/armv7-m\libm.a(lib_a-s_matherr.o)
                0x00084160                matherr
 .text          0x00084164      0x370 c:/programdata/matlab/supportpackages/r2022a/aide/portable/packages/arduino/tools/arm-none-eabi-gcc/4.8.3-2014q1/bin/../lib/gcc/arm-none-eabi/4.8.3/armv7-m\libgcc.a(_arm_addsubdf3.o)
                0x00084164                __aeabi_drsub
                0x0008416c                __aeabi_dsub
                0x0008416c                __subdf3
                0x00084170                __aeabi_dadd
                0x00084170                __adddf3
                0x000843e8                __floatunsidf
                0x000843e8                __aeabi_ui2d
                0x00084408                __floatsidf
                0x00084408                __aeabi_i2d
                0x0008442c                __aeabi_f2d
                0x0008442c                __extendsfdf2
                0x00084468                __floatundidf
                0x00084468                __aeabi_ul2d
                0x00084478                __floatdidf
                0x00084478                __aeabi_l2d
 .text          0x000844d4      0x424 c:/programdata/matlab/supportpackages/r2022a/aide/portable/packages/arduino/tools/arm-none-eabi-gcc/4.8.3-2014q1/bin/../lib/gcc/arm-none-eabi/4.8.3/armv7-m\libgcc.a(_arm_muldivdf3.o)
                0x000844d4                __aeabi_dmul
                0x000844d4                __muldf3
                0x00084728                __divdf3
                0x00084728                __aeabi_ddiv
 .text          0x000848f8      0x110 c:/programdata/matlab/supportpackages/r2022a/aide/portable/packages/arduino/tools/arm-none-eabi-gcc/4.8.3-2014q1/bin/../lib/gcc/arm-none-eabi/4.8.3/armv7-m\libgcc.a(_arm_cmpdf2.o)
                0x000848f8                __gtdf2
                0x000848f8                __gedf2
                0x00084900                __ltdf2
                0x00084900                __ledf2
                0x00084908                __nedf2
                0x00084908                __eqdf2
                0x00084908                __cmpdf2
                0x00084984                __aeabi_cdrcmple
                0x00084994                __aeabi_cdcmpeq
                0x00084994                __aeabi_cdcmple
                0x000849a4                __aeabi_dcmpeq
                0x000849b8                __aeabi_dcmplt
                0x000849cc                __aeabi_dcmple
                0x000849e0                __aeabi_dcmpge
                0x000849f4                __aeabi_dcmpgt
 .text          0x00084a08       0x40 c:/programdata/matlab/supportpackages/r2022a/aide/portable/packages/arduino/tools/arm-none-eabi-gcc/4.8.3-2014q1/bin/../lib/gcc/arm-none-eabi/4.8.3/armv7-m\libgcc.a(_arm_fixunsdfsi.o)
                0x00084a08                __aeabi_d2uiz
                0x00084a08                __fixunsdfsi
 .text.__assert_func
                0x00084a48       0x3c c:/programdata/matlab/supportpackages/r2022a/aide/portable/packages/arduino/tools/arm-none-eabi-gcc/4.8.3-2014q1/bin/../lib/gcc/arm-none-eabi/4.8.3/../../../../arm-none-eabi/lib/armv7-m\libg.a(lib_a-assert.o)
                0x00084a48                __assert_func
 .text.__errno  0x00084a84        0xc c:/programdata/matlab/supportpackages/r2022a/aide/portable/packages/arduino/tools/arm-none-eabi-gcc/4.8.3-2014q1/bin/../lib/gcc/arm-none-eabi/4.8.3/../../../../arm-none-eabi/lib/armv7-m\libg.a(lib_a-errno.o)
                0x00084a84                __errno
 .text.fiprintf
                0x00084a90       0x28 c:/programdata/matlab/supportpackages/r2022a/aide/portable/packages/arduino/tools/arm-none-eabi-gcc/4.8.3-2014q1/bin/../lib/gcc/arm-none-eabi/4.8.3/../../../../arm-none-eabi/lib/armv7-m\libg.a(lib_a-fiprintf.o)
                0x00084a90                fiprintf
 .text.__libc_init_array
                0x00084ab8       0x50 c:/programdata/matlab/supportpackages/r2022a/aide/portable/packages/arduino/tools/arm-none-eabi-gcc/4.8.3-2014q1/bin/../lib/gcc/arm-none-eabi/4.8.3/../../../../arm-none-eabi/lib/armv7-m\libg.a(lib_a-init.o)
                0x00084ab8                __libc_init_array
 .text          0x00084b08       0xec c:/programdata/matlab/supportpackages/r2022a/aide/portable/packages/arduino/tools/arm-none-eabi-gcc/4.8.3-2014q1/bin/../lib/gcc/arm-none-eabi/4.8.3/../../../../arm-none-eabi/lib/armv7-m\libg.a(lib_a-memcpy.o)
                0x00084b08                memcpy
 .text.memset   0x00084bf4       0x94 c:/programdata/matlab/supportpackages/r2022a/aide/portable/packages/arduino/tools/arm-none-eabi-gcc/4.8.3-2014q1/bin/../lib/gcc/arm-none-eabi/4.8.3/../../../../arm-none-eabi/lib/armv7-m\libg.a(lib_a-memset.o)
                0x00084bf4                memset
 .text.strlen   0x00084c88       0x60 c:/programdata/matlab/supportpackages/r2022a/aide/portable/packages/arduino/tools/arm-none-eabi-gcc/4.8.3-2014q1/bin/../lib/gcc/arm-none-eabi/4.8.3/../../../../arm-none-eabi/lib/armv7-m\libg.a(lib_a-strlen.o)
                0x00084c88                strlen
 .text.kill     0x00084ce8       0x10 c:/programdata/matlab/supportpackages/r2022a/aide/portable/packages/arduino/tools/arm-none-eabi-gcc/4.8.3-2014q1/bin/../lib/gcc/arm-none-eabi/4.8.3/../../../../arm-none-eabi/lib/armv7-m\libg.a(lib_a-syskill.o)
                0x00084ce8                kill
 .text.__sprint_r.part.0
                0x00084cf8       0x78 c:/programdata/matlab/supportpackages/r2022a/aide/portable/packages/arduino/tools/arm-none-eabi-gcc/4.8.3-2014q1/bin/../lib/gcc/arm-none-eabi/4.8.3/../../../../arm-none-eabi/lib/armv7-m\libg.a(lib_a-vfiprintf.o)
 .text._vfiprintf_r
                0x00084d70      0xc54 c:/programdata/matlab/supportpackages/r2022a/aide/portable/packages/arduino/tools/arm-none-eabi-gcc/4.8.3-2014q1/bin/../lib/gcc/arm-none-eabi/4.8.3/../../../../arm-none-eabi/lib/armv7-m\libg.a(lib_a-vfiprintf.o)
                0x00084d70                _vfiprintf_r
 .text.__sbprintf
                0x000859c4       0x7c c:/programdata/matlab/supportpackages/r2022a/aide/portable/packages/arduino/tools/arm-none-eabi-gcc/4.8.3-2014q1/bin/../lib/gcc/arm-none-eabi/4.8.3/../../../../arm-none-eabi/lib/armv7-m\libg.a(lib_a-vfiprintf.o)
 .text.__swsetup_r
                0x00085a40       0xc4 c:/programdata/matlab/supportpackages/r2022a/aide/portable/packages/arduino/tools/arm-none-eabi-gcc/4.8.3-2014q1/bin/../lib/gcc/arm-none-eabi/4.8.3/../../../../arm-none-eabi/lib/armv7-m\libg.a(lib_a-wsetup.o)
                0x00085a40                __swsetup_r
 .text.startup.register_fini
                0x00085b04       0x14 c:/programdata/matlab/supportpackages/r2022a/aide/portable/packages/arduino/tools/arm-none-eabi-gcc/4.8.3-2014q1/bin/../lib/gcc/arm-none-eabi/4.8.3/../../../../arm-none-eabi/lib/armv7-m\libg.a(lib_a-__call_atexit.o)
 .text.abort    0x00085b18       0x10 c:/programdata/matlab/supportpackages/r2022a/aide/portable/packages/arduino/tools/arm-none-eabi-gcc/4.8.3-2014q1/bin/../lib/gcc/arm-none-eabi/4.8.3/../../../../arm-none-eabi/lib/armv7-m\libg.a(lib_a-abort.o)
                0x00085b18                abort
 .text.atexit   0x00085b28        0xc c:/programdata/matlab/supportpackages/r2022a/aide/portable/packages/arduino/tools/arm-none-eabi-gcc/4.8.3-2014q1/bin/../lib/gcc/arm-none-eabi/4.8.3/../../../../arm-none-eabi/lib/armv7-m\libg.a(lib_a-atexit.o)
                0x00085b28                atexit
 .text.__sflush_r
                0x00085b34      0x148 c:/programdata/matlab/supportpackages/r2022a/aide/portable/packages/arduino/tools/arm-none-eabi-gcc/4.8.3-2014q1/bin/../lib/gcc/arm-none-eabi/4.8.3/../../../../arm-none-eabi/lib/armv7-m\libg.a(lib_a-fflush.o)
                0x00085b34                __sflush_r
 .text._fflush_r
                0x00085c7c       0x2c c:/programdata/matlab/supportpackages/r2022a/aide/portable/packages/arduino/tools/arm-none-eabi-gcc/4.8.3-2014q1/bin/../lib/gcc/arm-none-eabi/4.8.3/../../../../arm-none-eabi/lib/armv7-m\libg.a(lib_a-fflush.o)
                0x00085c7c                _fflush_r
 .text._cleanup_r
                0x00085ca8        0xc c:/programdata/matlab/supportpackages/r2022a/aide/portable/packages/arduino/tools/arm-none-eabi-gcc/4.8.3-2014q1/bin/../lib/gcc/arm-none-eabi/4.8.3/../../../../arm-none-eabi/lib/armv7-m\libg.a(lib_a-findfp.o)
                0x00085ca8                _cleanup_r
 .text.__sinit  0x00085cb4       0xf4 c:/programdata/matlab/supportpackages/r2022a/aide/portable/packages/arduino/tools/arm-none-eabi-gcc/4.8.3-2014q1/bin/../lib/gcc/arm-none-eabi/4.8.3/../../../../arm-none-eabi/lib/armv7-m\libg.a(lib_a-findfp.o)
                0x00085cb4                __sinit
 .text.__sfp_lock_acquire
                0x00085da8        0x4 c:/programdata/matlab/supportpackages/r2022a/aide/portable/packages/arduino/tools/arm-none-eabi-gcc/4.8.3-2014q1/bin/../lib/gcc/arm-none-eabi/4.8.3/../../../../arm-none-eabi/lib/armv7-m\libg.a(lib_a-findfp.o)
                0x00085da8                __sfp_lock_acquire
 .text.__sfp_lock_release
                0x00085dac        0x4 c:/programdata/matlab/supportpackages/r2022a/aide/portable/packages/arduino/tools/arm-none-eabi-gcc/4.8.3-2014q1/bin/../lib/gcc/arm-none-eabi/4.8.3/../../../../arm-none-eabi/lib/armv7-m\libg.a(lib_a-findfp.o)
                0x00085dac                __sfp_lock_release
 .text.__libc_fini_array
                0x00085db0       0x30 c:/programdata/matlab/supportpackages/r2022a/aide/portable/packages/arduino/tools/arm-none-eabi-gcc/4.8.3-2014q1/bin/../lib/gcc/arm-none-eabi/4.8.3/../../../../arm-none-eabi/lib/armv7-m\libg.a(lib_a-fini.o)
                0x00085db0                __libc_fini_array
 .text._fputwc_r
                0x00085de0       0xc0 c:/programdata/matlab/supportpackages/r2022a/aide/portable/packages/arduino/tools/arm-none-eabi-gcc/4.8.3-2014q1/bin/../lib/gcc/arm-none-eabi/4.8.3/../../../../arm-none-eabi/lib/armv7-m\libg.a(lib_a-fputwc.o)
                0x00085de0                _fputwc_r
 .text._malloc_trim_r
                0x00085ea0       0x9c c:/programdata/matlab/supportpackages/r2022a/aide/portable/packages/arduino/tools/arm-none-eabi-gcc/4.8.3-2014q1/bin/../lib/gcc/arm-none-eabi/4.8.3/../../../../arm-none-eabi/lib/armv7-m\libg.a(lib_a-freer.o)
                0x00085ea0                _malloc_trim_r
 .text._free_r  0x00085f3c      0x198 c:/programdata/matlab/supportpackages/r2022a/aide/portable/packages/arduino/tools/arm-none-eabi-gcc/4.8.3-2014q1/bin/../lib/gcc/arm-none-eabi/4.8.3/../../../../arm-none-eabi/lib/armv7-m\libg.a(lib_a-freer.o)
                0x00085f3c                _free_r
 .text.__sfvwrite_r
                0x000860d4      0x314 c:/programdata/matlab/supportpackages/r2022a/aide/portable/packages/arduino/tools/arm-none-eabi-gcc/4.8.3-2014q1/bin/../lib/gcc/arm-none-eabi/4.8.3/../../../../arm-none-eabi/lib/armv7-m\libg.a(lib_a-fvwrite.o)
                0x000860d4                __sfvwrite_r
 .text._fwalk   0x000863e8       0x48 c:/programdata/matlab/supportpackages/r2022a/aide/portable/packages/arduino/tools/arm-none-eabi-gcc/4.8.3-2014q1/bin/../lib/gcc/arm-none-eabi/4.8.3/../../../../arm-none-eabi/lib/armv7-m\libg.a(lib_a-fwalk.o)
                0x000863e8                _fwalk
 .text.__locale_charset
                0x00086430        0x8 c:/programdata/matlab/supportpackages/r2022a/aide/portable/packages/arduino/tools/arm-none-eabi-gcc/4.8.3-2014q1/bin/../lib/gcc/arm-none-eabi/4.8.3/../../../../arm-none-eabi/lib/armv7-m\libg.a(lib_a-locale.o)
                0x00086430                __locale_charset
 .text.__locale_mb_cur_max
                0x00086438        0xc c:/programdata/matlab/supportpackages/r2022a/aide/portable/packages/arduino/tools/arm-none-eabi-gcc/4.8.3-2014q1/bin/../lib/gcc/arm-none-eabi/4.8.3/../../../../arm-none-eabi/lib/armv7-m\libg.a(lib_a-locale.o)
                0x00086438                __locale_mb_cur_max
 .text.__smakebuf_r
                0x00086444       0xe0 c:/programdata/matlab/supportpackages/r2022a/aide/portable/packages/arduino/tools/arm-none-eabi-gcc/4.8.3-2014q1/bin/../lib/gcc/arm-none-eabi/4.8.3/../../../../arm-none-eabi/lib/armv7-m\libg.a(lib_a-makebuf.o)
                0x00086444                __smakebuf_r
 .text._malloc_r
                0x00086524      0x538 c:/programdata/matlab/supportpackages/r2022a/aide/portable/packages/arduino/tools/arm-none-eabi-gcc/4.8.3-2014q1/bin/../lib/gcc/arm-none-eabi/4.8.3/../../../../arm-none-eabi/lib/armv7-m\libg.a(lib_a-mallocr.o)
                0x00086524                _malloc_r
 .text.memchr   0x00086a5c       0x94 c:/programdata/matlab/supportpackages/r2022a/aide/portable/packages/arduino/tools/arm-none-eabi-gcc/4.8.3-2014q1/bin/../lib/gcc/arm-none-eabi/4.8.3/../../../../arm-none-eabi/lib/armv7-m\libg.a(lib_a-memchr-stub.o)
                0x00086a5c                memchr
 .text.memmove  0x00086af0       0xcc c:/programdata/matlab/supportpackages/r2022a/aide/portable/packages/arduino/tools/arm-none-eabi-gcc/4.8.3-2014q1/bin/../lib/gcc/arm-none-eabi/4.8.3/../../../../arm-none-eabi/lib/armv7-m\libg.a(lib_a-memmove.o)
                0x00086af0                memmove
 .text.__malloc_lock
                0x00086bbc        0x4 c:/programdata/matlab/supportpackages/r2022a/aide/portable/packages/arduino/tools/arm-none-eabi-gcc/4.8.3-2014q1/bin/../lib/gcc/arm-none-eabi/4.8.3/../../../../arm-none-eabi/lib/armv7-m\libg.a(lib_a-mlock.o)
                0x00086bbc                __malloc_lock
 .text.__malloc_unlock
                0x00086bc0        0x4 c:/programdata/matlab/supportpackages/r2022a/aide/portable/packages/arduino/tools/arm-none-eabi-gcc/4.8.3-2014q1/bin/../lib/gcc/arm-none-eabi/4.8.3/../../../../arm-none-eabi/lib/armv7-m\libg.a(lib_a-mlock.o)
                0x00086bc0                __malloc_unlock
 .text._realloc_r
                0x00086bc4      0x3c0 c:/programdata/matlab/supportpackages/r2022a/aide/portable/packages/arduino/tools/arm-none-eabi-gcc/4.8.3-2014q1/bin/../lib/gcc/arm-none-eabi/4.8.3/../../../../arm-none-eabi/lib/armv7-m\libg.a(lib_a-reallocr.o)
                0x00086bc4                _realloc_r
 .text._sbrk_r  0x00086f84       0x24 c:/programdata/matlab/supportpackages/r2022a/aide/portable/packages/arduino/tools/arm-none-eabi-gcc/4.8.3-2014q1/bin/../lib/gcc/arm-none-eabi/4.8.3/../../../../arm-none-eabi/lib/armv7-m\libg.a(lib_a-sbrkr.o)
                0x00086f84                _sbrk_r
 .text._raise_r
                0x00086fa8       0x58 c:/programdata/matlab/supportpackages/r2022a/aide/portable/packages/arduino/tools/arm-none-eabi-gcc/4.8.3-2014q1/bin/../lib/gcc/arm-none-eabi/4.8.3/../../../../arm-none-eabi/lib/armv7-m\libg.a(lib_a-signal.o)
                0x00086fa8                _raise_r
 .text.raise    0x00087000       0x10 c:/programdata/matlab/supportpackages/r2022a/aide/portable/packages/arduino/tools/arm-none-eabi-gcc/4.8.3-2014q1/bin/../lib/gcc/arm-none-eabi/4.8.3/../../../../arm-none-eabi/lib/armv7-m\libg.a(lib_a-signal.o)
                0x00087000                raise
 .text._kill_r  0x00087010       0x28 c:/programdata/matlab/supportpackages/r2022a/aide/portable/packages/arduino/tools/arm-none-eabi-gcc/4.8.3-2014q1/bin/../lib/gcc/arm-none-eabi/4.8.3/../../../../arm-none-eabi/lib/armv7-m\libg.a(lib_a-signalr.o)
                0x00087010                _kill_r
 .text._getpid_r
                0x00087038        0x4 c:/programdata/matlab/supportpackages/r2022a/aide/portable/packages/arduino/tools/arm-none-eabi-gcc/4.8.3-2014q1/bin/../lib/gcc/arm-none-eabi/4.8.3/../../../../arm-none-eabi/lib/armv7-m\libg.a(lib_a-signalr.o)
                0x00087038                _getpid_r
 .text.__sread  0x0008703c       0x24 c:/programdata/matlab/supportpackages/r2022a/aide/portable/packages/arduino/tools/arm-none-eabi-gcc/4.8.3-2014q1/bin/../lib/gcc/arm-none-eabi/4.8.3/../../../../arm-none-eabi/lib/armv7-m\libg.a(lib_a-stdio.o)
                0x0008703c                __sread
 .text.__swrite
                0x00087060       0x38 c:/programdata/matlab/supportpackages/r2022a/aide/portable/packages/arduino/tools/arm-none-eabi-gcc/4.8.3-2014q1/bin/../lib/gcc/arm-none-eabi/4.8.3/../../../../arm-none-eabi/lib/armv7-m\libg.a(lib_a-stdio.o)
                0x00087060                __swrite
 .text.__sseek  0x00087098       0x20 c:/programdata/matlab/supportpackages/r2022a/aide/portable/packages/arduino/tools/arm-none-eabi-gcc/4.8.3-2014q1/bin/../lib/gcc/arm-none-eabi/4.8.3/../../../../arm-none-eabi/lib/armv7-m\libg.a(lib_a-stdio.o)
                0x00087098                __sseek
 .text.__sclose
                0x000870b8        0x8 c:/programdata/matlab/supportpackages/r2022a/aide/portable/packages/arduino/tools/arm-none-eabi-gcc/4.8.3-2014q1/bin/../lib/gcc/arm-none-eabi/4.8.3/../../../../arm-none-eabi/lib/armv7-m\libg.a(lib_a-stdio.o)
                0x000870b8                __sclose
 .text.__swbuf_r
                0x000870c0       0xa8 c:/programdata/matlab/supportpackages/r2022a/aide/portable/packages/arduino/tools/arm-none-eabi-gcc/4.8.3-2014q1/bin/../lib/gcc/arm-none-eabi/4.8.3/../../../../arm-none-eabi/lib/armv7-m\libg.a(lib_a-wbuf.o)
                0x000870c0                __swbuf_r
 .text._wcrtomb_r
                0x00087168       0x50 c:/programdata/matlab/supportpackages/r2022a/aide/portable/packages/arduino/tools/arm-none-eabi-gcc/4.8.3-2014q1/bin/../lib/gcc/arm-none-eabi/4.8.3/../../../../arm-none-eabi/lib/armv7-m\libg.a(lib_a-wcrtomb.o)
                0x00087168                _wcrtomb_r
 .text.__ascii_wctomb
                0x000871b8       0x1c c:/programdata/matlab/supportpackages/r2022a/aide/portable/packages/arduino/tools/arm-none-eabi-gcc/4.8.3-2014q1/bin/../lib/gcc/arm-none-eabi/4.8.3/../../../../arm-none-eabi/lib/armv7-m\libg.a(lib_a-wctomb_r.o)
                0x000871b8                __ascii_wctomb
 .text._write_r
                0x000871d4       0x28 c:/programdata/matlab/supportpackages/r2022a/aide/portable/packages/arduino/tools/arm-none-eabi-gcc/4.8.3-2014q1/bin/../lib/gcc/arm-none-eabi/4.8.3/../../../../arm-none-eabi/lib/armv7-m\libg.a(lib_a-writer.o)
                0x000871d4                _write_r
 .text.__register_exitproc
                0x000871fc       0xa8 c:/programdata/matlab/supportpackages/r2022a/aide/portable/packages/arduino/tools/arm-none-eabi-gcc/4.8.3-2014q1/bin/../lib/gcc/arm-none-eabi/4.8.3/../../../../arm-none-eabi/lib/armv7-m\libg.a(lib_a-__atexit.o)
                0x000871fc                __register_exitproc
 .text._close_r
                0x000872a4       0x24 c:/programdata/matlab/supportpackages/r2022a/aide/portable/packages/arduino/tools/arm-none-eabi-gcc/4.8.3-2014q1/bin/../lib/gcc/arm-none-eabi/4.8.3/../../../../arm-none-eabi/lib/armv7-m\libg.a(lib_a-closer.o)
                0x000872a4                _close_r
 .text._fclose_r
                0x000872c8       0x80 c:/programdata/matlab/supportpackages/r2022a/aide/portable/packages/arduino/tools/arm-none-eabi-gcc/4.8.3-2014q1/bin/../lib/gcc/arm-none-eabi/4.8.3/../../../../arm-none-eabi/lib/armv7-m\libg.a(lib_a-fclose.o)
                0x000872c8                _fclose_r
 .text.fclose   0x00087348       0x10 c:/programdata/matlab/supportpackages/r2022a/aide/portable/packages/arduino/tools/arm-none-eabi-gcc/4.8.3-2014q1/bin/../lib/gcc/arm-none-eabi/4.8.3/../../../../arm-none-eabi/lib/armv7-m\libg.a(lib_a-fclose.o)
                0x00087348                fclose
 .text._fstat_r
                0x00087358       0x28 c:/programdata/matlab/supportpackages/r2022a/aide/portable/packages/arduino/tools/arm-none-eabi-gcc/4.8.3-2014q1/bin/../lib/gcc/arm-none-eabi/4.8.3/../../../../arm-none-eabi/lib/armv7-m\libg.a(lib_a-fstatr.o)
                0x00087358                _fstat_r
 .text._isatty_r
                0x00087380       0x24 c:/programdata/matlab/supportpackages/r2022a/aide/portable/packages/arduino/tools/arm-none-eabi-gcc/4.8.3-2014q1/bin/../lib/gcc/arm-none-eabi/4.8.3/../../../../arm-none-eabi/lib/armv7-m\libg.a(lib_a-isattyr.o)
                0x00087380                _isatty_r
 .text._lseek_r
                0x000873a4       0x28 c:/programdata/matlab/supportpackages/r2022a/aide/portable/packages/arduino/tools/arm-none-eabi-gcc/4.8.3-2014q1/bin/../lib/gcc/arm-none-eabi/4.8.3/../../../../arm-none-eabi/lib/armv7-m\libg.a(lib_a-lseekr.o)
                0x000873a4                _lseek_r
 .text._read_r  0x000873cc       0x28 c:/programdata/matlab/supportpackages/r2022a/aide/portable/packages/arduino/tools/arm-none-eabi-gcc/4.8.3-2014q1/bin/../lib/gcc/arm-none-eabi/4.8.3/../../../../arm-none-eabi/lib/armv7-m\libg.a(lib_a-readr.o)
                0x000873cc                _read_r
 .text          0x000873f4       0x2c c:/programdata/matlab/supportpackages/r2022a/aide/portable/packages/arduino/tools/arm-none-eabi-gcc/4.8.3-2014q1/bin/../lib/gcc/arm-none-eabi/4.8.3/armv7-m\libgcc.a(_aeabi_uldivmod.o)
                0x000873f4                __aeabi_uldivmod
 .text          0x00087420       0x60 c:/programdata/matlab/supportpackages/r2022a/aide/portable/packages/arduino/tools/arm-none-eabi-gcc/4.8.3-2014q1/bin/../lib/gcc/arm-none-eabi/4.8.3/armv7-m\libgcc.a(bpabi.o)
                0x00087420                __gnu_ldivmod_helper
                0x00087450                __gnu_uldivmod_helper
 .text          0x00087480        0x4 c:/programdata/matlab/supportpackages/r2022a/aide/portable/packages/arduino/tools/arm-none-eabi-gcc/4.8.3-2014q1/bin/../lib/gcc/arm-none-eabi/4.8.3/armv7-m\libgcc.a(_dvmd_tls.o)
                0x00087480                __aeabi_idiv0
                0x00087480                __aeabi_ldiv0
 .text          0x00087484      0x2a0 c:/programdata/matlab/supportpackages/r2022a/aide/portable/packages/arduino/tools/arm-none-eabi-gcc/4.8.3-2014q1/bin/../lib/gcc/arm-none-eabi/4.8.3/armv7-m\libgcc.a(_divdi3.o)
                0x00087484                __divdi3
 .text          0x00087724      0x290 c:/programdata/matlab/supportpackages/r2022a/aide/portable/packages/arduino/tools/arm-none-eabi-gcc/4.8.3-2014q1/bin/../lib/gcc/arm-none-eabi/4.8.3/armv7-m\libgcc.a(_udivdi3.o)
                0x00087724                __udivdi3
 *(.glue_7t)
 .glue_7t       0x00000000        0x0 linker stubs
 *(.glue_7)
 .glue_7        0x00000000        0x0 linker stubs
 *(.rodata .rodata* .gnu.linkonce.r.*)
 .rodata.dcmotor_transfer_func_M
                0x000879b4        0x4 dcmotor_transfer_func.o
                0x000879b4                dcmotor_transfer_func_M
 .rodata.str1.1
                0x000879b8        0x5 dcmotor_transfer_func.o
 .rodata.rtAlwaysEnabled.9786
                0x000879bd        0x1 dcmotor_transfer_func.o
 *fill*         0x000879be        0x2 
 .rodata.standardSupportedRxPacket
                0x000879c0       0x54 xcp_standard.o
 .rodata.daqSupportedRxPacket
                0x00087a14       0x90 xcp_daq.o
 .rodata.calibrationSupportedRxPacket
                0x00087aa4       0x18 xcp_calibration.o
 .rodata.xcpMemMainBlocksNumber
                0x00087abc        0xc xcp_mem_default.o
 .rodata.xcpMemMainBlockSizes
                0x00087ac8        0xc xcp_mem_default.o
 *fill*         0x00087ad4        0x4 
 .rodata._ZTV9UARTClass
                0x00087ad8       0x30 C:/Users/user/DOCUME~1/MATLAB/R2022a/ARDUIN~1/ARDUIN~1/FASTER~1/libcore.a(UARTClass.o)
                0x00087ad8                vtable for UARTClass
 .rodata._ZTV10USARTClass
                0x00087b08       0x30 C:/Users/user/DOCUME~1/MATLAB/R2022a/ARDUIN~1/ARDUIN~1/FASTER~1/libcore.a(USARTClass.o)
                0x00087b08                vtable for USARTClass
 .rodata.g_APinDescription
                0x00087b38      0xa2c C:/Users/user/DOCUME~1/MATLAB/R2022a/ARDUIN~1/ARDUIN~1/FASTER~1/libcore.a(variant.o)
                0x00087b38                g_APinDescription
 .rodata.__func__.6792
                0x00088564        0xd C:/ProgramData/MATLAB/SupportPackages/R2022a/aIDE/portable/packages/arduino/hardware/sam/1.6.12/variants/arduino_due_x/libsam_sam3x8e_gcc_rel.a(tc.o)
 .rodata.str1.1
                0x00088571       0x54 C:/ProgramData/MATLAB/SupportPackages/R2022a/aIDE/portable/packages/arduino/hardware/sam/1.6.12/variants/arduino_due_x/libsam_sam3x8e_gcc_rel.a(tc.o)
 .rodata.__func__.6798
                0x000885c5        0x9 C:/ProgramData/MATLAB/SupportPackages/R2022a/aIDE/portable/packages/arduino/hardware/sam/1.6.12/variants/arduino_due_x/libsam_sam3x8e_gcc_rel.a(tc.o)
 *fill*         0x000885ce        0x2 
 .rodata        0x000885d0       0x40 C:/ProgramData/MATLAB/SupportPackages/R2022a/aIDE/portable/packages/arduino/hardware/sam/1.6.12/variants/arduino_due_x/libsam_sam3x8e_gcc_rel.a(adc.o)
 .rodata.str1.4
                0x00088610        0x5 c:/programdata/matlab/supportpackages/r2022a/aide/portable/packages/arduino/tools/arm-none-eabi-gcc/4.8.3-2014q1/bin/../lib/gcc/arm-none-eabi/4.8.3/../../../../arm-none-eabi/lib/armv7-m\libm.a(lib_a-w_fmod.o)
                                  0x8 (size before relaxing)
 *fill*         0x00088615        0x3 
 .rodata.Zero   0x00088618       0x10 c:/programdata/matlab/supportpackages/r2022a/aide/portable/packages/arduino/tools/arm-none-eabi-gcc/4.8.3-2014q1/bin/../lib/gcc/arm-none-eabi/4.8.3/../../../../arm-none-eabi/lib/armv7-m\libm.a(lib_a-e_fmod.o)
 .rodata.str1.4
                0x00088628       0x3f c:/programdata/matlab/supportpackages/r2022a/aide/portable/packages/arduino/tools/arm-none-eabi-gcc/4.8.3-2014q1/bin/../lib/gcc/arm-none-eabi/4.8.3/../../../../arm-none-eabi/lib/armv7-m\libg.a(lib_a-assert.o)
                                 0x44 (size before relaxing)
 *fill*         0x00088667        0x1 
 .rodata.str1.4
                0x00088668        0x2 c:/programdata/matlab/supportpackages/r2022a/aide/portable/packages/arduino/tools/arm-none-eabi-gcc/4.8.3-2014q1/bin/../lib/gcc/arm-none-eabi/4.8.3/../../../../arm-none-eabi/lib/armv7-m\libg.a(lib_a-impure.o)
                                  0x4 (size before relaxing)
 *fill*         0x0008866a        0x2 
 .rodata._global_impure_ptr
                0x0008866c        0x4 c:/programdata/matlab/supportpackages/r2022a/aide/portable/packages/arduino/tools/arm-none-eabi-gcc/4.8.3-2014q1/bin/../lib/gcc/arm-none-eabi/4.8.3/../../../../arm-none-eabi/lib/armv7-m\libg.a(lib_a-impure.o)
                0x0008866c                _global_impure_ptr
 .rodata.blanks.6717
                0x00088670       0x10 c:/programdata/matlab/supportpackages/r2022a/aide/portable/packages/arduino/tools/arm-none-eabi-gcc/4.8.3-2014q1/bin/../lib/gcc/arm-none-eabi/4.8.3/../../../../arm-none-eabi/lib/armv7-m\libg.a(lib_a-vfiprintf.o)
 .rodata.str1.4
                0x00088680       0x30 c:/programdata/matlab/supportpackages/r2022a/aide/portable/packages/arduino/tools/arm-none-eabi-gcc/4.8.3-2014q1/bin/../lib/gcc/arm-none-eabi/4.8.3/../../../../arm-none-eabi/lib/armv7-m\libg.a(lib_a-vfiprintf.o)
 .rodata.zeroes.6718
                0x000886b0       0x10 c:/programdata/matlab/supportpackages/r2022a/aide/portable/packages/arduino/tools/arm-none-eabi-gcc/4.8.3-2014q1/bin/../lib/gcc/arm-none-eabi/4.8.3/../../../../arm-none-eabi/lib/armv7-m\libg.a(lib_a-vfiprintf.o)
 *(.ARM.extab* .gnu.linkonce.armextab.*)
                0x000886c0                . = ALIGN (0x4)
 *(.init)
 .init          0x000886c0        0x4 c:/programdata/matlab/supportpackages/r2022a/aide/portable/packages/arduino/tools/arm-none-eabi-gcc/4.8.3-2014q1/bin/../lib/gcc/arm-none-eabi/4.8.3/armv7-m/crti.o
                0x000886c0                _init
 .init          0x000886c4        0x8 c:/programdata/matlab/supportpackages/r2022a/aide/portable/packages/arduino/tools/arm-none-eabi-gcc/4.8.3-2014q1/bin/../lib/gcc/arm-none-eabi/4.8.3/armv7-m/crtn.o
                0x000886cc                . = ALIGN (0x4)
                0x000886cc                __preinit_array_start = .
 *(.preinit_array)
                0x000886cc                __preinit_array_end = .
                0x000886cc                . = ALIGN (0x4)
                0x000886cc                __init_array_start = .
 *(SORT(.init_array.*))
 .init_array.00000
                0x000886cc        0x4 c:/programdata/matlab/supportpackages/r2022a/aide/portable/packages/arduino/tools/arm-none-eabi-gcc/4.8.3-2014q1/bin/../lib/gcc/arm-none-eabi/4.8.3/../../../../arm-none-eabi/lib/armv7-m\libg.a(lib_a-__call_atexit.o)
 *(.init_array)
 .init_array    0x000886d0        0x4 c:/programdata/matlab/supportpackages/r2022a/aide/portable/packages/arduino/tools/arm-none-eabi-gcc/4.8.3-2014q1/bin/../lib/gcc/arm-none-eabi/4.8.3/armv7-m/crtbegin.o
 .init_array    0x000886d4        0x4 C:/Users/user/DOCUME~1/MATLAB/R2022a/ARDUIN~1/ARDUIN~1/FASTER~1/libcore.a(variant.o)
                0x000886d8                __init_array_end = .
                0x000886d8                . = ALIGN (0x4)
 *crtbegin.o(.ctors)
 *(EXCLUDE_FILE(*crtend.o) .ctors)
 *(SORT(.ctors.*))
 *crtend.o(.ctors)
                0x000886d8                . = ALIGN (0x4)
 *(.fini)
 .fini          0x000886d8        0x4 c:/programdata/matlab/supportpackages/r2022a/aide/portable/packages/arduino/tools/arm-none-eabi-gcc/4.8.3-2014q1/bin/../lib/gcc/arm-none-eabi/4.8.3/armv7-m/crti.o
                0x000886d8                _fini
 .fini          0x000886dc        0x8 c:/programdata/matlab/supportpackages/r2022a/aide/portable/packages/arduino/tools/arm-none-eabi-gcc/4.8.3-2014q1/bin/../lib/gcc/arm-none-eabi/4.8.3/armv7-m/crtn.o
                0x000886e4                . = ALIGN (0x4)
                0x000886e4                __fini_array_start = .
 *(.fini_array)
 .fini_array    0x000886e4        0x4 c:/programdata/matlab/supportpackages/r2022a/aide/portable/packages/arduino/tools/arm-none-eabi-gcc/4.8.3-2014q1/bin/../lib/gcc/arm-none-eabi/4.8.3/armv7-m/crtbegin.o
 *(SORT(.fini_array.*))
                0x000886e8                __fini_array_end = .
 *crtbegin.o(.dtors)
 *(EXCLUDE_FILE(*crtend.o) .dtors)
 *(SORT(.dtors.*))
 *crtend.o(.dtors)
                0x000886e8                . = ALIGN (0x4)
                0x000886e8                _efixed = .
                0x000886e8                PROVIDE (__exidx_start, .)

.vfp11_veneer   0x000886e8        0x0
 .vfp11_veneer  0x00000000        0x0 linker stubs

.v4_bx          0x000886e8        0x0
 .v4_bx         0x00000000        0x0 linker stubs

.iplt           0x000886e8        0x0
 .iplt          0x00000000        0x0 c:/programdata/matlab/supportpackages/r2022a/aide/portable/packages/arduino/tools/arm-none-eabi-gcc/4.8.3-2014q1/bin/../lib/gcc/arm-none-eabi/4.8.3/armv7-m/crtbegin.o

.ARM.exidx      0x000886e8        0x8
 *(.ARM.exidx* .gnu.linkonce.armexidx.*)
 .ARM.exidx     0x000886e8        0x8 c:/programdata/matlab/supportpackages/r2022a/aide/portable/packages/arduino/tools/arm-none-eabi-gcc/4.8.3-2014q1/bin/../lib/gcc/arm-none-eabi/4.8.3/armv7-m\libgcc.a(_divdi3.o)
 .ARM.exidx     0x000886f0        0x0 c:/programdata/matlab/supportpackages/r2022a/aide/portable/packages/arduino/tools/arm-none-eabi-gcc/4.8.3-2014q1/bin/../lib/gcc/arm-none-eabi/4.8.3/armv7-m\libgcc.a(_udivdi3.o)
                                  0x8 (size before relaxing)
                0x000886f0                PROVIDE (__exidx_end, .)

.eh_frame       0x000886f0        0x0
 .eh_frame      0x000886f0        0x0 c:/programdata/matlab/supportpackages/r2022a/aide/portable/packages/arduino/tools/arm-none-eabi-gcc/4.8.3-2014q1/bin/../lib/gcc/arm-none-eabi/4.8.3/armv7-m/crtbegin.o

.rel.dyn        0x000886f0        0x0
 .rel.iplt      0x00000000        0x0 c:/programdata/matlab/supportpackages/r2022a/aide/portable/packages/arduino/tools/arm-none-eabi-gcc/4.8.3-2014q1/bin/../lib/gcc/arm-none-eabi/4.8.3/armv7-m/crtbegin.o

.jcr            0x000886f0        0x0
 .jcr           0x000886f0        0x0 c:/programdata/matlab/supportpackages/r2022a/aide/portable/packages/arduino/tools/arm-none-eabi-gcc/4.8.3-2014q1/bin/../lib/gcc/arm-none-eabi/4.8.3/armv7-m/crtbegin.o

.igot.plt       0x000886f0        0x0
 .igot.plt      0x00000000        0x0 c:/programdata/matlab/supportpackages/r2022a/aide/portable/packages/arduino/tools/arm-none-eabi-gcc/4.8.3-2014q1/bin/../lib/gcc/arm-none-eabi/4.8.3/armv7-m/crtbegin.o
                0x000886f0                . = ALIGN (0x4)
                0x000886f0                _etext = .

.relocate       0x20070000      0x90c load address 0x000886f0
                0x20070000                . = ALIGN (0x4)
                0x20070000                _srelocate = .
 *(.ramfunc .ramfunc.*)
 .ramfunc       0x20070000       0x2c C:/Users/user/DOCUME~1/MATLAB/R2022a/ARDUIN~1/ARDUIN~1/FASTER~1/libcore.a(Reset.o)
                0x20070000                banzai
 *(.data .data.*)
 *fill*         0x2007002c        0x4 
 .data.dcmotor_transfer_func_P
                0x20070030       0x38 dcmotor_transfer_func_data.o
                0x20070030                dcmotor_transfer_func_P
 .data.xcpExtmodeFinalSimulationTime
                0x20070068        0x8 xcp_ext_common.o
                0x20070068                xcpExtmodeFinalSimulationTime
 .data.xcpClassicTriggerDuration
                0x20070070        0x4 xcp_ext_classic_trigger.o
                0x20070070                xcpClassicTriggerDuration
 .data.xcpClassicTriggerArmRequest
                0x20070074        0x1 xcp_ext_classic_trigger.o
                0x20070074                xcpClassicTriggerArmRequest
 *fill*         0x20070075        0x3 
 .data.startStopDaqListId
                0x20070078        0x4 xcp_daq.o
 .data.xcpEventCustomMemoryManager
                0x2007007c        0xc xcp_daq.o
 .data.xcpCurrentDaq
                0x20070088        0x4 xcp_daq.o
 .data.xcpCtoReservedMemPoolId
                0x2007008c        0x4 xcp_transport.o
 .data.drvID    0x20070090        0x4 xcp_drv_rtiostream.o
 .data.xcpCtoReservedMemPoolId
                0x20070094        0x4 xcp_frame_serial.o
 .data._ZL5ticks
                0x20070098        0x4 C:/Users/user/DOCUME~1/MATLAB/R2022a/ARDUIN~1/ARDUIN~1/FASTER~1/libcore.a(Reset.o)
 .data.SystemCoreClock
                0x2007009c        0x4 C:/ProgramData/MATLAB/SupportPackages/R2022a/aIDE/portable/packages/arduino/hardware/sam/1.6.12/variants/arduino_due_x/libsam_sam3x8e_gcc_rel.a(system_sam3xa.o)
                0x2007009c                SystemCoreClock
 .data.__fdlib_version
                0x200700a0        0x1 c:/programdata/matlab/supportpackages/r2022a/aide/portable/packages/arduino/tools/arm-none-eabi-gcc/4.8.3-2014q1/bin/../lib/gcc/arm-none-eabi/4.8.3/../../../../arm-none-eabi/lib/armv7-m\libm.a(lib_a-s_lib_ver.o)
                0x200700a0                __fdlib_version
 *fill*         0x200700a1        0x7 
 .data.impure_data
                0x200700a8      0x428 c:/programdata/matlab/supportpackages/r2022a/aide/portable/packages/arduino/tools/arm-none-eabi-gcc/4.8.3-2014q1/bin/../lib/gcc/arm-none-eabi/4.8.3/../../../../arm-none-eabi/lib/armv7-m\libg.a(lib_a-impure.o)
 .data._impure_ptr
                0x200704d0        0x4 c:/programdata/matlab/supportpackages/r2022a/aide/portable/packages/arduino/tools/arm-none-eabi-gcc/4.8.3-2014q1/bin/../lib/gcc/arm-none-eabi/4.8.3/../../../../arm-none-eabi/lib/armv7-m\libg.a(lib_a-impure.o)
                0x200704d0                _impure_ptr
 .data.lc_ctype_charset
                0x200704d4       0x20 c:/programdata/matlab/supportpackages/r2022a/aide/portable/packages/arduino/tools/arm-none-eabi-gcc/4.8.3-2014q1/bin/../lib/gcc/arm-none-eabi/4.8.3/../../../../arm-none-eabi/lib/armv7-m\libg.a(lib_a-locale.o)
 .data.__mb_cur_max
                0x200704f4        0x4 c:/programdata/matlab/supportpackages/r2022a/aide/portable/packages/arduino/tools/arm-none-eabi-gcc/4.8.3-2014q1/bin/../lib/gcc/arm-none-eabi/4.8.3/../../../../arm-none-eabi/lib/armv7-m\libg.a(lib_a-locale.o)
                0x200704f4                __mb_cur_max
 .data.__malloc_av_
                0x200704f8      0x408 c:/programdata/matlab/supportpackages/r2022a/aide/portable/packages/arduino/tools/arm-none-eabi-gcc/4.8.3-2014q1/bin/../lib/gcc/arm-none-eabi/4.8.3/../../../../arm-none-eabi/lib/armv7-m\libg.a(lib_a-mallocr.o)
                0x200704f8                __malloc_av_
 .data.__malloc_trim_threshold
                0x20070900        0x4 c:/programdata/matlab/supportpackages/r2022a/aide/portable/packages/arduino/tools/arm-none-eabi-gcc/4.8.3-2014q1/bin/../lib/gcc/arm-none-eabi/4.8.3/../../../../arm-none-eabi/lib/armv7-m\libg.a(lib_a-mallocr.o)
                0x20070900                __malloc_trim_threshold
 .data.__malloc_sbrk_base
                0x20070904        0x4 c:/programdata/matlab/supportpackages/r2022a/aide/portable/packages/arduino/tools/arm-none-eabi-gcc/4.8.3-2014q1/bin/../lib/gcc/arm-none-eabi/4.8.3/../../../../arm-none-eabi/lib/armv7-m\libg.a(lib_a-mallocr.o)
                0x20070904                __malloc_sbrk_base
 .data.__wctomb
                0x20070908        0x4 c:/programdata/matlab/supportpackages/r2022a/aide/portable/packages/arduino/tools/arm-none-eabi-gcc/4.8.3-2014q1/bin/../lib/gcc/arm-none-eabi/4.8.3/../../../../arm-none-eabi/lib/armv7-m\libg.a(lib_a-wctomb_r.o)
                0x20070908                __wctomb
                0x2007090c                . = ALIGN (0x4)
                0x2007090c                _erelocate = .

.bss            0x2007090c      0xc90 load address 0x00088ffc
                0x2007090c                . = ALIGN (0x4)
                0x2007090c                _sbss = .
                0x2007090c                _szero = .
 *(.bss .bss.*)
 .bss           0x2007090c       0x1c c:/programdata/matlab/supportpackages/r2022a/aide/portable/packages/arduino/tools/arm-none-eabi-gcc/4.8.3-2014q1/bin/../lib/gcc/arm-none-eabi/4.8.3/armv7-m/crtbegin.o
 .bss.gpf_isr   0x20070928        0x4 C:/ProgramData/MATLAB/SupportPackages/R2022a/aIDE/portable/packages/arduino/hardware/sam/1.6.12/variants/arduino_due_x/libsam_sam3x8e_gcc_rel.a(uotghs.o)
                0x20070928                gpf_isr
 .bss.xcpCustomTriggerFunction
                0x2007092c        0x8 xcp_ext_mode.o
 .bss.rt_ExtModeInfo.9787
                0x20070934       0x14 dcmotor_transfer_func.o
 .bss.systemRan.9788
                0x20070948        0x4 dcmotor_transfer_func.o
 *fill*         0x2007094c        0x4 
 .bss.dcmotor_transfer_func_M_
                0x20070950      0x1a8 dcmotor_transfer_func.o
 .bss.xcpModelChecksum0
                0x20070af8        0x4 xcp_ext_common.o
                0x20070af8                xcpModelChecksum0
 .bss.xcpModelStartRequest
                0x20070afc        0x1 xcp_ext_common.o
                0x20070afc                xcpModelStartRequest
 *fill*         0x20070afd        0x3 
 .bss.xcpModelChecksum1
                0x20070b00        0x4 xcp_ext_common.o
                0x20070b00                xcpModelChecksum1
 .bss.xcpModelChecksum3
                0x20070b04        0x4 xcp_ext_common.o
                0x20070b04                xcpModelChecksum3
 .bss.xcpModelChecksum2
                0x20070b08        0x4 xcp_ext_common.o
                0x20070b08                xcpModelChecksum2
 .bss.xcpModelIntegerCode
                0x20070b0c        0x4 xcp_ext_common.o
                0x20070b0c                xcpModelIntegerCode
 .bss.xcpDummyDoubleVariable
                0x20070b10        0x8 xcp_ext_common.o
                0x20070b10                xcpDummyDoubleVariable
 .bss.xcpModelStopRequest
                0x20070b18        0x1 xcp_ext_common.o
                0x20070b18                xcpModelStopRequest
 *fill*         0x20070b19        0x7 
 .bss.xcpBaseRateSimulationTime
                0x20070b20        0x8 xcp_ext_common.o
 .bss.xcpCurrentSimulationTimeInMs
                0x20070b28        0x8 xcp_ext_common.o
                0x20070b28                xcpCurrentSimulationTimeInMs
 .bss.xcpExtmodeSimulationComplete
                0x20070b30        0x1 xcp_ext_common.o
                0x20070b30                xcpExtmodeSimulationComplete
 .bss.xcpModelStatus
                0x20070b31        0x1 xcp_ext_common.o
                0x20070b31                xcpModelStatus
 .bss.xcpClassicTriggerDirection
                0x20070b32        0x1 xcp_ext_classic_trigger.o
                0x20070b32                xcpClassicTriggerDirection
 *fill*         0x20070b33        0x5 
 .bss.xcpOldSignalValue
                0x20070b38        0x8 xcp_ext_classic_trigger.o
 .bss.xcpClassicTriggerSignalAddressExtension
                0x20070b40        0x1 xcp_ext_classic_trigger.o
                0x20070b40                xcpClassicTriggerSignalAddressExtension
 *fill*         0x20070b41        0x3 
 .bss.xcpTriggerCount
                0x20070b44        0x4 xcp_ext_classic_trigger.o
 .bss.xcpOldSignalValueAvailable
                0x20070b48        0x1 xcp_ext_classic_trigger.o
 *fill*         0x20070b49        0x3 
 .bss.xcpClassicTriggerDelay
                0x20070b4c        0x4 xcp_ext_classic_trigger.o
                0x20070b4c                xcpClassicTriggerDelay
 .bss.xcpClassicTriggerSignalAddress
                0x20070b50        0x4 xcp_ext_classic_trigger.o
                0x20070b50                xcpClassicTriggerSignalAddress
 .bss.xcpClassicTriggerEventId
                0x20070b54        0x2 xcp_ext_classic_trigger.o
                0x20070b54                xcpClassicTriggerEventId
 .bss.xcpClassicTriggerCancelRequest
                0x20070b56        0x1 xcp_ext_classic_trigger.o
                0x20070b56                xcpClassicTriggerCancelRequest
 .bss.xcpOldClassicTriggerSource
                0x20070b57        0x1 xcp_ext_classic_trigger.o
 .bss.xcpClassicTriggerSource
                0x20070b58        0x1 xcp_ext_classic_trigger.o
                0x20070b58                xcpClassicTriggerSource
 .bss.xcpForceTriggerEnableRequest
                0x20070b59        0x1 xcp_ext_classic_trigger.o
 .bss.xcpSignalTriggerFired
                0x20070b5a        0x1 xcp_ext_classic_trigger.o
 .bss.xcpClassicTriggerStatus
                0x20070b5b        0x1 xcp_ext_classic_trigger.o
                0x20070b5b                xcpClassicTriggerStatus
 .bss.xcpClassicTriggerMode
                0x20070b5c        0x1 xcp_ext_classic_trigger.o
                0x20070b5c                xcpClassicTriggerMode
 .bss.xcpForcedTriggerEnabled
                0x20070b5d        0x1 xcp_ext_classic_trigger.o
 *fill*         0x20070b5e        0x2 
 .bss.xcpClassicTriggerHoldOff
                0x20070b60        0x4 xcp_ext_classic_trigger.o
                0x20070b60                xcpClassicTriggerHoldOff
 *fill*         0x20070b64        0x4 
 .bss.xcpClassicTriggerLevel
                0x20070b68        0x8 xcp_ext_classic_trigger.o
                0x20070b68                xcpClassicTriggerLevel
 .bss.xcpTriggerEnabled
                0x20070b70        0x1 xcp_ext_classic_trigger.o
 .bss.xcpResourceProtectionStatus
                0x20070b71        0x1 xcp.o
 .bss.initialized
                0x20070b72        0x1 xcp.o
 .bss.xcpSessionStatus
                0x20070b73        0x1 xcp.o
 .bss.xcpStatus
                0x20070b74        0x1 xcp.o
 *fill*         0x20070b75        0x1 
 .bss.xcpSessionConfigurationId
                0x20070b76        0x2 xcp.o
 .bss.groupPacketLookup
                0x20070b78       0x10 xcp.o
 .bss.xcpUploadSize
                0x20070b88        0x1 xcp_standard.o
 *fill*         0x20070b89        0x3 
 .bss.xcpMta    0x20070b8c        0x8 xcp_standard.o
 .bss.packetLookup
                0x20070b94        0x4 xcp_standard.o
 .bss.daqLock   0x20070b98        0x4 xcp_daq.o
 .bss.packetLookup
                0x20070b9c        0x4 xcp_daq.o
 .bss.xcpDynamicDaqLists
                0x20070ba0        0x8 xcp_daq.o
 .bss.xcpRunningEventCounter
                0x20070ba8        0x4 xcp_daq.o
 .bss.packetLookup
                0x20070bac        0x4 xcp_calibration.o
 .bss.rxLock    0x20070bb0        0x4 xcp_transport.o
 .bss.txFifo    0x20070bb4       0x10 xcp_transport.o
 .bss.initialized
                0x20070bc4        0x1 xcp_transport.o
 *fill*         0x20070bc5        0x3 
 .bss.txLock    0x20070bc8        0x4 xcp_transport.o
 .bss.rxFifo    0x20070bcc        0x8 xcp_transport.o
 .bss.xcpMemMainChunk
                0x20070bd4       0x6f xcp_mem_default.o
 .bss.xcpMemReservedPoolsChunk
                0x20070c43      0x306 xcp_mem_default.o
 *fill*         0x20070f49        0x3 
 .bss.xcpMemLock
                0x20070f4c        0x4 xcp_mem_default.o
 .bss.xcpMemPoolDescriptors
                0x20070f50       0x90 xcp_mem_default.o
 .bss.xcpMemReservedPoolsChunkUsedBytes
                0x20070fe0        0x4 xcp_mem_default.o
 .bss.xcpMemCustomPoolDescriptors
                0x20070fe4        0x8 xcp_mem_default.o
 .bss.forceBlocking
                0x20070fec        0x1 xcp_drv_rtiostream.o
 *fill*         0x20070fed        0x1 
 .bss.rxCounter
                0x20070fee        0x2 xcp_frame_serial.o
 .bss.initialized
                0x20070ff0        0x1 xcp_frame_serial.o
 *fill*         0x20070ff1        0x3 
 .bss.firstRxCounterReceived
                0x20070ff4        0x4 xcp_frame_serial.o
 .bss.txCounter
                0x20070ff8        0x2 xcp_frame_serial.o
 .bss.receivedSyncByteE
                0x20070ffa        0x1 rtiostream_serial_daemon.o
                0x20070ffa                receivedSyncByteE
 .bss.OverrunFlag
                0x20070ffb        0x1 ert_main.o
 .bss.IsrOverrun
                0x20070ffc        0x4 ert_main.o
                0x20070ffc                IsrOverrun
 .bss.heap.6420
                0x20071000        0x4 C:/Users/user/DOCUME~1/MATLAB/R2022a/ARDUIN~1/ARDUIN~1/FASTER~1/libcore.a(syscalls_sam3.o)
 .bss.tx_buffer2
                0x20071004       0x88 C:/Users/user/DOCUME~1/MATLAB/R2022a/ARDUIN~1/ARDUIN~1/FASTER~1/libcore.a(variant.o)
                0x20071004                tx_buffer2
 .bss.tx_buffer1
                0x2007108c       0x88 C:/Users/user/DOCUME~1/MATLAB/R2022a/ARDUIN~1/ARDUIN~1/FASTER~1/libcore.a(variant.o)
                0x2007108c                tx_buffer1
 .bss.Serial    0x20071114       0x24 C:/Users/user/DOCUME~1/MATLAB/R2022a/ARDUIN~1/ARDUIN~1/FASTER~1/libcore.a(variant.o)
                0x20071114                Serial
 .bss.rx_buffer1
                0x20071138       0x88 C:/Users/user/DOCUME~1/MATLAB/R2022a/ARDUIN~1/ARDUIN~1/FASTER~1/libcore.a(variant.o)
                0x20071138                rx_buffer1
 .bss.Serial1   0x200711c0       0x28 C:/Users/user/DOCUME~1/MATLAB/R2022a/ARDUIN~1/ARDUIN~1/FASTER~1/libcore.a(variant.o)
                0x200711c0                Serial1
 .bss.Serial2   0x200711e8       0x28 C:/Users/user/DOCUME~1/MATLAB/R2022a/ARDUIN~1/ARDUIN~1/FASTER~1/libcore.a(variant.o)
                0x200711e8                Serial2
 .bss.Serial3   0x20071210       0x28 C:/Users/user/DOCUME~1/MATLAB/R2022a/ARDUIN~1/ARDUIN~1/FASTER~1/libcore.a(variant.o)
                0x20071210                Serial3
 .bss.tx_buffer3
                0x20071238       0x88 C:/Users/user/DOCUME~1/MATLAB/R2022a/ARDUIN~1/ARDUIN~1/FASTER~1/libcore.a(variant.o)
                0x20071238                tx_buffer3
 .bss.tx_buffer4
                0x200712c0       0x88 C:/Users/user/DOCUME~1/MATLAB/R2022a/ARDUIN~1/ARDUIN~1/FASTER~1/libcore.a(variant.o)
                0x200712c0                tx_buffer4
 .bss.g_pinStatus
                0x20071348       0x4f C:/Users/user/DOCUME~1/MATLAB/R2022a/ARDUIN~1/ARDUIN~1/FASTER~1/libcore.a(variant.o)
                0x20071348                g_pinStatus
 *fill*         0x20071397        0x1 
 .bss.rx_buffer2
                0x20071398       0x88 C:/Users/user/DOCUME~1/MATLAB/R2022a/ARDUIN~1/ARDUIN~1/FASTER~1/libcore.a(variant.o)
                0x20071398                rx_buffer2
 .bss.rx_buffer3
                0x20071420       0x88 C:/Users/user/DOCUME~1/MATLAB/R2022a/ARDUIN~1/ARDUIN~1/FASTER~1/libcore.a(variant.o)
                0x20071420                rx_buffer3
 .bss.rx_buffer4
                0x200714a8       0x88 C:/Users/user/DOCUME~1/MATLAB/R2022a/ARDUIN~1/ARDUIN~1/FASTER~1/libcore.a(variant.o)
                0x200714a8                rx_buffer4
 .bss._dwTickCount
                0x20071530        0x4 C:/ProgramData/MATLAB/SupportPackages/R2022a/aIDE/portable/packages/arduino/hardware/sam/1.6.12/variants/arduino_due_x/libsam_sam3x8e_gcc_rel.a(timetick.o)
 .bss.__malloc_max_total_mem
                0x20071534        0x4 c:/programdata/matlab/supportpackages/r2022a/aide/portable/packages/arduino/tools/arm-none-eabi-gcc/4.8.3-2014q1/bin/../lib/gcc/arm-none-eabi/4.8.3/../../../../arm-none-eabi/lib/armv7-m\libg.a(lib_a-mallocr.o)
                0x20071534                __malloc_max_total_mem
 .bss.__malloc_max_sbrked_mem
                0x20071538        0x4 c:/programdata/matlab/supportpackages/r2022a/aide/portable/packages/arduino/tools/arm-none-eabi-gcc/4.8.3-2014q1/bin/../lib/gcc/arm-none-eabi/4.8.3/../../../../arm-none-eabi/lib/armv7-m\libg.a(lib_a-mallocr.o)
                0x20071538                __malloc_max_sbrked_mem
 .bss.__malloc_top_pad
                0x2007153c        0x4 c:/programdata/matlab/supportpackages/r2022a/aide/portable/packages/arduino/tools/arm-none-eabi-gcc/4.8.3-2014q1/bin/../lib/gcc/arm-none-eabi/4.8.3/../../../../arm-none-eabi/lib/armv7-m\libg.a(lib_a-mallocr.o)
                0x2007153c                __malloc_top_pad
 .bss.__malloc_current_mallinfo
                0x20071540       0x28 c:/programdata/matlab/supportpackages/r2022a/aide/portable/packages/arduino/tools/arm-none-eabi-gcc/4.8.3-2014q1/bin/../lib/gcc/arm-none-eabi/4.8.3/../../../../arm-none-eabi/lib/armv7-m\libg.a(lib_a-mallocr.o)
                0x20071540                __malloc_current_mallinfo
 *(COMMON)
 COMMON         0x20071568       0x28 dcmotor_transfer_func.o
                0x20071568                dcmotor_transfer_func_B
                0x20071578                dcmotor_transfer_func_DW
                0x20071588                dcmotor_transfer_func_X
 COMMON         0x20071590        0x4 m3m4m4f_multitasking.o
                0x20071590                taskToSchedule
 COMMON         0x20071594        0x2 ert_main.o
                0x20071594                runModel
                0x20071595                stopRequested
 *fill*         0x20071596        0x2 