Archive member included because of file (symbol)

C:/ProgramData/MATLAB/SupportPackages/R2022a/aIDE/portable/packages/arduino/hardware/sam/1.6.12/variants/arduino_due_x/libsam_sam3x8e_gcc_rel.a(startup_sam3xa.o)
                              (Reset_Handler)
C:/ProgramData/MATLAB/SupportPackages/R2022a/aIDE/portable/packages/arduino/hardware/sam/1.6.12/variants/arduino_due_x/libsam_sam3x8e_gcc_rel.a(uotghs.o)
                              C:/ProgramData/MATLAB/SupportPackages/R2022a/aIDE/portable/packages/arduino/hardware/sam/1.6.12/variants/arduino_due_x/libsam_sam3x8e_gcc_rel.a(startup_sam3xa.o) (UOTGHS_Handler)
C:/Users/user/DOCUME~1/MATLAB/R2022a/ARDUIN~1/ARDUIN~1/FASTER~1/libcore.a(hooks.o)
                              arm_m3_cortex_handler.o (sysTickHook)
C:/Users/user/DOCUME~1/MATLAB/R2022a/ARDUIN~1/ARDUIN~1/FASTER~1/libcore.a(syscalls_sam3.o)
                              (_sbrk)
C:/Users/user/DOCUME~1/MATLAB/R2022a/ARDUIN~1/ARDUIN~1/FASTER~1/libcore.a(WInterrupts.o)
                              PWM_sinewave_PI.o (attachInterrupt)
C:/Users/user/DOCUME~1/MATLAB/R2022a/ARDUIN~1/ARDUIN~1/FASTER~1/libcore.a(wiring.o)
                              io_wrappers.o (millis)
C:/Users/user/DOCUME~1/MATLAB/R2022a/ARDUIN~1/ARDUIN~1/FASTER~1/libcore.a(wiring_analog.o)
                              MW_PWM.o (analogWrite)
C:/Users/user/DOCUME~1/MATLAB/R2022a/ARDUIN~1/ARDUIN~1/FASTER~1/libcore.a(wiring_digital.o)
                              MW_arduino_digitalio.o (pinMode)
C:/Users/user/DOCUME~1/MATLAB/R2022a/ARDUIN~1/ARDUIN~1/FASTER~1/libcore.a(Reset.o)
                              arm_m3_cortex_handler.o (tickReset)
C:/Users/user/DOCUME~1/MATLAB/R2022a/ARDUIN~1/ARDUIN~1/FASTER~1/libcore.a(UARTClass.o)
                              rtiostream_serial_daemon.o (UARTClass::available())
C:/Users/user/DOCUME~1/MATLAB/R2022a/ARDUIN~1/ARDUIN~1/FASTER~1/libcore.a(USARTClass.o)
                              io_wrappers.o (USARTClass::begin(unsigned long))
C:/Users/user/DOCUME~1/MATLAB/R2022a/ARDUIN~1/ARDUIN~1/FASTER~1/libcore.a(watchdog.o)
                              MW_ArduinoHWInit.o (watchdogDisable())
C:/Users/user/DOCUME~1/MATLAB/R2022a/ARDUIN~1/ARDUIN~1/FASTER~1/libcore.a(variant.o)
                              ert_main.o (init)
C:/Users/user/DOCUME~1/MATLAB/R2022a/ARDUIN~1/ARDUIN~1/FASTER~1/libcore.a(abi.o)
                              C:/Users/user/DOCUME~1/MATLAB/R2022a/ARDUIN~1/ARDUIN~1/FASTER~1/libcore.a(UARTClass.o) (__cxa_pure_virtual)
C:/Users/user/DOCUME~1/MATLAB/R2022a/ARDUIN~1/ARDUIN~1/FASTER~1/libcore.a(Print.o)
                              C:/Users/user/DOCUME~1/MATLAB/R2022a/ARDUIN~1/ARDUIN~1/FASTER~1/libcore.a(UARTClass.o) (Print::write(unsigned char const*, unsigned int))
C:/Users/user/DOCUME~1/MATLAB/R2022a/ARDUIN~1/ARDUIN~1/FASTER~1/libcore.a(RingBuffer.o)
                              C:/Users/user/DOCUME~1/MATLAB/R2022a/ARDUIN~1/ARDUIN~1/FASTER~1/libcore.a(variant.o) (RingBuffer::RingBuffer())
C:/ProgramData/MATLAB/SupportPackages/R2022a/aIDE/portable/packages/arduino/hardware/sam/1.6.12/variants/arduino_due_x/libsam_sam3x8e_gcc_rel.a(pio.o)
                              C:/Users/user/DOCUME~1/MATLAB/R2022a/ARDUIN~1/ARDUIN~1/FASTER~1/libcore.a(wiring_digital.o) (PIO_PullUp)
C:/ProgramData/MATLAB/SupportPackages/R2022a/aIDE/portable/packages/arduino/hardware/sam/1.6.12/variants/arduino_due_x/libsam_sam3x8e_gcc_rel.a(pmc.o)
                              MW_PWMDriver.o (pmc_enable_periph_clk)
C:/ProgramData/MATLAB/SupportPackages/R2022a/aIDE/portable/packages/arduino/hardware/sam/1.6.12/variants/arduino_due_x/libsam_sam3x8e_gcc_rel.a(pwmc.o)
                              MW_PWMDriver.o (PWMC_ConfigureChannel)
C:/ProgramData/MATLAB/SupportPackages/R2022a/aIDE/portable/packages/arduino/hardware/sam/1.6.12/variants/arduino_due_x/libsam_sam3x8e_gcc_rel.a(tc.o)
                              MW_PWMDriver.o (TC_Configure)
C:/ProgramData/MATLAB/SupportPackages/R2022a/aIDE/portable/packages/arduino/hardware/sam/1.6.12/variants/arduino_due_x/libsam_sam3x8e_gcc_rel.a(timetick.o)
                              arm_m3_cortex_handler.o (TimeTick_Increment)
C:/ProgramData/MATLAB/SupportPackages/R2022a/aIDE/portable/packages/arduino/hardware/sam/1.6.12/variants/arduino_due_x/libsam_sam3x8e_gcc_rel.a(wdt.o)
                              C:/Users/user/DOCUME~1/MATLAB/R2022a/ARDUIN~1/ARDUIN~1/FASTER~1/libcore.a(watchdog.o) (WDT_Enable)
C:/ProgramData/MATLAB/SupportPackages/R2022a/aIDE/portable/packages/arduino/hardware/sam/1.6.12/variants/arduino_due_x/libsam_sam3x8e_gcc_rel.a(system_sam3xa.o)
                              C:/Users/user/DOCUME~1/MATLAB/R2022a/ARDUIN~1/ARDUIN~1/FASTER~1/libcore.a(variant.o) (SystemInit)
C:/ProgramData/MATLAB/SupportPackages/R2022a/aIDE/portable/packages/arduino/hardware/sam/1.6.12/variants/arduino_due_x/libsam_sam3x8e_gcc_rel.a(adc.o)
                              C:/Users/user/DOCUME~1/MATLAB/R2022a/ARDUIN~1/ARDUIN~1/FASTER~1/libcore.a(variant.o) (adc_init)
[...]
Memory Configuration

Name             Origin             Length             Attributes
rom              0x00080000         0x00080000         xr
sram0            0x20000000         0x00010000         xrw
sram1            0x20080000         0x00008000         xrw
ram              0x20070000         0x00018000         xrw
*default*        0x00000000         0xffffffff

Linker script and memory map

LOAD c:/programdata/matlab/supportpackages/r2022a/aide/portable/packages/arduino/tools/arm-none-eabi-gcc/4.8.3-2014q1/bin/../lib/gcc/arm-none-eabi/4.8.3/armv7-m/crti.o
LOAD c:/programdata/matlab/supportpackages/r2022a/aide/portable/packages/arduino/tools/arm-none-eabi-gcc/4.8.3-2014q1/bin/../lib/gcc/arm-none-eabi/4.8.3/armv7-m/crtbegin.o
LOAD c:/programdata/matlab/supportpackages/r2022a/aide/portable/packages/arduino/tools/arm-none-eabi-gcc/4.8.3-2014q1/bin/../lib/gcc/arm-none-eabi/4.8.3/../../../../arm-none-eabi/lib/armv7-m/crt0.o
START GROUP
LOAD C:/ProgramData/MATLAB/SupportPackages/R2022a/aIDE/portable/packages/arduino/hardware/sam/1.6.12/variants/arduino_due_x/libsam_sam3x8e_gcc_rel.a
LOAD MW_arduino_digitalio.o
LOAD MW_PWM.o
LOAD MW_PWMDriver.o
LOAD ArduinoPinHandleMap.o
LOAD xcp_ext_mode.o
LOAD PWM_sinewave_PI.o
LOAD PWM_sinewave_PI_data.o
LOAD rtGetInf.o
LOAD rtGetNaN.o
LOAD rt_nonfinite.o
LOAD xcp_ext_common.o
LOAD xcp_ext_classic_trigger.o
LOAD xcp.o
LOAD xcp_standard.o
LOAD xcp_daq.o
LOAD xcp_calibration.o
LOAD xcp_fifo.o
LOAD xcp_transport.o
LOAD xcp_mem_default.o
LOAD xcp_drv_rtiostream.o
LOAD xcp_frame_serial.o
LOAD xcp_ext_param_default_serial.o
LOAD arm_m3_cortex_handler.o
LOAD MW_ArduinoHWInit.o
LOAD io_wrappers.o
LOAD arduinoARMScheduler.o
LOAD m3m4m4f_multitasking.o
LOAD rtiostream_serial_daemon.o
LOAD sys_arch.o
LOAD ert_main.o
LOAD C:/Users/user/DOCUME~1/MATLAB/R2022a/ARDUIN~1/ARDUIN~1/FASTER~1/MW_RebuildSrc_Core.o
LOAD C:/Users/user/DOCUME~1/MATLAB/R2022a/ARDUIN~1/ARDUIN~1/FASTER~1/libcore.a
END GROUP
LOAD c:/programdata/matlab/supportpackages/r2022a/aide/portable/packages/arduino/tools/arm-none-eabi-gcc/4.8.3-2014q1/bin/../lib/gcc/arm-none-eabi/4.8.3/../../../../arm-none-eabi/lib/armv7-m\libm.a
LOAD C:/Users/user/DOCUME~1/MATLAB/R2022a/ARDUIN~1/ARDUIN~1/FASTER~1\libcore.a
START GROUP
LOAD c:/programdata/matlab/supportpackages/r2022a/aide/portable/packages/arduino/tools/arm-none-eabi-gcc/4.8.3-2014q1/bin/../lib/gcc/arm-none-eabi/4.8.3/armv7-m\libgcc.a
LOAD c:/programdata/matlab/supportpackages/r2022a/aide/portable/packages/arduino/tools/arm-none-eabi-gcc/4.8.3-2014q1/bin/../lib/gcc/arm-none-eabi/4.8.3/../../../../arm-none-eabi/lib/armv7-m\libg.a
LOAD c:/programdata/matlab/supportpackages/r2022a/aide/portable/packages/arduino/tools/arm-none-eabi-gcc/4.8.3-2014q1/bin/../lib/gcc/arm-none-eabi/4.8.3/../../../../arm-none-eabi/lib/armv7-m\libc.a
END GROUP
LOAD c:/programdata/matlab/supportpackages/r2022a/aide/portable/packages/arduino/tools/arm-none-eabi-gcc/4.8.3-2014q1/bin/../lib/gcc/arm-none-eabi/4.8.3/armv7-m/crtend.o
LOAD c:/programdata/matlab/supportpackages/r2022a/aide/portable/packages/arduino/tools/arm-none-eabi-gcc/4.8.3-2014q1/bin/../lib/gcc/arm-none-eabi/4.8.3/armv7-m/crtn.o

.text           0x00080000     0xa240
                0x00080000                . = ALIGN (0x4)
                0x00080000                _sfixed = .
 *(.vectors .vectors.*)
 .vectors       0x00080000       0xf4 C:/ProgramData/MATLAB/SupportPackages/R2022a/aIDE/portable/packages/arduino/hardware/sam/1.6.12/variants/arduino_due_x/libsam_sam3x8e_gcc_rel.a(startup_sam3xa.o)
                0x00080000                exception_table
 *(.text .text.* .gnu.linkonce.t.*)
 .text          0x000800f4       0x54 c:/programdata/matlab/supportpackages/r2022a/aide/portable/packages/arduino/tools/arm-none-eabi-gcc/4.8.3-2014q1/bin/../lib/gcc/arm-none-eabi/4.8.3/armv7-m/crtbegin.o
 .text.Reset_Handler
                0x00080148       0x78 C:/ProgramData/MATLAB/SupportPackages/R2022a/aIDE/portable/packages/arduino/hardware/sam/1.6.12/variants/arduino_due_x/libsam_sam3x8e_gcc_rel.a(startup_sam3xa.o)
                0x00080148                Reset_Handler
 .text.UOTGHS_Handler
                0x000801c0       0x10 C:/ProgramData/MATLAB/SupportPackages/R2022a/aIDE/portable/packages/arduino/hardware/sam/1.6.12/variants/arduino_due_x/libsam_sam3x8e_gcc_rel.a(uotghs.o)
                0x000801c0                UOTGHS_Handler
 .text.digitalIOSetup
                0x000801d0        0xc MW_arduino_digitalio.o
                0x000801d0                digitalIOSetup
 .text.writeDigitalPin
                0x000801dc        0x8 MW_arduino_digitalio.o
                0x000801dc                writeDigitalPin
 .text.readDigitalPin
                0x000801e4        0xe MW_arduino_digitalio.o
                0x000801e4                readDigitalPin
 .text.MW_PWM_SetDutyCycle
                0x000801f2       0x46 MW_PWM.o
                0x000801f2                MW_PWM_SetDutyCycle
 .text.MW_PWM_GetHandle
                0x00080238       0x20 MW_PWM.o
                0x00080238                MW_PWM_GetHandle
 .text.setPWMHandle
                0x00080258       0x28 MW_PWM.o
                0x00080258                setPWMHandle
 .text.MW_PWM_Open
                0x00080280       0x54 MW_PWM.o
                0x00080280                MW_PWM_Open
 .text.MW_PWM_Close
                0x000802d4       0x18 MW_PWM.o
                0x000802d4                MW_PWM_Close
 .text.MW_analogWrite
                0x000802ec      0x188 MW_PWMDriver.o
                0x000802ec                MW_analogWrite
 .text.MW_setAnalogFrequency
                0x00080474      0x154 MW_PWMDriver.o
                0x00080474                MW_setAnalogFrequency
 .text.extmodeParseArgs
                0x000805c8        0x4 xcp_ext_mode.o
                0x000805c8                extmodeParseArgs
 .text.extmodeInit
                0x000805cc       0xa0 xcp_ext_mode.o
                0x000805cc                extmodeInit
 .text.extmodeWaitForHostRequest
                0x0008066c       0x94 xcp_ext_mode.o
                0x0008066c                extmodeWaitForHostRequest
 .text.extmodeEvent
                0x00080700       0x80 xcp_ext_mode.o
                0x00080700                extmodeEvent
 .text.extmodeBackgroundRun
                0x00080780        0x6 xcp_ext_mode.o
                0x00080780                extmodeBackgroundRun
 *fill*         0x00080786        0x2 
 .text.extmodeReset
                0x00080788       0x2c xcp_ext_mode.o
                0x00080788                extmodeReset
 .text.extmodeStopRequested
                0x000807b4        0xc xcp_ext_mode.o
                0x000807b4                extmodeStopRequested
 .text.extmodeSimulationComplete
                0x000807c0        0xc xcp_ext_mode.o
                0x000807c0                extmodeSimulationComplete
 .text.MW_ISR_50
                0x000807cc       0x8c PWM_sinewave_PI.o
                0x000807cc                MW_ISR_50
 .text.rt_modd_snf
                0x00080858      0x1a4 PWM_sinewave_PI.o
                0x00080858                rt_modd_snf
 .text.rt_roundd_snf
                0x000809fc       0x80 PWM_sinewave_PI.o
                0x000809fc                rt_roundd_snf
 .text.PWM_sinewave_PI_derivatives
                0x00080a7c       0x44 PWM_sinewave_PI.o
                0x00080a7c                PWM_sinewave_PI_derivatives
 .text.PWM_sinewave_PI_step
                0x00080ac0      0x6a0 PWM_sinewave_PI.o
                0x00080ac0                PWM_sinewave_PI_step
 .text.PWM_sinewave_PI_initialize
                0x00081160      0x1f0 PWM_sinewave_PI.o
                0x00081160                PWM_sinewave_PI_initialize
 .text.PWM_sinewave_PI_terminate
                0x00081350       0x60 PWM_sinewave_PI.o
                0x00081350                PWM_sinewave_PI_terminate
 .text.rtGetInf
                0x000813b0        0xc rtGetInf.o
                0x000813b0                rtGetInf
 .text.rtGetInfF
                0x000813bc        0x6 rtGetInf.o
                0x000813bc                rtGetInfF
 *fill*         0x000813c2        0x2 
 .text.rtGetMinusInf
                0x000813c4        0xc rtGetInf.o
                0x000813c4                rtGetMinusInf
 .text.rtGetMinusInfF
                0x000813d0        0x8 rtGetInf.o
                0x000813d0                rtGetMinusInfF
 .text.rtGetNaN
                0x000813d8        0xc rtGetNaN.o
                0x000813d8                rtGetNaN
 .text.rtGetNaNF
                0x000813e4        0x8 rtGetNaN.o
                0x000813e4                rtGetNaNF
 .text.rt_InitInfAndNaN
                0x000813ec       0x54 rt_nonfinite.o
                0x000813ec                rt_InitInfAndNaN
 .text.rtIsInf  0x00081440       0x38 rt_nonfinite.o
                0x00081440                rtIsInf
 .text.rtIsNaN  0x00081478       0x28 rt_nonfinite.o
                0x00081478                rtIsNaN
 .text.xcpExtModeUpdateTime
                0x000814a0       0xd8 xcp_ext_common.o
                0x000814a0                xcpExtModeUpdateTime
 .text.xcpExtModeGetUpdatedTimestamp
                0x00081578       0x40 xcp_ext_common.o
                0x00081578                xcpExtModeGetUpdatedTimestamp
 .text.xcpExtModeInit
                0x000815b8       0x40 xcp_ext_common.o
                0x000815b8                xcpExtModeInit
 .text.xcpExtModeRunBackground
                0x000815f8       0x7a xcp_ext_common.o
                0x000815f8                xcpExtModeRunBackground
 *fill*         0x00081672        0x2 
 .text.xcpExtModeReset
                0x00081674       0xa0 xcp_ext_common.o
                0x00081674                xcpExtModeReset
 .text.xcpExtModeClassicTriggerInit
                0x00081714       0x4c xcp_ext_classic_trigger.o
                0x00081714                xcpExtModeClassicTriggerInit
 .text.xcpExtModeClassicTriggerEnabled
                0x00081760      0x33c xcp_ext_classic_trigger.o
                0x00081760                xcpExtModeClassicTriggerEnabled
 .text.xcpExtModeClassicTriggerReset
                0x00081a9c       0xbc xcp_ext_classic_trigger.o
                0x00081a9c                xcpExtModeClassicTriggerReset
 .text.xcpExtModeClassicTriggerForceEnableStatusUpdate
                0x00081b58       0x50 xcp_ext_classic_trigger.o
                0x00081b58                xcpExtModeClassicTriggerForceEnableStatusUpdate
 .text.unknownInputPacketHandler
                0x00081ba8        0xa xcp.o
 .text.discardInputPacketHandler
                0x00081bb2       0x10 xcp.o
 .text.genericOutputPacketHandler
                0x00081bc2       0x64 xcp.o
                0x00081bc2                genericOutputPacketHandler
 *fill*         0x00081c26        0x2 
 .text.xcpStatusGet
                0x00081c28        0xc xcp.o
                0x00081c28                xcpStatusGet
 .text.xcpStatusSet
                0x00081c34        0xc xcp.o
                0x00081c34                xcpStatusSet
 .text.xcpSessionStatusGet
                0x00081c40        0xc xcp.o
                0x00081c40                xcpSessionStatusGet
 .text.xcpSessionStatusSetMask
                0x00081c4c       0x10 xcp.o
                0x00081c4c                xcpSessionStatusSetMask
 .text.xcpSessionStatusClearMask
                0x00081c5c       0x10 xcp.o
                0x00081c5c                xcpSessionStatusClearMask
 .text.xcpResourceProtectionStatusGet
                0x00081c6c        0xc xcp.o
                0x00081c6c                xcpResourceProtectionStatusGet
 .text.xcpSessionConfigurationIdGet
                0x00081c78        0xc xcp.o
                0x00081c78                xcpSessionConfigurationIdGet
 .text.xcpFindPacket
                0x00081c84       0x26 xcp.o
                0x00081c84                xcpFindPacket
 *fill*         0x00081caa        0x2 
 .text.xcpInit  0x00081cac       0x40 xcp.o
                0x00081cac                xcpInit
 .text.xcpRun   0x00081cec      0x18c xcp.o
                0x00081cec                xcpRun
 .text.xcpEventExternalTimestamp
                0x00081e78       0x18 xcp.o
                0x00081e78                xcpEventExternalTimestamp
 .text.xcpGetStatus
                0x00081e90        0xc xcp.o
                0x00081e90                xcpGetStatus
 .text.xcpReset
                0x00081e9c       0x28 xcp.o
                0x00081e9c                xcpReset
 .text.xcpPackedModeEventsFlush
                0x00081ec4        0x4 xcp.o
                0x00081ec4                xcpPackedModeEventsFlush
 .text.xcpPackedModeEventReset
                0x00081ec8        0x8 xcp.o
                0x00081ec8                xcpPackedModeEventReset
 .text.getStatusInputPacketHandler
                0x00081ed0        0x8 xcp_standard.o
 .text.getPacket
                0x00081ed8        0xc xcp_standard.o
 .text.uploadInputPacketHandler
                0x00081ee4       0x40 xcp_standard.o
 .text.synchInputPacketHandler
                0x00081f24       0x1c xcp_standard.o
 .text.getStatusOutputPacketHandler
                0x00081f40       0x26 xcp_standard.o
 .text.disconnectInputPacketHandler
                0x00081f66       0x22 xcp_standard.o
 .text.connectInputPacketHandler
                0x00081f88       0x32 xcp_standard.o
 .text.connectOutputPacketHandler
                0x00081fba       0x38 xcp_standard.o
 *fill*         0x00081ff2        0x2 
 .text.xcpStandardInit
                0x00081ff4       0x10 xcp_standard.o
                0x00081ff4                xcpStandardInit
 .text.xcpStandardGetPacketLookup
                0x00082004        0xc xcp_standard.o
                0x00082004                xcpStandardGetPacketLookup
 .text.xcpStandardReset
                0x00082010        0xc xcp_standard.o
                0x00082010                xcpStandardReset
 .text.xcpStandardGetAddressFromMta
                0x0008201c        0xc xcp_standard.o
                0x0008201c                xcpStandardGetAddressFromMta
 .text.xcpStandardSetMta
                0x00082028       0x14 xcp_standard.o
                0x00082028                xcpStandardSetMta
 .text.shortUploadInputPacketHandler
                0x0008203c       0x40 xcp_standard.o
 .text.setMTAInputPacketHandler
                0x0008207c       0x22 xcp_standard.o
 *fill*         0x0008209e        0x2 
 .text.xcpStandardIncrementMta
                0x000820a0       0x10 xcp_standard.o
                0x000820a0                xcpStandardIncrementMta
 .text.shortUploadOutputPacketHandler
                0x000820b0       0x44 xcp_standard.o
 .text.uploadOutputPacketHandler
                0x000820f4       0x44 xcp_standard.o
 .text.isActiveDaqList
                0x00082138       0x1c xcp_daq.o
 .text.noActiveDaqLists
                0x00082154       0x2c xcp_daq.o
 .text.isValidDaqPtr
                0x00082180       0x40 xcp_daq.o
 .text.isDaqPackedModeEnabled
                0x000821c0       0x3c xcp_daq.o
 .text.setDaqPtrInputPacketHandler
                0x000821fc       0x48 xcp_daq.o
 .text.writeDaqInputPacketHandler
                0x00082244       0x88 xcp_daq.o
 .text.setDaqListModeInputPacketHandler
                0x000822cc       0x88 xcp_daq.o
 .text.getDaqProcessorInfoInputPacketHandler
                0x00082354        0x8 xcp_daq.o
 .text.getDaqResolutionInfoInputPacketHandler
                0x0008235c        0x8 xcp_daq.o
 .text.level1CommandInputPacketHandler
                0x00082364       0x9c xcp_daq.o
 .text.getDaqResolutionInfoOutputPacketHandler
                0x00082400       0x28 xcp_daq.o
 .text.getDaqProcessorInfoOutputPacketHandler
                0x00082428       0x2a xcp_daq.o
 *fill*         0x00082452        0x2 
 .text.getPacket
                0x00082454        0xc xcp_daq.o
 .text.allocOdtEntryInputPacketHandler
                0x00082460       0x94 xcp_daq.o
 .text.allocOdtInputPacketHandler
                0x000824f4       0x88 xcp_daq.o
 .text.allocDaqInputPacketHandler
                0x0008257c       0x98 xcp_daq.o
 .text.createDaqReservedPool
                0x00082614       0x50 xcp_daq.o
 .text.startStopDaqListOutputPacketHandler
                0x00082664       0x28 xcp_daq.o
 .text.xcpDaqWriteLock.isra.2
                0x0008268c       0x28 xcp_daq.o
 .text.xcpDaqWriteUnlock.isra.3
                0x000826b4        0xc xcp_daq.o
 .text.startStopDaqListInputPacketHandler
                0x000826c0      0x1c4 xcp_daq.o
 .text.startStopSynchInputPacketHandler
                0x00082884      0x150 xcp_daq.o
 .text.xcpDaqInit
                0x000829d4       0x2c xcp_daq.o
                0x000829d4                xcpDaqInit
 .text.xcpDaqGetPacketLookup
                0x00082a00        0xc xcp_daq.o
                0x00082a00                xcpDaqGetPacketLookup
 .text.xcpDaqEvent
                0x00082a0c      0x29c xcp_daq.o
                0x00082a0c                xcpDaqEvent
 .text.xcpDaqEventsFlush
                0x00082ca8       0xe8 xcp_daq.o
                0x00082ca8                xcpDaqEventsFlush
 .text.xcpDaqLock
                0x00082d90        0x4 xcp_daq.o
                0x00082d90                xcpDaqLock
 .text.xcpDaqUnlock
                0x00082d94        0x4 xcp_daq.o
                0x00082d94                xcpDaqUnlock
 .text.xcpResetDaqListStatus
                0x00082d98       0xbc xcp_daq.o
                0x00082d98                xcpResetDaqListStatus
 .text.freeDaqInputPacketHandler
                0x00082e54       0x22 xcp_daq.o
 *fill*         0x00082e76        0x2 
 .text.xcpDaqReset
                0x00082e78       0x1c xcp_daq.o
                0x00082e78                xcpDaqReset
 .text.getPacket
                0x00082e94        0xc xcp_calibration.o
 .text.shortDownloadInputPacketHandler
                0x00082ea0       0x4c xcp_calibration.o
 .text.downloadInputPacketHandler
                0x00082eec       0x50 xcp_calibration.o
 .text.xcpCalibrationInit
                0x00082f3c       0x10 xcp_calibration.o
                0x00082f3c                xcpCalibrationInit
 .text.xcpCalibrationGetPacketLookup
                0x00082f4c        0xc xcp_calibration.o
                0x00082f4c                xcpCalibrationGetPacketLookup
 .text.xcpCalibrationReset
                0x00082f58        0x2 xcp_calibration.o
                0x00082f58                xcpCalibrationReset
 .text.xcpFifoInit
                0x00082f5a        0x8 xcp_fifo.o
                0x00082f5a                xcpFifoInit
 .text.xcpFifoEnqueue
                0x00082f62        0xc xcp_fifo.o
                0x00082f62                xcpFifoEnqueue
 .text.xcpFifoDequeue
                0x00082f6e       0x12 xcp_fifo.o
                0x00082f6e                xcpFifoDequeue
 .text.xcpFifoEnqueueHead
                0x00082f80        0xc xcp_fifo.o
                0x00082f80                xcpFifoEnqueueHead
 .text.xcpFifoReset
                0x00082f8c        0x8 xcp_fifo.o
                0x00082f8c                xcpFifoReset
 .text.xcpTransportEmptyTxFifo
                0x00082f94       0x40 xcp_transport.o
 .text.xcpTransportEmptyRxFifo
                0x00082fd4       0x38 xcp_transport.o
 .text.xcpTransportTxReady
                0x0008300c        0x4 xcp_transport.o
                0x0008300c                xcpTransportTxReady
 .text.xcpTransportTxTrigger
                0x00083010        0x4 xcp_transport.o
                0x00083010                xcpTransportTxTrigger
 .text.xcpTransportTx
                0x00083014       0x88 xcp_transport.o
                0x00083014                xcpTransportTx
 .text.xcpTransportRx
                0x0008309c       0x54 xcp_transport.o
                0x0008309c                xcpTransportRx
 .text.xcpTransportPacketOffset
                0x000830f0        0xa xcp_transport.o
                0x000830f0                xcpTransportPacketOffset
 *fill*         0x000830fa        0x2 
 .text.xcpTransportTxPacketSet
                0x000830fc       0x8c xcp_transport.o
                0x000830fc                xcpTransportTxPacketSet
 .text.xcpTransportRxPacketGet
                0x00083188       0x80 xcp_transport.o
                0x00083188                xcpTransportRxPacketGet
 .text.xcpTransportMsgBufferSize
                0x00083208       0x28 xcp_transport.o
                0x00083208                xcpTransportMsgBufferSize
 .text.xcpTransportInit
                0x00083230       0x7c xcp_transport.o
                0x00083230                xcpTransportInit
 .text.xcpTransportMaxDtoSize
                0x000832ac        0x4 xcp_transport.o
                0x000832ac                xcpTransportMaxDtoSize
 .text.xcpTransportMaxCtoSize
                0x000832b0        0x4 xcp_transport.o
                0x000832b0                xcpTransportMaxCtoSize
 .text.xcpTransportRestart
                0x000832b4       0x16 xcp_transport.o
                0x000832b4                xcpTransportRestart
 .text.xcpTransportResynch
                0x000832ca       0x12 xcp_transport.o
                0x000832ca                xcpTransportResynch
 .text.xcpTransportCtoReservedMemPoolId
                0x000832dc        0xc xcp_transport.o
                0x000832dc                xcpTransportCtoReservedMemPoolId
 .text.xcpTransportReset
                0x000832e8       0x54 xcp_transport.o
                0x000832e8                xcpTransportReset
 .text.xcpInitializePoolMemoryArea
                0x0008333c       0x30 xcp_mem_default.o
 .text.xcpMemInit
                0x0008336c       0x94 xcp_mem_default.o
                0x0008336c                xcpMemInit
 .text.xcpMemAlloc
                0x00083400       0x64 xcp_mem_default.o
                0x00083400                xcpMemAlloc
 .text.xcpMemFree
                0x00083464       0x80 xcp_mem_default.o
                0x00083464                xcpMemFree
 .text.xcpMemReservedPoolCreate
                0x000834e4       0xe0 xcp_mem_default.o
                0x000834e4                xcpMemReservedPoolCreate
 .text.xcpMemReservedPoolDestroy
                0x000835c4       0x88 xcp_mem_default.o
                0x000835c4                xcpMemReservedPoolDestroy
 .text.xcpMemCustomPoolCreate
                0x0008364c       0x4c xcp_mem_default.o
                0x0008364c                xcpMemCustomPoolCreate
 .text.xcpMemCustomPoolDestroy
                0x00083698       0x2c xcp_mem_default.o
                0x00083698                xcpMemCustomPoolDestroy
 .text.xcpMemAllocFromPool
                0x000836c4       0x70 xcp_mem_default.o
                0x000836c4                xcpMemAllocFromPool
 .text.xcpMemReset
                0x00083734       0x48 xcp_mem_default.o
                0x00083734                xcpMemReset
 .text.xcpDrvOpen
                0x0008377c       0x24 xcp_drv_rtiostream.o
                0x0008377c                xcpDrvOpen
 .text.xcpDrvIoctl
                0x000837a0       0x14 xcp_drv_rtiostream.o
                0x000837a0                xcpDrvIoctl
 .text.xcpDrvSend
                0x000837b4       0x9c xcp_drv_rtiostream.o
                0x000837b4                xcpDrvSend
 .text.xcpDrvRecv
                0x00083850       0x9c xcp_drv_rtiostream.o
                0x00083850                xcpDrvRecv
 .text.xcpDrvClose
                0x000838ec       0x28 xcp_drv_rtiostream.o
                0x000838ec                xcpDrvClose
 .text.xcpSxiChecksum
                0x00083914       0x1a xcp_frame_serial.o
                0x00083914                xcpSxiChecksum
 *fill*         0x0008392e        0x2 
 .text.xcpFrameInit
                0x00083930       0x38 xcp_frame_serial.o
                0x00083930                xcpFrameInit
 .text.xcpFrameMsgSend
                0x00083968       0x98 xcp_frame_serial.o
                0x00083968                xcpFrameMsgSend
 .text.xcpFrameMsgRecv
                0x00083a00       0xb4 xcp_frame_serial.o
                0x00083a00                xcpFrameMsgRecv
 .text.xcpFrameCreateMsg
                0x00083ab4       0x1c xcp_frame_serial.o
                0x00083ab4                xcpFrameCreateMsg
 .text.xcpFrameExtractPacket
                0x00083ad0       0x80 xcp_frame_serial.o
                0x00083ad0                xcpFrameExtractPacket
 .text.xcpFrameHeaderSize
                0x00083b50        0x4 xcp_frame_serial.o
                0x00083b50                xcpFrameHeaderSize
 .text.xcpFrameTailSize
                0x00083b54        0x4 xcp_frame_serial.o
                0x00083b54                xcpFrameTailSize
 .text.xcpFrameMaxDtoSize
                0x00083b58        0x6 xcp_frame_serial.o
                0x00083b58                xcpFrameMaxDtoSize
 .text.xcpFrameMaxCtoSize
                0x00083b5e        0x4 xcp_frame_serial.o
                0x00083b5e                xcpFrameMaxCtoSize
 *fill*         0x00083b62        0x2 
 .text.xcpFrameRestart
                0x00083b64       0x1c xcp_frame_serial.o
                0x00083b64                xcpFrameRestart
 .text.xcpFrameSetCtoReservedMemPoolId
                0x00083b80        0xc xcp_frame_serial.o
                0x00083b80                xcpFrameSetCtoReservedMemPoolId
 .text.xcpFrameReset
                0x00083b8c       0x30 xcp_frame_serial.o
                0x00083b8c                xcpFrameReset
 .text.xcpTransportGetInitParameters
                0x00083bbc        0xc xcp_ext_param_default_serial.o
                0x00083bbc                xcpTransportGetInitParameters
 .text.xcpGetInitParameters
                0x00083bc8        0xc xcp_ext_param_default_serial.o
                0x00083bc8                xcpGetInitParameters
 .text.__halt   0x00083bd4        0x2 arm_m3_cortex_handler.o
                0x00083bd4                DACC_Handler
                0x00083bd4                DebugMon_Handler
                0x00083bd4                DMAC_Handler
                0x00083bd4                TRNG_Handler
                0x00083bd4                HardFault_Handler
                0x00083bd4                TC2_Handler
                0x00083bd4                TWI1_Handler
                0x00083bd4                NMI_Handler
                0x00083bd4                TC7_Handler
                0x00083bd4                ADC_Handler
                0x00083bd4                SMC_Handler
                0x00083bd4                RTT_Handler
                0x00083bd4                EFC1_Handler
                0x00083bd4                RTC_Handler
                0x00083bd4                UsageFault_Handler
                0x00083bd4                TC6_Handler
                0x00083bd4                WDT_Handler
                0x00083bd4                CAN0_Handler
                0x00083bd4                TC4_Handler
                0x00083bd4                TC1_Handler
                0x00083bd4                HSMCI_Handler
                0x00083bd4                TC3_Handler
                0x00083bd4                TWI0_Handler
                0x00083bd4                SSC_Handler
                0x00083bd4                EFC0_Handler
                0x00083bd4                PMC_Handler
                0x00083bd4                PWM_Handler
                0x00083bd4                CAN1_Handler
                0x00083bd4                MemManage_Handler
                0x00083bd4                SUPC_Handler
                0x00083bd4                USART2_Handler
                0x00083bd4                EMAC_Handler
                0x00083bd4                BusFault_Handler
                0x00083bd4                RSTC_Handler
                0x00083bd4                TC0_Handler
                0x00083bd4                TC5_Handler
                0x00083bd4                SPI0_Handler
 .text.SysTick_Handler
                0x00083bd6       0x16 arm_m3_cortex_handler.o
                0x00083bd6                SysTick_Handler
 .text.MW_Arduino_Init
                0x00083bec       0x14 MW_ArduinoHWInit.o
                0x00083bec                MW_Arduino_Init
 .text.MW_Arduino_Terminate
                0x00083c00        0x2 MW_ArduinoHWInit.o
                0x00083c00                MW_Arduino_Terminate
 *fill*         0x00083c02        0x2 
 .text.Serial_begin
                0x00083c04       0x34 io_wrappers.o
                0x00083c04                Serial_begin
 .text._ZL13Scheduler_Isrv
                0x00083c38       0x14 arduinoARMScheduler.o
 .text.TC8_Handler
                0x00083c4c       0x20 arduinoARMScheduler.o
                0x00083c4c                TC8_Handler
 .text.Setup_SchedulerTimer
                0x00083c6c       0x84 arduinoARMScheduler.o
                0x00083c6c                Setup_SchedulerTimer
 .text.configureArduinoARMTimer
                0x00083cf0       0x3c arduinoARMScheduler.o
                0x00083cf0                configureArduinoARMTimer
 .text.disable_rt_OneStep
                0x00083d2c       0x14 arduinoARMScheduler.o
                0x00083d2c                disable_rt_OneStep
 .text.MW_Arduino_Loop
                0x00083d40        0x4 arduinoARMScheduler.o
                0x00083d40                MW_Arduino_Loop
 .text.PendSV_Handler
                0x00083d44       0x3c m3m4m4f_multitasking.o
                0x00083d44                PendSV_Handler
 .text.SVC_Handler
                0x00083d80       0x4c m3m4m4f_multitasking.o
                0x00083d80                SVC_Handler
 .text.rtIOStreamResync
                0x00083dcc        0xc rtiostream_serial_daemon.o
                0x00083dcc                rtIOStreamResync
 .text.rtIOStreamSend
                0x00083dd8       0x1c rtiostream_serial_daemon.o
                0x00083dd8                rtIOStreamSend
 .text.rtIOStreamClose
                0x00083df4        0xe rtiostream_serial_daemon.o
                0x00083df4                rtIOStreamClose
 *fill*         0x00083e02        0x2 
 .text.rtIOStreamOpen
                0x00083e04       0x24 rtiostream_serial_daemon.o
                0x00083e04                rtIOStreamOpen
 .text.rtIOStreamRecv
                0x00083e28       0x5c rtiostream_serial_daemon.o
                0x00083e28                rtIOStreamRecv
 .text.sys_arch_protect
                0x00083e84        0x8 sys_arch.o
                0x00083e84                sys_arch_protect
 .text.sys_arch_unprotect
                0x00083e8c        0x6 sys_arch.o
                0x00083e8c                sys_arch_unprotect
 *fill*         0x00083e92        0x2 
 .text.rt_OneStep
                0x00083e94       0x30 ert_main.o
                0x00083e94                rt_OneStep
 .text.startup.main
                0x00083ec4       0xfc ert_main.o
                0x00083ec4                main
 .text.__empty  0x00083fc0        0x2 C:/Users/user/DOCUME~1/MATLAB/R2022a/ARDUIN~1/ARDUIN~1/FASTER~1/libcore.a(hooks.o)
                0x00083fc0                yield
 .text.__false  0x00083fc2        0x4 C:/Users/user/DOCUME~1/MATLAB/R2022a/ARDUIN~1/ARDUIN~1/FASTER~1/libcore.a(hooks.o)
                0x00083fc2                sysTickHook
 *fill*         0x00083fc6        0x2 
 .text._sbrk    0x00083fc8       0x1c C:/Users/user/DOCUME~1/MATLAB/R2022a/ARDUIN~1/ARDUIN~1/FASTER~1/libcore.a(syscalls_sam3.o)
                0x00083fc8                _sbrk
 .text.link     0x00083fe4        0x6 C:/Users/user/DOCUME~1/MATLAB/R2022a/ARDUIN~1/ARDUIN~1/FASTER~1/libcore.a(syscalls_sam3.o)
                0x00083fe4                link
 .text._close   0x00083fea        0x6 C:/Users/user/DOCUME~1/MATLAB/R2022a/ARDUIN~1/ARDUIN~1/FASTER~1/libcore.a(syscalls_sam3.o)
                0x00083fea                _close
 .text._fstat   0x00083ff0        0xa C:/Users/user/DOCUME~1/MATLAB/R2022a/ARDUIN~1/ARDUIN~1/FASTER~1/libcore.a(syscalls_sam3.o)
                0x00083ff0                _fstat
 .text._isatty  0x00083ffa        0x4 C:/Users/user/DOCUME~1/MATLAB/R2022a/ARDUIN~1/ARDUIN~1/FASTER~1/libcore.a(syscalls_sam3.o)
                0x00083ffa                _isatty
 .text._lseek   0x00083ffe        0x4 C:/Users/user/DOCUME~1/MATLAB/R2022a/ARDUIN~1/ARDUIN~1/FASTER~1/libcore.a(syscalls_sam3.o)
                0x00083ffe                _lseek
 .text._read    0x00084002        0x4 C:/Users/user/DOCUME~1/MATLAB/R2022a/ARDUIN~1/ARDUIN~1/FASTER~1/libcore.a(syscalls_sam3.o)
                0x00084002                _read
 *fill*         0x00084006        0x2 
 .text._write   0x00084008       0x24 C:/Users/user/DOCUME~1/MATLAB/R2022a/ARDUIN~1/ARDUIN~1/FASTER~1/libcore.a(syscalls_sam3.o)
                0x00084008                _write
 .text._exit    0x0008402c        0x2 C:/Users/user/DOCUME~1/MATLAB/R2022a/ARDUIN~1/ARDUIN~1/FASTER~1/libcore.a(syscalls_sam3.o)
                0x0008402c                _exit
 .text._kill    0x0008402e        0x2 C:/Users/user/DOCUME~1/MATLAB/R2022a/ARDUIN~1/ARDUIN~1/FASTER~1/libcore.a(syscalls_sam3.o)
                0x0008402e                _kill
 .text._getpid  0x00084030        0x6 C:/Users/user/DOCUME~1/MATLAB/R2022a/ARDUIN~1/ARDUIN~1/FASTER~1/libcore.a(syscalls_sam3.o)
                0x00084030                _getpid
 *fill*         0x00084036        0x2 
 .text.attachInterrupt
                0x00084038      0x148 C:/Users/user/DOCUME~1/MATLAB/R2022a/ARDUIN~1/ARDUIN~1/FASTER~1/libcore.a(WInterrupts.o)
                0x00084038                attachInterrupt
 .text.PIOA_Handler
                0x00084180       0x38 C:/Users/user/DOCUME~1/MATLAB/R2022a/ARDUIN~1/ARDUIN~1/FASTER~1/libcore.a(WInterrupts.o)
                0x00084180                PIOA_Handler
 .text.PIOB_Handler
                0x000841b8       0x38 C:/Users/user/DOCUME~1/MATLAB/R2022a/ARDUIN~1/ARDUIN~1/FASTER~1/libcore.a(WInterrupts.o)
                0x000841b8                PIOB_Handler
 .text.PIOC_Handler
                0x000841f0       0x38 C:/Users/user/DOCUME~1/MATLAB/R2022a/ARDUIN~1/ARDUIN~1/FASTER~1/libcore.a(WInterrupts.o)
                0x000841f0                PIOC_Handler
 .text.PIOD_Handler
                0x00084228       0x38 C:/Users/user/DOCUME~1/MATLAB/R2022a/ARDUIN~1/ARDUIN~1/FASTER~1/libcore.a(WInterrupts.o)
                0x00084228                PIOD_Handler
 .text.delay    0x00084260       0x1c C:/Users/user/DOCUME~1/MATLAB/R2022a/ARDUIN~1/ARDUIN~1/FASTER~1/libcore.a(wiring.o)
                0x00084260                delay
 .text.mapResolution
                0x0008427c       0x12 C:/Users/user/DOCUME~1/MATLAB/R2022a/ARDUIN~1/ARDUIN~1/FASTER~1/libcore.a(wiring_analog.o)
 .text.analogOutputInit
                0x0008428e        0x2 C:/Users/user/DOCUME~1/MATLAB/R2022a/ARDUIN~1/ARDUIN~1/FASTER~1/libcore.a(wiring_analog.o)
                0x0008428e                analogOutputInit
 .text.analogWrite
                0x00084290      0x2c0 C:/Users/user/DOCUME~1/MATLAB/R2022a/ARDUIN~1/ARDUIN~1/FASTER~1/libcore.a(wiring_analog.o)
                0x00084290                analogWrite
 .text.pinMode  0x00084550      0x108 C:/Users/user/DOCUME~1/MATLAB/R2022a/ARDUIN~1/ARDUIN~1/FASTER~1/libcore.a(wiring_digital.o)
                0x00084550                pinMode
 .text.digitalWrite
                0x00084658       0x70 C:/Users/user/DOCUME~1/MATLAB/R2022a/ARDUIN~1/ARDUIN~1/FASTER~1/libcore.a(wiring_digital.o)
                0x00084658                digitalWrite
 .text.digitalRead
                0x000846c8       0x44 C:/Users/user/DOCUME~1/MATLAB/R2022a/ARDUIN~1/ARDUIN~1/FASTER~1/libcore.a(wiring_digital.o)
                0x000846c8                digitalRead
 .text.tickReset
                0x0008470c       0x20 C:/Users/user/DOCUME~1/MATLAB/R2022a/ARDUIN~1/ARDUIN~1/FASTER~1/libcore.a(Reset.o)
                0x0008470c                tickReset
 .text._ZN9UARTClasscvbEv
                0x0008472c        0x4 C:/Users/user/DOCUME~1/MATLAB/R2022a/ARDUIN~1/ARDUIN~1/FASTER~1/libcore.a(UARTClass.o)
                0x0008472c                UARTClass::operator bool()
 .text._ZN9UARTClass9availableEv
                0x00084730       0x12 C:/Users/user/DOCUME~1/MATLAB/R2022a/ARDUIN~1/ARDUIN~1/FASTER~1/libcore.a(UARTClass.o)
                0x00084730                UARTClass::available()
 .text._ZN9UARTClass4peekEv
                0x00084742       0x1c C:/Users/user/DOCUME~1/MATLAB/R2022a/ARDUIN~1/ARDUIN~1/FASTER~1/libcore.a(UARTClass.o)
                0x00084742                UARTClass::peek()
 .text._ZN9UARTClass4readEv
                0x0008475e       0x2a C:/Users/user/DOCUME~1/MATLAB/R2022a/ARDUIN~1/ARDUIN~1/FASTER~1/libcore.a(UARTClass.o)
                0x0008475e                UARTClass::read()
 .text._ZN9UARTClass5flushEv
                0x00084788       0x18 C:/Users/user/DOCUME~1/MATLAB/R2022a/ARDUIN~1/ARDUIN~1/FASTER~1/libcore.a(UARTClass.o)
                0x00084788                UARTClass::flush()
 .text._ZN9UARTClass5writeEh
                0x000847a0       0x54 C:/Users/user/DOCUME~1/MATLAB/R2022a/ARDUIN~1/ARDUIN~1/FASTER~1/libcore.a(UARTClass.o)
                0x000847a0                UARTClass::write(unsigned char)
 .text._ZN9UARTClass3endEv
                0x000847f4       0x3c C:/Users/user/DOCUME~1/MATLAB/R2022a/ARDUIN~1/ARDUIN~1/FASTER~1/libcore.a(UARTClass.o)
                0x000847f4                UARTClass::end()
 .text._ZN9UARTClassC2EP4Uart4IRQnmP10RingBufferS4_
                0x00084830       0x24 C:/Users/user/DOCUME~1/MATLAB/R2022a/ARDUIN~1/ARDUIN~1/FASTER~1/libcore.a(UARTClass.o)
                0x00084830                UARTClass::UARTClass(Uart*, IRQn, unsigned long, RingBuffer*, RingBuffer*)
                0x00084830                UARTClass::UARTClass(Uart*, IRQn, unsigned long, RingBuffer*, RingBuffer*)
 .text._ZN9UARTClass4initEmm
                0x00084854       0x70 C:/Users/user/DOCUME~1/MATLAB/R2022a/ARDUIN~1/ARDUIN~1/FASTER~1/libcore.a(UARTClass.o)
                0x00084854                UARTClass::init(unsigned long, unsigned long)
 .text._ZN9UARTClass5beginEm
                0x000848c4        0x8 C:/Users/user/DOCUME~1/MATLAB/R2022a/ARDUIN~1/ARDUIN~1/FASTER~1/libcore.a(UARTClass.o)
                0x000848c4                UARTClass::begin(unsigned long)
 .text._ZN9UARTClass10IrqHandlerEv
                0x000848cc       0x5a C:/Users/user/DOCUME~1/MATLAB/R2022a/ARDUIN~1/ARDUIN~1/FASTER~1/libcore.a(UARTClass.o)
                0x000848cc                UARTClass::IrqHandler()
 .text._ZN10USARTClass5beginEm
                0x00084926        0x8 C:/Users/user/DOCUME~1/MATLAB/R2022a/ARDUIN~1/ARDUIN~1/FASTER~1/libcore.a(USARTClass.o)
                0x00084926                USARTClass::begin(unsigned long)
 *fill*         0x0008492e        0x2 
 .text._ZN10USARTClassC2EP5Usart4IRQnmP10RingBufferS4_
                0x00084930       0x24 C:/Users/user/DOCUME~1/MATLAB/R2022a/ARDUIN~1/ARDUIN~1/FASTER~1/libcore.a(USARTClass.o)
                0x00084930                USARTClass::USARTClass(Usart*, IRQn, unsigned long, RingBuffer*, RingBuffer*)
                0x00084930                USARTClass::USARTClass(Usart*, IRQn, unsigned long, RingBuffer*, RingBuffer*)
 .text._Z15watchdogDisablev
                0x00084954        0xc C:/Users/user/DOCUME~1/MATLAB/R2022a/ARDUIN~1/ARDUIN~1/FASTER~1/libcore.a(watchdog.o)
                0x00084954                watchdogDisable()
 .text.UART_Handler
                0x00084960        0xc C:/Users/user/DOCUME~1/MATLAB/R2022a/ARDUIN~1/ARDUIN~1/FASTER~1/libcore.a(variant.o)
                0x00084960                UART_Handler
 .text.USART0_Handler
                0x0008496c        0xc C:/Users/user/DOCUME~1/MATLAB/R2022a/ARDUIN~1/ARDUIN~1/FASTER~1/libcore.a(variant.o)
                0x0008496c                USART0_Handler
 .text.USART1_Handler
                0x00084978        0xc C:/Users/user/DOCUME~1/MATLAB/R2022a/ARDUIN~1/ARDUIN~1/FASTER~1/libcore.a(variant.o)
                0x00084978                USART1_Handler
 .text.USART3_Handler
                0x00084984        0xc C:/Users/user/DOCUME~1/MATLAB/R2022a/ARDUIN~1/ARDUIN~1/FASTER~1/libcore.a(variant.o)
                0x00084984                USART3_Handler
 .text.init     0x00084990      0x128 C:/Users/user/DOCUME~1/MATLAB/R2022a/ARDUIN~1/ARDUIN~1/FASTER~1/libcore.a(variant.o)
                0x00084990                init
 .text.startup._GLOBAL__sub_I_g_APinDescription
                0x00084ab8       0xd4 C:/Users/user/DOCUME~1/MATLAB/R2022a/ARDUIN~1/ARDUIN~1/FASTER~1/libcore.a(variant.o)
 .text._ZN5Print5writeEPKhj
                0x00084b8c       0x22 C:/Users/user/DOCUME~1/MATLAB/R2022a/ARDUIN~1/ARDUIN~1/FASTER~1/libcore.a(Print.o)
                0x00084b8c                Print::write(unsigned char const*, unsigned int)
 .text._ZN10RingBufferC2Ev
                0x00084bae       0x1a C:/Users/user/DOCUME~1/MATLAB/R2022a/ARDUIN~1/ARDUIN~1/FASTER~1/libcore.a(RingBuffer.o)
                0x00084bae                RingBuffer::RingBuffer()
                0x00084bae                RingBuffer::RingBuffer()
 .text._ZN10RingBuffer10store_charEh
                0x00084bc8       0x1e C:/Users/user/DOCUME~1/MATLAB/R2022a/ARDUIN~1/ARDUIN~1/FASTER~1/libcore.a(RingBuffer.o)
                0x00084bc8                RingBuffer::store_char(unsigned char)
 .text.PIO_PullUp
                0x00084be6        0xa C:/ProgramData/MATLAB/SupportPackages/R2022a/aIDE/portable/packages/arduino/hardware/sam/1.6.12/variants/arduino_due_x/libsam_sam3x8e_gcc_rel.a(pio.o)
                0x00084be6                PIO_PullUp
 .text.PIO_Get  0x00084bf0       0x14 C:/ProgramData/MATLAB/SupportPackages/R2022a/aIDE/portable/packages/arduino/hardware/sam/1.6.12/variants/arduino_due_x/libsam_sam3x8e_gcc_rel.a(pio.o)
                0x00084bf0                PIO_Get
 .text.PIO_SetPeripheral
                0x00084c04       0x26 C:/ProgramData/MATLAB/SupportPackages/R2022a/aIDE/portable/packages/arduino/hardware/sam/1.6.12/variants/arduino_due_x/libsam_sam3x8e_gcc_rel.a(pio.o)
                0x00084c04                PIO_SetPeripheral
 .text.PIO_SetInput
                0x00084c2a       0x26 C:/ProgramData/MATLAB/SupportPackages/R2022a/aIDE/portable/packages/arduino/hardware/sam/1.6.12/variants/arduino_due_x/libsam_sam3x8e_gcc_rel.a(pio.o)
                0x00084c2a                PIO_SetInput
 .text.PIO_SetOutput
                0x00084c50       0x24 C:/ProgramData/MATLAB/SupportPackages/R2022a/aIDE/portable/packages/arduino/hardware/sam/1.6.12/variants/arduino_due_x/libsam_sam3x8e_gcc_rel.a(pio.o)
                0x00084c50                PIO_SetOutput
 .text.PIO_Configure
                0x00084c74       0x64 C:/ProgramData/MATLAB/SupportPackages/R2022a/aIDE/portable/packages/arduino/hardware/sam/1.6.12/variants/arduino_due_x/libsam_sam3x8e_gcc_rel.a(pio.o)
                0x00084c74                PIO_Configure
 .text.PIO_GetOutputDataStatus
                0x00084cd8       0x14 C:/ProgramData/MATLAB/SupportPackages/R2022a/aIDE/portable/packages/arduino/hardware/sam/1.6.12/variants/arduino_due_x/libsam_sam3x8e_gcc_rel.a(pio.o)
                0x00084cd8                PIO_GetOutputDataStatus
 .text.pmc_enable_periph_clk
                0x00084cec       0x44 C:/ProgramData/MATLAB/SupportPackages/R2022a/aIDE/portable/packages/arduino/hardware/sam/1.6.12/variants/arduino_due_x/libsam_sam3x8e_gcc_rel.a(pmc.o)
                0x00084cec                pmc_enable_periph_clk
 .text.pmc_disable_periph_clk
                0x00084d30       0x40 C:/ProgramData/MATLAB/SupportPackages/R2022a/aIDE/portable/packages/arduino/hardware/sam/1.6.12/variants/arduino_due_x/libsam_sam3x8e_gcc_rel.a(pmc.o)
                0x00084d30                pmc_disable_periph_clk
 .text.pmc_set_writeprotect
                0x00084d70       0x1c C:/ProgramData/MATLAB/SupportPackages/R2022a/aIDE/portable/packages/arduino/hardware/sam/1.6.12/variants/arduino_due_x/libsam_sam3x8e_gcc_rel.a(pmc.o)
                0x00084d70                pmc_set_writeprotect
 .text.FindClockConfiguration
                0x00084d8c       0x7c C:/ProgramData/MATLAB/SupportPackages/R2022a/aIDE/portable/packages/arduino/hardware/sam/1.6.12/variants/arduino_due_x/libsam_sam3x8e_gcc_rel.a(pwmc.o)
 .text.PWMC_ConfigureChannel
                0x00084e08       0x60 C:/ProgramData/MATLAB/SupportPackages/R2022a/aIDE/portable/packages/arduino/hardware/sam/1.6.12/variants/arduino_due_x/libsam_sam3x8e_gcc_rel.a(pwmc.o)
                0x00084e08                PWMC_ConfigureChannel
 .text.PWMC_ConfigureClocks
                0x00084e68       0x54 C:/ProgramData/MATLAB/SupportPackages/R2022a/aIDE/portable/packages/arduino/hardware/sam/1.6.12/variants/arduino_due_x/libsam_sam3x8e_gcc_rel.a(pwmc.o)
                0x00084e68                PWMC_ConfigureClocks
 .text.PWMC_SetPeriod
                0x00084ebc       0x1a C:/ProgramData/MATLAB/SupportPackages/R2022a/aIDE/portable/packages/arduino/hardware/sam/1.6.12/variants/arduino_due_x/libsam_sam3x8e_gcc_rel.a(pwmc.o)
                0x00084ebc                PWMC_SetPeriod
 *fill*         0x00084ed6        0x2 
 .text.PWMC_SetDutyCycle
                0x00084ed8       0x44 C:/ProgramData/MATLAB/SupportPackages/R2022a/aIDE/portable/packages/arduino/hardware/sam/1.6.12/variants/arduino_due_x/libsam_sam3x8e_gcc_rel.a(pwmc.o)
                0x00084ed8                PWMC_SetDutyCycle
 .text.PWMC_EnableChannel
                0x00084f1c        0xa C:/ProgramData/MATLAB/SupportPackages/R2022a/aIDE/portable/packages/arduino/hardware/sam/1.6.12/variants/arduino_due_x/libsam_sam3x8e_gcc_rel.a(pwmc.o)
                0x00084f1c                PWMC_EnableChannel
 *fill*         0x00084f26        0x2 
 .text.TC_Configure
                0x00084f28       0x38 C:/ProgramData/MATLAB/SupportPackages/R2022a/aIDE/portable/packages/arduino/hardware/sam/1.6.12/variants/arduino_due_x/libsam_sam3x8e_gcc_rel.a(tc.o)
                0x00084f28                TC_Configure
 .text.TC_Start
                0x00084f60       0x2c C:/ProgramData/MATLAB/SupportPackages/R2022a/aIDE/portable/packages/arduino/hardware/sam/1.6.12/variants/arduino_due_x/libsam_sam3x8e_gcc_rel.a(tc.o)
                0x00084f60                TC_Start
 .text.TC_GetStatus
                0x00084f8c        0x8 C:/ProgramData/MATLAB/SupportPackages/R2022a/aIDE/portable/packages/arduino/hardware/sam/1.6.12/variants/arduino_due_x/libsam_sam3x8e_gcc_rel.a(tc.o)
                0x00084f8c                TC_GetStatus
 .text.TC_SetRA
                0x00084f94        0x8 C:/ProgramData/MATLAB/SupportPackages/R2022a/aIDE/portable/packages/arduino/hardware/sam/1.6.12/variants/arduino_due_x/libsam_sam3x8e_gcc_rel.a(tc.o)
                0x00084f94                TC_SetRA
 .text.TC_SetRB
                0x00084f9c        0x8 C:/ProgramData/MATLAB/SupportPackages/R2022a/aIDE/portable/packages/arduino/hardware/sam/1.6.12/variants/arduino_due_x/libsam_sam3x8e_gcc_rel.a(tc.o)
                0x00084f9c                TC_SetRB
 .text.TC_SetRC
                0x00084fa4        0x8 C:/ProgramData/MATLAB/SupportPackages/R2022a/aIDE/portable/packages/arduino/hardware/sam/1.6.12/variants/arduino_due_x/libsam_sam3x8e_gcc_rel.a(tc.o)
                0x00084fa4                TC_SetRC
 .text.TimeTick_Increment
                0x00084fac       0x10 C:/ProgramData/MATLAB/SupportPackages/R2022a/aIDE/portable/packages/arduino/hardware/sam/1.6.12/variants/arduino_due_x/libsam_sam3x8e_gcc_rel.a(timetick.o)
                0x00084fac                TimeTick_Increment
 .text.GetTickCount
                0x00084fbc        0xc C:/ProgramData/MATLAB/SupportPackages/R2022a/aIDE/portable/packages/arduino/hardware/sam/1.6.12/variants/arduino_due_x/libsam_sam3x8e_gcc_rel.a(timetick.o)
                0x00084fbc                GetTickCount
 .text.WDT_Disable
                0x00084fc8        0x8 C:/ProgramData/MATLAB/SupportPackages/R2022a/aIDE/portable/packages/arduino/hardware/sam/1.6.12/variants/arduino_due_x/libsam_sam3x8e_gcc_rel.a(wdt.o)
                0x00084fc8                WDT_Disable
 .text.SystemInit
                0x00084fd0       0x88 C:/ProgramData/MATLAB/SupportPackages/R2022a/aIDE/portable/packages/arduino/hardware/sam/1.6.12/variants/arduino_due_x/libsam_sam3x8e_gcc_rel.a(system_sam3xa.o)
                0x00084fd0                SystemInit
 .text.adc_init
                0x00085058       0x98 C:/ProgramData/MATLAB/SupportPackages/R2022a/aIDE/portable/packages/arduino/hardware/sam/1.6.12/variants/arduino_due_x/libsam_sam3x8e_gcc_rel.a(adc.o)
                0x00085058                adc_init
 .text.adc_configure_trigger
                0x000850f0        0xe C:/ProgramData/MATLAB/SupportPackages/R2022a/aIDE/portable/packages/arduino/hardware/sam/1.6.12/variants/arduino_due_x/libsam_sam3x8e_gcc_rel.a(adc.o)
                0x000850f0                adc_configure_trigger
 .text.adc_configure_timing
                0x000850fe       0x1a C:/ProgramData/MATLAB/SupportPackages/R2022a/aIDE/portable/packages/arduino/hardware/sam/1.6.12/variants/arduino_due_x/libsam_sam3x8e_gcc_rel.a(adc.o)
                0x000850fe                adc_configure_timing
 .text.adc_disable_channel
                0x00085118        0xa C:/ProgramData/MATLAB/SupportPackages/R2022a/aIDE/portable/packages/arduino/hardware/sam/1.6.12/variants/arduino_due_x/libsam_sam3x8e_gcc_rel.a(adc.o)
                0x00085118                adc_disable_channel
 .text.adc_disable_all_channel
                0x00085122        0x8 C:/ProgramData/MATLAB/SupportPackages/R2022a/aIDE/portable/packages/arduino/hardware/sam/1.6.12/variants/arduino_due_x/libsam_sam3x8e_gcc_rel.a(adc.o)
                0x00085122                adc_disable_all_channel
 .text.adc_disable_interrupt
                0x0008512a        0x4 C:/ProgramData/MATLAB/SupportPackages/R2022a/aIDE/portable/packages/arduino/hardware/sam/1.6.12/variants/arduino_due_x/libsam_sam3x8e_gcc_rel.a(adc.o)
                0x0008512a                adc_disable_interrupt
 .text.dacc_reset
                0x0008512e        0x6 C:/ProgramData/MATLAB/SupportPackages/R2022a/aIDE/portable/packages/arduino/hardware/sam/1.6.12/variants/arduino_due_x/libsam_sam3x8e_gcc_rel.a(dacc.o)
                0x0008512e                dacc_reset
 .text.dacc_set_transfer_mode
                0x00085134       0x14 C:/ProgramData/MATLAB/SupportPackages/R2022a/aIDE/portable/packages/arduino/hardware/sam/1.6.12/variants/arduino_due_x/libsam_sam3x8e_gcc_rel.a(dacc.o)
                0x00085134                dacc_set_transfer_mode
 .text.dacc_get_interrupt_status
                0x00085148        0x4 C:/ProgramData/MATLAB/SupportPackages/R2022a/aIDE/portable/packages/arduino/hardware/sam/1.6.12/variants/arduino_due_x/libsam_sam3x8e_gcc_rel.a(dacc.o)
                0x00085148                dacc_get_interrupt_status
 .text.dacc_write_conversion_data
                0x0008514c        0x4 C:/ProgramData/MATLAB/SupportPackages/R2022a/aIDE/portable/packages/arduino/hardware/sam/1.6.12/variants/arduino_due_x/libsam_sam3x8e_gcc_rel.a(dacc.o)
                0x0008514c                dacc_write_conversion_data
 .text.dacc_set_channel_selection
                0x00085150       0x18 C:/ProgramData/MATLAB/SupportPackages/R2022a/aIDE/portable/packages/arduino/hardware/sam/1.6.12/variants/arduino_due_x/libsam_sam3x8e_gcc_rel.a(dacc.o)
                0x00085150                dacc_set_channel_selection
 .text.dacc_set_power_save
                0x00085168       0x24 C:/ProgramData/MATLAB/SupportPackages/R2022a/aIDE/portable/packages/arduino/hardware/sam/1.6.12/variants/arduino_due_x/libsam_sam3x8e_gcc_rel.a(dacc.o)
                0x00085168                dacc_set_power_save
 .text.dacc_set_timing
                0x0008518c       0x2c C:/ProgramData/MATLAB/SupportPackages/R2022a/aIDE/portable/packages/arduino/hardware/sam/1.6.12/variants/arduino_due_x/libsam_sam3x8e_gcc_rel.a(dacc.o)
                0x0008518c                dacc_set_timing
 .text.dacc_enable_channel
                0x000851b8       0x12 C:/ProgramData/MATLAB/SupportPackages/R2022a/aIDE/portable/packages/arduino/hardware/sam/1.6.12/variants/arduino_due_x/libsam_sam3x8e_gcc_rel.a(dacc.o)
                0x000851b8                dacc_enable_channel
 .text.dacc_get_channel_status
                0x000851ca        0x4 C:/ProgramData/MATLAB/SupportPackages/R2022a/aIDE/portable/packages/arduino/hardware/sam/1.6.12/variants/arduino_due_x/libsam_sam3x8e_gcc_rel.a(dacc.o)
                0x000851ca                dacc_get_channel_status
 .text.dacc_set_analog_control
                0x000851ce        0x8 C:/ProgramData/MATLAB/SupportPackages/R2022a/aIDE/portable/packages/arduino/hardware/sam/1.6.12/variants/arduino_due_x/libsam_sam3x8e_gcc_rel.a(dacc.o)
                0x000851ce                dacc_set_analog_control
 *fill*         0x000851d6        0x2 
 .text.ceil     0x000851d8      0x120 c:/programdata/matlab/supportpackages/r2022a/aide/portable/packages/arduino/tools/arm-none-eabi-gcc/4.8.3-2014q1/bin/../lib/gcc/arm-none-eabi/4.8.3/../../../../arm-none-eabi/lib/armv7-m\libm.a(lib_a-s_ceil.o)
                0x000851d8                ceil
 .text.floor    0x000852f8      0x120 c:/programdata/matlab/supportpackages/r2022a/aide/portable/packages/arduino/tools/arm-none-eabi-gcc/4.8.3-2014q1/bin/../lib/gcc/arm-none-eabi/4.8.3/../../../../arm-none-eabi/lib/armv7-m\libm.a(lib_a-s_floor.o)
                0x000852f8                floor
 .text.__fpclassifyd
                0x00085418       0x50 c:/programdata/matlab/supportpackages/r2022a/aide/portable/packages/arduino/tools/arm-none-eabi-gcc/4.8.3-2014q1/bin/../lib/gcc/arm-none-eabi/4.8.3/../../../../arm-none-eabi/lib/armv7-m\libm.a(lib_a-s_fpclassify.o)
                0x00085418                __fpclassifyd
 .text.fmod     0x00085468       0xb4 c:/programdata/matlab/supportpackages/r2022a/aide/portable/packages/arduino/tools/arm-none-eabi-gcc/4.8.3-2014q1/bin/../lib/gcc/arm-none-eabi/4.8.3/../../../../arm-none-eabi/lib/armv7-m\libm.a(lib_a-w_fmod.o)
                0x00085468                fmod
 .text.__ieee754_fmod
                0x0008551c      0x278 c:/programdata/matlab/supportpackages/r2022a/aide/portable/packages/arduino/tools/arm-none-eabi-gcc/4.8.3-2014q1/bin/../lib/gcc/arm-none-eabi/4.8.3/../../../../arm-none-eabi/lib/armv7-m\libm.a(lib_a-e_fmod.o)
                0x0008551c                __ieee754_fmod
 .text.matherr  0x00085794        0x4 c:/programdata/matlab/supportpackages/r2022a/aide/portable/packages/arduino/tools/arm-none-eabi-gcc/4.8.3-2014q1/bin/../lib/gcc/arm-none-eabi/4.8.3/../../../../arm-none-eabi/lib/armv7-m\libm.a(lib_a-s_matherr.o)
                0x00085794                matherr
 .text          0x00085798      0x370 c:/programdata/matlab/supportpackages/r2022a/aide/portable/packages/arduino/tools/arm-none-eabi-gcc/4.8.3-2014q1/bin/../lib/gcc/arm-none-eabi/4.8.3/armv7-m\libgcc.a(_arm_addsubdf3.o)
                0x00085798                __aeabi_drsub
                0x000857a0                __aeabi_dsub
                0x000857a0                __subdf3
                0x000857a4                __aeabi_dadd
                0x000857a4                __adddf3
                0x00085a1c                __floatunsidf
                0x00085a1c                __aeabi_ui2d
                0x00085a3c                __floatsidf
                0x00085a3c                __aeabi_i2d
                0x00085a60                __aeabi_f2d
                0x00085a60                __extendsfdf2
                0x00085a9c                __floatundidf
                0x00085a9c                __aeabi_ul2d
                0x00085aac                __floatdidf
                0x00085aac                __aeabi_l2d
 .text          0x00085b08      0x424 c:/programdata/matlab/supportpackages/r2022a/aide/portable/packages/arduino/tools/arm-none-eabi-gcc/4.8.3-2014q1/bin/../lib/gcc/arm-none-eabi/4.8.3/armv7-m\libgcc.a(_arm_muldivdf3.o)
                0x00085b08                __aeabi_dmul
                0x00085b08                __muldf3
                0x00085d5c                __divdf3
                0x00085d5c                __aeabi_ddiv
 .text          0x00085f2c      0x110 c:/programdata/matlab/supportpackages/r2022a/aide/portable/packages/arduino/tools/arm-none-eabi-gcc/4.8.3-2014q1/bin/../lib/gcc/arm-none-eabi/4.8.3/armv7-m\libgcc.a(_arm_cmpdf2.o)
                0x00085f2c                __gtdf2
                0x00085f2c                __gedf2
                0x00085f34                __ltdf2
                0x00085f34                __ledf2
                0x00085f3c                __nedf2
                0x00085f3c                __eqdf2
                0x00085f3c                __cmpdf2
                0x00085fb8                __aeabi_cdrcmple
                0x00085fc8                __aeabi_cdcmpeq
                0x00085fc8                __aeabi_cdcmple
                0x00085fd8                __aeabi_dcmpeq
                0x00085fec                __aeabi_dcmplt
                0x00086000                __aeabi_dcmple
                0x00086014                __aeabi_dcmpge
                0x00086028                __aeabi_dcmpgt
 .text          0x0008603c       0x40 c:/programdata/matlab/supportpackages/r2022a/aide/portable/packages/arduino/tools/arm-none-eabi-gcc/4.8.3-2014q1/bin/../lib/gcc/arm-none-eabi/4.8.3/armv7-m\libgcc.a(_arm_fixunsdfsi.o)
                0x0008603c                __aeabi_d2uiz
                0x0008603c                __fixunsdfsi
 .text.__assert_func
                0x0008607c       0x3c c:/programdata/matlab/supportpackages/r2022a/aide/portable/packages/arduino/tools/arm-none-eabi-gcc/4.8.3-2014q1/bin/../lib/gcc/arm-none-eabi/4.8.3/../../../../arm-none-eabi/lib/armv7-m\libg.a(lib_a-assert.o)
                0x0008607c                __assert_func
 .text.__errno  0x000860b8        0xc c:/programdata/matlab/supportpackages/r2022a/aide/portable/packages/arduino/tools/arm-none-eabi-gcc/4.8.3-2014q1/bin/../lib/gcc/arm-none-eabi/4.8.3/../../../../arm-none-eabi/lib/armv7-m\libg.a(lib_a-errno.o)
                0x000860b8                __errno
 .text.fiprintf
                0x000860c4       0x28 c:/programdata/matlab/supportpackages/r2022a/aide/portable/packages/arduino/tools/arm-none-eabi-gcc/4.8.3-2014q1/bin/../lib/gcc/arm-none-eabi/4.8.3/../../../../arm-none-eabi/lib/armv7-m\libg.a(lib_a-fiprintf.o)
                0x000860c4                fiprintf
 .text.__libc_init_array
                0x000860ec       0x50 c:/programdata/matlab/supportpackages/r2022a/aide/portable/packages/arduino/tools/arm-none-eabi-gcc/4.8.3-2014q1/bin/../lib/gcc/arm-none-eabi/4.8.3/../../../../arm-none-eabi/lib/armv7-m\libg.a(lib_a-init.o)
                0x000860ec                __libc_init_array
 .text          0x0008613c       0xec c:/programdata/matlab/supportpackages/r2022a/aide/portable/packages/arduino/tools/arm-none-eabi-gcc/4.8.3-2014q1/bin/../lib/gcc/arm-none-eabi/4.8.3/../../../../arm-none-eabi/lib/armv7-m\libg.a(lib_a-memcpy.o)
                0x0008613c                memcpy
 .text.memset   0x00086228       0x94 c:/programdata/matlab/supportpackages/r2022a/aide/portable/packages/arduino/tools/arm-none-eabi-gcc/4.8.3-2014q1/bin/../lib/gcc/arm-none-eabi/4.8.3/../../../../arm-none-eabi/lib/armv7-m\libg.a(lib_a-memset.o)
                0x00086228                memset
 .text.strlen   0x000862bc       0x60 c:/programdata/matlab/supportpackages/r2022a/aide/portable/packages/arduino/tools/arm-none-eabi-gcc/4.8.3-2014q1/bin/../lib/gcc/arm-none-eabi/4.8.3/../../../../arm-none-eabi/lib/armv7-m\libg.a(lib_a-strlen.o)
                0x000862bc                strlen
 .text.kill     0x0008631c       0x10 c:/programdata/matlab/supportpackages/r2022a/aide/portable/packages/arduino/tools/arm-none-eabi-gcc/4.8.3-2014q1/bin/../lib/gcc/arm-none-eabi/4.8.3/../../../../arm-none-eabi/lib/armv7-m\libg.a(lib_a-syskill.o)
                0x0008631c                kill
 .text.__sprint_r.part.0
                0x0008632c       0x78 c:/programdata/matlab/supportpackages/r2022a/aide/portable/packages/arduino/tools/arm-none-eabi-gcc/4.8.3-2014q1/bin/../lib/gcc/arm-none-eabi/4.8.3/../../../../arm-none-eabi/lib/armv7-m\libg.a(lib_a-vfiprintf.o)
 .text._vfiprintf_r
                0x000863a4      0xc54 c:/programdata/matlab/supportpackages/r2022a/aide/portable/packages/arduino/tools/arm-none-eabi-gcc/4.8.3-2014q1/bin/../lib/gcc/arm-none-eabi/4.8.3/../../../../arm-none-eabi/lib/armv7-m\libg.a(lib_a-vfiprintf.o)
                0x000863a4                _vfiprintf_r
 .text.__sbprintf
                0x00086ff8       0x7c c:/programdata/matlab/supportpackages/r2022a/aide/portable/packages/arduino/tools/arm-none-eabi-gcc/4.8.3-2014q1/bin/../lib/gcc/arm-none-eabi/4.8.3/../../../../arm-none-eabi/lib/armv7-m\libg.a(lib_a-vfiprintf.o)
 .text.__swsetup_r
                0x00087074       0xc4 c:/programdata/matlab/supportpackages/r2022a/aide/portable/packages/arduino/tools/arm-none-eabi-gcc/4.8.3-2014q1/bin/../lib/gcc/arm-none-eabi/4.8.3/../../../../arm-none-eabi/lib/armv7-m\libg.a(lib_a-wsetup.o)
                0x00087074                __swsetup_r
 .text.startup.register_fini
                0x00087138       0x14 c:/programdata/matlab/supportpackages/r2022a/aide/portable/packages/arduino/tools/arm-none-eabi-gcc/4.8.3-2014q1/bin/../lib/gcc/arm-none-eabi/4.8.3/../../../../arm-none-eabi/lib/armv7-m\libg.a(lib_a-__call_atexit.o)
 .text.abort    0x0008714c       0x10 c:/programdata/matlab/supportpackages/r2022a/aide/portable/packages/arduino/tools/arm-none-eabi-gcc/4.8.3-2014q1/bin/../lib/gcc/arm-none-eabi/4.8.3/../../../../arm-none-eabi/lib/armv7-m\libg.a(lib_a-abort.o)
                0x0008714c                abort
 .text.atexit   0x0008715c        0xc c:/programdata/matlab/supportpackages/r2022a/aide/portable/packages/arduino/tools/arm-none-eabi-gcc/4.8.3-2014q1/bin/../lib/gcc/arm-none-eabi/4.8.3/../../../../arm-none-eabi/lib/armv7-m\libg.a(lib_a-atexit.o)
                0x0008715c                atexit
 .text.__sflush_r
                0x00087168      0x148 c:/programdata/matlab/supportpackages/r2022a/aide/portable/packages/arduino/tools/arm-none-eabi-gcc/4.8.3-2014q1/bin/../lib/gcc/arm-none-eabi/4.8.3/../../../../arm-none-eabi/lib/armv7-m\libg.a(lib_a-fflush.o)
                0x00087168                __sflush_r
 .text._fflush_r
                0x000872b0       0x2c c:/programdata/matlab/supportpackages/r2022a/aide/portable/packages/arduino/tools/arm-none-eabi-gcc/4.8.3-2014q1/bin/../lib/gcc/arm-none-eabi/4.8.3/../../../../arm-none-eabi/lib/armv7-m\libg.a(lib_a-fflush.o)
                0x000872b0                _fflush_r
 .text._cleanup_r
                0x000872dc        0xc c:/programdata/matlab/supportpackages/r2022a/aide/portable/packages/arduino/tools/arm-none-eabi-gcc/4.8.3-2014q1/bin/../lib/gcc/arm-none-eabi/4.8.3/../../../../arm-none-eabi/lib/armv7-m\libg.a(lib_a-findfp.o)
                0x000872dc                _cleanup_r
 .text.__sinit  0x000872e8       0xf4 c:/programdata/matlab/supportpackages/r2022a/aide/portable/packages/arduino/tools/arm-none-eabi-gcc/4.8.3-2014q1/bin/../lib/gcc/arm-none-eabi/4.8.3/../../../../arm-none-eabi/lib/armv7-m\libg.a(lib_a-findfp.o)
                0x000872e8                __sinit
 .text.__sfp_lock_acquire
                0x000873dc        0x4 c:/programdata/matlab/supportpackages/r2022a/aide/portable/packages/arduino/tools/arm-none-eabi-gcc/4.8.3-2014q1/bin/../lib/gcc/arm-none-eabi/4.8.3/../../../../arm-none-eabi/lib/armv7-m\libg.a(lib_a-findfp.o)
                0x000873dc                __sfp_lock_acquire
 .text.__sfp_lock_release
                0x000873e0        0x4 c:/programdata/matlab/supportpackages/r2022a/aide/portable/packages/arduino/tools/arm-none-eabi-gcc/4.8.3-2014q1/bin/../lib/gcc/arm-none-eabi/4.8.3/../../../../arm-none-eabi/lib/armv7-m\libg.a(lib_a-findfp.o)
                0x000873e0                __sfp_lock_release
 .text.__libc_fini_array
                0x000873e4       0x30 c:/programdata/matlab/supportpackages/r2022a/aide/portable/packages/arduino/tools/arm-none-eabi-gcc/4.8.3-2014q1/bin/../lib/gcc/arm-none-eabi/4.8.3/../../../../arm-none-eabi/lib/armv7-m\libg.a(lib_a-fini.o)
                0x000873e4                __libc_fini_array
 .text._fputwc_r
                0x00087414       0xc0 c:/programdata/matlab/supportpackages/r2022a/aide/portable/packages/arduino/tools/arm-none-eabi-gcc/4.8.3-2014q1/bin/../lib/gcc/arm-none-eabi/4.8.3/../../../../arm-none-eabi/lib/armv7-m\libg.a(lib_a-fputwc.o)
                0x00087414                _fputwc_r
 .text._malloc_trim_r
                0x000874d4       0x9c c:/programdata/matlab/supportpackages/r2022a/aide/portable/packages/arduino/tools/arm-none-eabi-gcc/4.8.3-2014q1/bin/../lib/gcc/arm-none-eabi/4.8.3/../../../../arm-none-eabi/lib/armv7-m\libg.a(lib_a-freer.o)
                0x000874d4                _malloc_trim_r
 .text._free_r  0x00087570      0x198 c:/programdata/matlab/supportpackages/r2022a/aide/portable/packages/arduino/tools/arm-none-eabi-gcc/4.8.3-2014q1/bin/../lib/gcc/arm-none-eabi/4.8.3/../../../../arm-none-eabi/lib/armv7-m\libg.a(lib_a-freer.o)
                0x00087570                _free_r
 .text.__sfvwrite_r
                0x00087708      0x314 c:/programdata/matlab/supportpackages/r2022a/aide/portable/packages/arduino/tools/arm-none-eabi-gcc/4.8.3-2014q1/bin/../lib/gcc/arm-none-eabi/4.8.3/../../../../arm-none-eabi/lib/armv7-m\libg.a(lib_a-fvwrite.o)
                0x00087708                __sfvwrite_r
 .text._fwalk   0x00087a1c       0x48 c:/programdata/matlab/supportpackages/r2022a/aide/portable/packages/arduino/tools/arm-none-eabi-gcc/4.8.3-2014q1/bin/../lib/gcc/arm-none-eabi/4.8.3/../../../../arm-none-eabi/lib/armv7-m\libg.a(lib_a-fwalk.o)
                0x00087a1c                _fwalk
 .text.__locale_charset
                0x00087a64        0x8 c:/programdata/matlab/supportpackages/r2022a/aide/portable/packages/arduino/tools/arm-none-eabi-gcc/4.8.3-2014q1/bin/../lib/gcc/arm-none-eabi/4.8.3/../../../../arm-none-eabi/lib/armv7-m\libg.a(lib_a-locale.o)
                0x00087a64                __locale_charset
 .text.__locale_mb_cur_max
                0x00087a6c        0xc c:/programdata/matlab/supportpackages/r2022a/aide/portable/packages/arduino/tools/arm-none-eabi-gcc/4.8.3-2014q1/bin/../lib/gcc/arm-none-eabi/4.8.3/../../../../arm-none-eabi/lib/armv7-m\libg.a(lib_a-locale.o)
                0x00087a6c                __locale_mb_cur_max
 .text.__smakebuf_r
                0x00087a78       0xe0 c:/programdata/matlab/supportpackages/r2022a/aide/portable/packages/arduino/tools/arm-none-eabi-gcc/4.8.3-2014q1/bin/../lib/gcc/arm-none-eabi/4.8.3/../../../../arm-none-eabi/lib/armv7-m\libg.a(lib_a-makebuf.o)
                0x00087a78                __smakebuf_r
 .text._malloc_r
                0x00087b58      0x538 c:/programdata/matlab/supportpackages/r2022a/aide/portable/packages/arduino/tools/arm-none-eabi-gcc/4.8.3-2014q1/bin/../lib/gcc/arm-none-eabi/4.8.3/../../../../arm-none-eabi/lib/armv7-m\libg.a(lib_a-mallocr.o)
                0x00087b58                _malloc_r
 .text.memchr   0x00088090       0x94 c:/programdata/matlab/supportpackages/r2022a/aide/portable/packages/arduino/tools/arm-none-eabi-gcc/4.8.3-2014q1/bin/../lib/gcc/arm-none-eabi/4.8.3/../../../../arm-none-eabi/lib/armv7-m\libg.a(lib_a-memchr-stub.o)
                0x00088090                memchr
 .text.memmove  0x00088124       0xcc c:/programdata/matlab/supportpackages/r2022a/aide/portable/packages/arduino/tools/arm-none-eabi-gcc/4.8.3-2014q1/bin/../lib/gcc/arm-none-eabi/4.8.3/../../../../arm-none-eabi/lib/armv7-m\libg.a(lib_a-memmove.o)
                0x00088124                memmove
 .text.__malloc_lock
                0x000881f0        0x4 c:/programdata/matlab/supportpackages/r2022a/aide/portable/packages/arduino/tools/arm-none-eabi-gcc/4.8.3-2014q1/bin/../lib/gcc/arm-none-eabi/4.8.3/../../../../arm-none-eabi/lib/armv7-m\libg.a(lib_a-mlock.o)
                0x000881f0                __malloc_lock
 .text.__malloc_unlock
                0x000881f4        0x4 c:/programdata/matlab/supportpackages/r2022a/aide/portable/packages/arduino/tools/arm-none-eabi-gcc/4.8.3-2014q1/bin/../lib/gcc/arm-none-eabi/4.8.3/../../../../arm-none-eabi/lib/armv7-m\libg.a(lib_a-mlock.o)
                0x000881f4                __malloc_unlock
 .text._realloc_r
                0x000881f8      0x3c0 c:/programdata/matlab/supportpackages/r2022a/aide/portable/packages/arduino/tools/arm-none-eabi-gcc/4.8.3-2014q1/bin/../lib/gcc/arm-none-eabi/4.8.3/../../../../arm-none-eabi/lib/armv7-m\libg.a(lib_a-reallocr.o)
                0x000881f8                _realloc_r
 .text._sbrk_r  0x000885b8       0x24 c:/programdata/matlab/supportpackages/r2022a/aide/portable/packages/arduino/tools/arm-none-eabi-gcc/4.8.3-2014q1/bin/../lib/gcc/arm-none-eabi/4.8.3/../../../../arm-none-eabi/lib/armv7-m\libg.a(lib_a-sbrkr.o)
                0x000885b8                _sbrk_r
 .text._raise_r
                0x000885dc       0x58 c:/programdata/matlab/supportpackages/r2022a/aide/portable/packages/arduino/tools/arm-none-eabi-gcc/4.8.3-2014q1/bin/../lib/gcc/arm-none-eabi/4.8.3/../../../../arm-none-eabi/lib/armv7-m\libg.a(lib_a-signal.o)
                0x000885dc                _raise_r
 .text.raise    0x00088634       0x10 c:/programdata/matlab/supportpackages/r2022a/aide/portable/packages/arduino/tools/arm-none-eabi-gcc/4.8.3-2014q1/bin/../lib/gcc/arm-none-eabi/4.8.3/../../../../arm-none-eabi/lib/armv7-m\libg.a(lib_a-signal.o)
                0x00088634                raise
 .text._kill_r  0x00088644       0x28 c:/programdata/matlab/supportpackages/r2022a/aide/portable/packages/arduino/tools/arm-none-eabi-gcc/4.8.3-2014q1/bin/../lib/gcc/arm-none-eabi/4.8.3/../../../../arm-none-eabi/lib/armv7-m\libg.a(lib_a-signalr.o)
                0x00088644                _kill_r
 .text._getpid_r
                0x0008866c        0x4 c:/programdata/matlab/supportpackages/r2022a/aide/portable/packages/arduino/tools/arm-none-eabi-gcc/4.8.3-2014q1/bin/../lib/gcc/arm-none-eabi/4.8.3/../../../../arm-none-eabi/lib/armv7-m\libg.a(lib_a-signalr.o)
                0x0008866c                _getpid_r
 .text.__sread  0x00088670       0x24 c:/programdata/matlab/supportpackages/r2022a/aide/portable/packages/arduino/tools/arm-none-eabi-gcc/4.8.3-2014q1/bin/../lib/gcc/arm-none-eabi/4.8.3/../../../../arm-none-eabi/lib/armv7-m\libg.a(lib_a-stdio.o)
                0x00088670                __sread
 .text.__swrite
                0x00088694       0x38 c:/programdata/matlab/supportpackages/r2022a/aide/portable/packages/arduino/tools/arm-none-eabi-gcc/4.8.3-2014q1/bin/../lib/gcc/arm-none-eabi/4.8.3/../../../../arm-none-eabi/lib/armv7-m\libg.a(lib_a-stdio.o)
                0x00088694                __swrite
 .text.__sseek  0x000886cc       0x20 c:/programdata/matlab/supportpackages/r2022a/aide/portable/packages/arduino/tools/arm-none-eabi-gcc/4.8.3-2014q1/bin/../lib/gcc/arm-none-eabi/4.8.3/../../../../arm-none-eabi/lib/armv7-m\libg.a(lib_a-stdio.o)
                0x000886cc                __sseek
 .text.__sclose
                0x000886ec        0x8 c:/programdata/matlab/supportpackages/r2022a/aide/portable/packages/arduino/tools/arm-none-eabi-gcc/4.8.3-2014q1/bin/../lib/gcc/arm-none-eabi/4.8.3/../../../../arm-none-eabi/lib/armv7-m\libg.a(lib_a-stdio.o)
                0x000886ec                __sclose
 .text.__swbuf_r
                0x000886f4       0xa8 c:/programdata/matlab/supportpackages/r2022a/aide/portable/packages/arduino/tools/arm-none-eabi-gcc/4.8.3-2014q1/bin/../lib/gcc/arm-none-eabi/4.8.3/../../../../arm-none-eabi/lib/armv7-m\libg.a(lib_a-wbuf.o)
                0x000886f4                __swbuf_r
 .text._wcrtomb_r
                0x0008879c       0x50 c:/programdata/matlab/supportpackages/r2022a/aide/portable/packages/arduino/tools/arm-none-eabi-gcc/4.8.3-2014q1/bin/../lib/gcc/arm-none-eabi/4.8.3/../../../../arm-none-eabi/lib/armv7-m\libg.a(lib_a-wcrtomb.o)
                0x0008879c                _wcrtomb_r
 .text.__ascii_wctomb
                0x000887ec       0x1c c:/programdata/matlab/supportpackages/r2022a/aide/portable/packages/arduino/tools/arm-none-eabi-gcc/4.8.3-2014q1/bin/../lib/gcc/arm-none-eabi/4.8.3/../../../../arm-none-eabi/lib/armv7-m\libg.a(lib_a-wctomb_r.o)
                0x000887ec                __ascii_wctomb
 .text._write_r
                0x00088808       0x28 c:/programdata/matlab/supportpackages/r2022a/aide/portable/packages/arduino/tools/arm-none-eabi-gcc/4.8.3-2014q1/bin/../lib/gcc/arm-none-eabi/4.8.3/../../../../arm-none-eabi/lib/armv7-m\libg.a(lib_a-writer.o)
                0x00088808                _write_r
 .text.__register_exitproc
                0x00088830       0xa8 c:/programdata/matlab/supportpackages/r2022a/aide/portable/packages/arduino/tools/arm-none-eabi-gcc/4.8.3-2014q1/bin/../lib/gcc/arm-none-eabi/4.8.3/../../../../arm-none-eabi/lib/armv7-m\libg.a(lib_a-__atexit.o)
                0x00088830                __register_exitproc
 .text._close_r
                0x000888d8       0x24 c:/programdata/matlab/supportpackages/r2022a/aide/portable/packages/arduino/tools/arm-none-eabi-gcc/4.8.3-2014q1/bin/../lib/gcc/arm-none-eabi/4.8.3/../../../../arm-none-eabi/lib/armv7-m\libg.a(lib_a-closer.o)
                0x000888d8                _close_r
 .text._fclose_r
                0x000888fc       0x80 c:/programdata/matlab/supportpackages/r2022a/aide/portable/packages/arduino/tools/arm-none-eabi-gcc/4.8.3-2014q1/bin/../lib/gcc/arm-none-eabi/4.8.3/../../../../arm-none-eabi/lib/armv7-m\libg.a(lib_a-fclose.o)
                0x000888fc                _fclose_r
 .text.fclose   0x0008897c       0x10 c:/programdata/matlab/supportpackages/r2022a/aide/portable/packages/arduino/tools/arm-none-eabi-gcc/4.8.3-2014q1/bin/../lib/gcc/arm-none-eabi/4.8.3/../../../../arm-none-eabi/lib/armv7-m\libg.a(lib_a-fclose.o)
                0x0008897c                fclose
 .text._fstat_r
                0x0008898c       0x28 c:/programdata/matlab/supportpackages/r2022a/aide/portable/packages/arduino/tools/arm-none-eabi-gcc/4.8.3-2014q1/bin/../lib/gcc/arm-none-eabi/4.8.3/../../../../arm-none-eabi/lib/armv7-m\libg.a(lib_a-fstatr.o)
                0x0008898c                _fstat_r
 .text._isatty_r
                0x000889b4       0x24 c:/programdata/matlab/supportpackages/r2022a/aide/portable/packages/arduino/tools/arm-none-eabi-gcc/4.8.3-2014q1/bin/../lib/gcc/arm-none-eabi/4.8.3/../../../../arm-none-eabi/lib/armv7-m\libg.a(lib_a-isattyr.o)
                0x000889b4                _isatty_r
 .text._lseek_r
                0x000889d8       0x28 c:/programdata/matlab/supportpackages/r2022a/aide/portable/packages/arduino/tools/arm-none-eabi-gcc/4.8.3-2014q1/bin/../lib/gcc/arm-none-eabi/4.8.3/../../../../arm-none-eabi/lib/armv7-m\libg.a(lib_a-lseekr.o)
                0x000889d8                _lseek_r
 .text._read_r  0x00088a00       0x28 c:/programdata/matlab/supportpackages/r2022a/aide/portable/packages/arduino/tools/arm-none-eabi-gcc/4.8.3-2014q1/bin/../lib/gcc/arm-none-eabi/4.8.3/../../../../arm-none-eabi/lib/armv7-m\libg.a(lib_a-readr.o)
                0x00088a00                _read_r
 .text          0x00088a28       0x2c c:/programdata/matlab/supportpackages/r2022a/aide/portable/packages/arduino/tools/arm-none-eabi-gcc/4.8.3-2014q1/bin/../lib/gcc/arm-none-eabi/4.8.3/armv7-m\libgcc.a(_aeabi_uldivmod.o)
                0x00088a28                __aeabi_uldivmod
 .text          0x00088a54       0x60 c:/programdata/matlab/supportpackages/r2022a/aide/portable/packages/arduino/tools/arm-none-eabi-gcc/4.8.3-2014q1/bin/../lib/gcc/arm-none-eabi/4.8.3/armv7-m\libgcc.a(bpabi.o)
                0x00088a54                __gnu_ldivmod_helper
                0x00088a84                __gnu_uldivmod_helper
 .text          0x00088ab4        0x4 c:/programdata/matlab/supportpackages/r2022a/aide/portable/packages/arduino/tools/arm-none-eabi-gcc/4.8.3-2014q1/bin/../lib/gcc/arm-none-eabi/4.8.3/armv7-m\libgcc.a(_dvmd_tls.o)
                0x00088ab4                __aeabi_idiv0
                0x00088ab4                __aeabi_ldiv0
 .text          0x00088ab8      0x2a0 c:/programdata/matlab/supportpackages/r2022a/aide/portable/packages/arduino/tools/arm-none-eabi-gcc/4.8.3-2014q1/bin/../lib/gcc/arm-none-eabi/4.8.3/armv7-m\libgcc.a(_divdi3.o)
                0x00088ab8                __divdi3
 .text          0x00088d58      0x290 c:/programdata/matlab/supportpackages/r2022a/aide/portable/packages/arduino/tools/arm-none-eabi-gcc/4.8.3-2014q1/bin/../lib/gcc/arm-none-eabi/4.8.3/armv7-m\libgcc.a(_udivdi3.o)
                0x00088d58                __udivdi3
 *(.glue_7t)
 .glue_7t       0x00000000        0x0 linker stubs
 *(.glue_7)
 .glue_7        0x00000000        0x0 linker stubs
 *(.rodata .rodata* .gnu.linkonce.r.*)
 .rodata.channelToTC.9455
                0x00088fe8       0x48 MW_PWMDriver.o
 .rodata.channelToChNo.9470
                0x00089030       0x48 MW_PWMDriver.o
 .rodata.channelToId.9473
                0x00089078       0x48 MW_PWMDriver.o
 .rodata.channelToTC.9472
                0x000890c0       0x48 MW_PWMDriver.o
 .rodata.channelToAB.9454
                0x00089108       0x48 MW_PWMDriver.o
 .rodata.channelToChNo.9453
                0x00089150       0x48 MW_PWMDriver.o
 .rodata.rtAlwaysEnabled.9984
                0x00089198        0x1 PWM_sinewave_PI.o
 *fill*         0x00089199        0x3 
 .rodata.PWM_sinewave_PI_M
                0x0008919c        0x4 PWM_sinewave_PI.o
                0x0008919c                PWM_sinewave_PI_M
 .rodata.str1.1
                0x000891a0        0x5 PWM_sinewave_PI.o
 *fill*         0x000891a5        0x3 
 .rodata.standardSupportedRxPacket
                0x000891a8       0x54 xcp_standard.o
 .rodata.daqSupportedRxPacket
                0x000891fc       0x90 xcp_daq.o
 .rodata.calibrationSupportedRxPacket
                0x0008928c       0x18 xcp_calibration.o
 .rodata.xcpMemMainBlocksNumber
                0x000892a4        0xc xcp_mem_default.o
 .rodata.xcpMemMainBlockSizes
                0x000892b0        0xc xcp_mem_default.o
 .rodata.channelToId.9433
                0x000892bc       0x48 C:/Users/user/DOCUME~1/MATLAB/R2022a/ARDUIN~1/ARDUIN~1/FASTER~1/libcore.a(wiring_analog.o)
 .rodata.channelToTC.9432
                0x00089304       0x48 C:/Users/user/DOCUME~1/MATLAB/R2022a/ARDUIN~1/ARDUIN~1/FASTER~1/libcore.a(wiring_analog.o)
 .rodata.channelToChNo.9430
                0x0008934c       0x48 C:/Users/user/DOCUME~1/MATLAB/R2022a/ARDUIN~1/ARDUIN~1/FASTER~1/libcore.a(wiring_analog.o)
 .rodata.channelToAB.9431
                0x00089394       0x48 C:/Users/user/DOCUME~1/MATLAB/R2022a/ARDUIN~1/ARDUIN~1/FASTER~1/libcore.a(wiring_analog.o)
 *fill*         0x000893dc        0x4 
 .rodata._ZTV9UARTClass
                0x000893e0       0x30 C:/Users/user/DOCUME~1/MATLAB/R2022a/ARDUIN~1/ARDUIN~1/FASTER~1/libcore.a(UARTClass.o)
                0x000893e0                vtable for UARTClass
 .rodata._ZTV10USARTClass
                0x00089410       0x30 C:/Users/user/DOCUME~1/MATLAB/R2022a/ARDUIN~1/ARDUIN~1/FASTER~1/libcore.a(USARTClass.o)
                0x00089410                vtable for USARTClass
 .rodata.g_APinDescription
                0x00089440      0xa2c C:/Users/user/DOCUME~1/MATLAB/R2022a/ARDUIN~1/ARDUIN~1/FASTER~1/libcore.a(variant.o)
                0x00089440                g_APinDescription
 .rodata        0x00089e6c       0x2c C:/ProgramData/MATLAB/SupportPackages/R2022a/aIDE/portable/packages/arduino/hardware/sam/1.6.12/variants/arduino_due_x/libsam_sam3x8e_gcc_rel.a(pwmc.o)
 .rodata.__func__.6830
                0x00089e98       0x15 C:/ProgramData/MATLAB/SupportPackages/R2022a/aIDE/portable/packages/arduino/hardware/sam/1.6.12/variants/arduino_due_x/libsam_sam3x8e_gcc_rel.a(pwmc.o)
 .rodata.__func__.6841
                0x00089ead       0x12 C:/ProgramData/MATLAB/SupportPackages/R2022a/aIDE/portable/packages/arduino/hardware/sam/1.6.12/variants/arduino_due_x/libsam_sam3x8e_gcc_rel.a(pwmc.o)
 .rodata.str1.1
                0x00089ebf      0x1cc C:/ProgramData/MATLAB/SupportPackages/R2022a/aIDE/portable/packages/arduino/hardware/sam/1.6.12/variants/arduino_due_x/libsam_sam3x8e_gcc_rel.a(pwmc.o)
 .rodata.__func__.6804
                0x0008a08b       0x16 C:/ProgramData/MATLAB/SupportPackages/R2022a/aIDE/portable/packages/arduino/hardware/sam/1.6.12/variants/arduino_due_x/libsam_sam3x8e_gcc_rel.a(pwmc.o)
 .rodata.__func__.6793
                0x0008a0a1       0x17 C:/ProgramData/MATLAB/SupportPackages/R2022a/aIDE/portable/packages/arduino/hardware/sam/1.6.12/variants/arduino_due_x/libsam_sam3x8e_gcc_rel.a(pwmc.o)
 .rodata.__func__.6792
                0x0008a0b8        0xd C:/ProgramData/MATLAB/SupportPackages/R2022a/aIDE/portable/packages/arduino/hardware/sam/1.6.12/variants/arduino_due_x/libsam_sam3x8e_gcc_rel.a(tc.o)
 .rodata.str1.1
                0x0008a0c5       0x54 C:/ProgramData/MATLAB/SupportPackages/R2022a/aIDE/portable/packages/arduino/hardware/sam/1.6.12/variants/arduino_due_x/libsam_sam3x8e_gcc_rel.a(tc.o)
 .rodata.__func__.6798
                0x0008a119        0x9 C:/ProgramData/MATLAB/SupportPackages/R2022a/aIDE/portable/packages/arduino/hardware/sam/1.6.12/variants/arduino_due_x/libsam_sam3x8e_gcc_rel.a(tc.o)
 *fill*         0x0008a122        0x2 
 .rodata        0x0008a124       0x40 C:/ProgramData/MATLAB/SupportPackages/R2022a/aIDE/portable/packages/arduino/hardware/sam/1.6.12/variants/arduino_due_x/libsam_sam3x8e_gcc_rel.a(adc.o)
 .rodata.str1.4
                0x0008a164        0x5 c:/programdata/matlab/supportpackages/r2022a/aide/portable/packages/arduino/tools/arm-none-eabi-gcc/4.8.3-2014q1/bin/../lib/gcc/arm-none-eabi/4.8.3/../../../../arm-none-eabi/lib/armv7-m\libm.a(lib_a-w_fmod.o)
                                  0x8 (size before relaxing)
 *fill*         0x0008a169        0x7 
 .rodata.Zero   0x0008a170       0x10 c:/programdata/matlab/supportpackages/r2022a/aide/portable/packages/arduino/tools/arm-none-eabi-gcc/4.8.3-2014q1/bin/../lib/gcc/arm-none-eabi/4.8.3/../../../../arm-none-eabi/lib/armv7-m\libm.a(lib_a-e_fmod.o)
 .rodata.str1.4
                0x0008a180       0x3f c:/programdata/matlab/supportpackages/r2022a/aide/portable/packages/arduino/tools/arm-none-eabi-gcc/4.8.3-2014q1/bin/../lib/gcc/arm-none-eabi/4.8.3/../../../../arm-none-eabi/lib/armv7-m\libg.a(lib_a-assert.o)
                                 0x44 (size before relaxing)
 *fill*         0x0008a1bf        0x1 
 .rodata.str1.4
                0x0008a1c0        0x2 c:/programdata/matlab/supportpackages/r2022a/aide/portable/packages/arduino/tools/arm-none-eabi-gcc/4.8.3-2014q1/bin/../lib/gcc/arm-none-eabi/4.8.3/../../../../arm-none-eabi/lib/armv7-m\libg.a(lib_a-impure.o)
                                  0x4 (size before relaxing)
 *fill*         0x0008a1c2        0x2 
 .rodata._global_impure_ptr
                0x0008a1c4        0x4 c:/programdata/matlab/supportpackages/r2022a/aide/portable/packages/arduino/tools/arm-none-eabi-gcc/4.8.3-2014q1/bin/../lib/gcc/arm-none-eabi/4.8.3/../../../../arm-none-eabi/lib/armv7-m\libg.a(lib_a-impure.o)
                0x0008a1c4                _global_impure_ptr
 .rodata.blanks.6717
                0x0008a1c8       0x10 c:/programdata/matlab/supportpackages/r2022a/aide/portable/packages/arduino/tools/arm-none-eabi-gcc/4.8.3-2014q1/bin/../lib/gcc/arm-none-eabi/4.8.3/../../../../arm-none-eabi/lib/armv7-m\libg.a(lib_a-vfiprintf.o)
 .rodata.str1.4
                0x0008a1d8       0x30 c:/programdata/matlab/supportpackages/r2022a/aide/portable/packages/arduino/tools/arm-none-eabi-gcc/4.8.3-2014q1/bin/../lib/gcc/arm-none-eabi/4.8.3/../../../../arm-none-eabi/lib/armv7-m\libg.a(lib_a-vfiprintf.o)
 .rodata.zeroes.6718
                0x0008a208       0x10 c:/programdata/matlab/supportpackages/r2022a/aide/portable/packages/arduino/tools/arm-none-eabi-gcc/4.8.3-2014q1/bin/../lib/gcc/arm-none-eabi/4.8.3/../../../../arm-none-eabi/lib/armv7-m\libg.a(lib_a-vfiprintf.o)
 *(.ARM.extab* .gnu.linkonce.armextab.*)
                0x0008a218                . = ALIGN (0x4)
 *(.init)
 .init          0x0008a218        0x4 c:/programdata/matlab/supportpackages/r2022a/aide/portable/packages/arduino/tools/arm-none-eabi-gcc/4.8.3-2014q1/bin/../lib/gcc/arm-none-eabi/4.8.3/armv7-m/crti.o
                0x0008a218                _init
 .init          0x0008a21c        0x8 c:/programdata/matlab/supportpackages/r2022a/aide/portable/packages/arduino/tools/arm-none-eabi-gcc/4.8.3-2014q1/bin/../lib/gcc/arm-none-eabi/4.8.3/armv7-m/crtn.o
                0x0008a224                . = ALIGN (0x4)
                0x0008a224                __preinit_array_start = .
 *(.preinit_array)
                0x0008a224                __preinit_array_end = .
                0x0008a224                . = ALIGN (0x4)
                0x0008a224                __init_array_start = .
 *(SORT(.init_array.*))
 .init_array.00000
                0x0008a224        0x4 c:/programdata/matlab/supportpackages/r2022a/aide/portable/packages/arduino/tools/arm-none-eabi-gcc/4.8.3-2014q1/bin/../lib/gcc/arm-none-eabi/4.8.3/../../../../arm-none-eabi/lib/armv7-m\libg.a(lib_a-__call_atexit.o)
 *(.init_array)
 .init_array    0x0008a228        0x4 c:/programdata/matlab/supportpackages/r2022a/aide/portable/packages/arduino/tools/arm-none-eabi-gcc/4.8.3-2014q1/bin/../lib/gcc/arm-none-eabi/4.8.3/armv7-m/crtbegin.o
 .init_array    0x0008a22c        0x4 C:/Users/user/DOCUME~1/MATLAB/R2022a/ARDUIN~1/ARDUIN~1/FASTER~1/libcore.a(variant.o)
                0x0008a230                __init_array_end = .
                0x0008a230                . = ALIGN (0x4)
 *crtbegin.o(.ctors)
 *(EXCLUDE_FILE(*crtend.o) .ctors)
 *(SORT(.ctors.*))
 *crtend.o(.ctors)
                0x0008a230                . = ALIGN (0x4)
 *(.fini)
 .fini          0x0008a230        0x4 c:/programdata/matlab/supportpackages/r2022a/aide/portable/packages/arduino/tools/arm-none-eabi-gcc/4.8.3-2014q1/bin/../lib/gcc/arm-none-eabi/4.8.3/armv7-m/crti.o
                0x0008a230                _fini
 .fini          0x0008a234        0x8 c:/programdata/matlab/supportpackages/r2022a/aide/portable/packages/arduino/tools/arm-none-eabi-gcc/4.8.3-2014q1/bin/../lib/gcc/arm-none-eabi/4.8.3/armv7-m/crtn.o
                0x0008a23c                . = ALIGN (0x4)
                0x0008a23c                __fini_array_start = .
 *(.fini_array)
 .fini_array    0x0008a23c        0x4 c:/programdata/matlab/supportpackages/r2022a/aide/portable/packages/arduino/tools/arm-none-eabi-gcc/4.8.3-2014q1/bin/../lib/gcc/arm-none-eabi/4.8.3/armv7-m/crtbegin.o
 *(SORT(.fini_array.*))
                0x0008a240                __fini_array_end = .
 *crtbegin.o(.dtors)
 *(EXCLUDE_FILE(*crtend.o) .dtors)
 *(SORT(.dtors.*))
 *crtend.o(.dtors)
                0x0008a240                . = ALIGN (0x4)
                0x0008a240                _efixed = .
                0x0008a240                PROVIDE (__exidx_start, .)

.vfp11_veneer   0x0008a240        0x0
 .vfp11_veneer  0x00000000        0x0 linker stubs

.v4_bx          0x0008a240        0x0
 .v4_bx         0x00000000        0x0 linker stubs

.iplt           0x0008a240        0x0
 .iplt          0x00000000        0x0 c:/programdata/matlab/supportpackages/r2022a/aide/portable/packages/arduino/tools/arm-none-eabi-gcc/4.8.3-2014q1/bin/../lib/gcc/arm-none-eabi/4.8.3/armv7-m/crtbegin.o

.ARM.exidx      0x0008a240        0x8
 *(.ARM.exidx* .gnu.linkonce.armexidx.*)
 .ARM.exidx     0x0008a240        0x8 c:/programdata/matlab/supportpackages/r2022a/aide/portable/packages/arduino/tools/arm-none-eabi-gcc/4.8.3-2014q1/bin/../lib/gcc/arm-none-eabi/4.8.3/armv7-m\libgcc.a(_divdi3.o)
 .ARM.exidx     0x0008a248        0x0 c:/programdata/matlab/supportpackages/r2022a/aide/portable/packages/arduino/tools/arm-none-eabi-gcc/4.8.3-2014q1/bin/../lib/gcc/arm-none-eabi/4.8.3/armv7-m\libgcc.a(_udivdi3.o)
                                  0x8 (size before relaxing)
                0x0008a248                PROVIDE (__exidx_end, .)

.eh_frame       0x0008a248        0x0
 .eh_frame      0x0008a248        0x0 c:/programdata/matlab/supportpackages/r2022a/aide/portable/packages/arduino/tools/arm-none-eabi-gcc/4.8.3-2014q1/bin/../lib/gcc/arm-none-eabi/4.8.3/armv7-m/crtbegin.o

.rel.dyn        0x0008a248        0x0
 .rel.iplt      0x00000000        0x0 c:/programdata/matlab/supportpackages/r2022a/aide/portable/packages/arduino/tools/arm-none-eabi-gcc/4.8.3-2014q1/bin/../lib/gcc/arm-none-eabi/4.8.3/armv7-m/crtbegin.o

.jcr            0x0008a248        0x0
 .jcr           0x0008a248        0x0 c:/programdata/matlab/supportpackages/r2022a/aide/portable/packages/arduino/tools/arm-none-eabi-gcc/4.8.3-2014q1/bin/../lib/gcc/arm-none-eabi/4.8.3/armv7-m/crtbegin.o

.igot.plt       0x0008a248        0x0
 .igot.plt      0x00000000        0x0 c:/programdata/matlab/supportpackages/r2022a/aide/portable/packages/arduino/tools/arm-none-eabi-gcc/4.8.3-2014q1/bin/../lib/gcc/arm-none-eabi/4.8.3/armv7-m/crtbegin.o
                0x0008a248                . = ALIGN (0x4)
                0x0008a248                _etext = .

.relocate       0x20070000      0xa14 load address 0x0008a248
                0x20070000                . = ALIGN (0x4)
                0x20070000                _srelocate = .
 *(.ramfunc .ramfunc.*)
 .ramfunc       0x20070000       0x2c C:/Users/user/DOCUME~1/MATLAB/R2022a/ARDUIN~1/ARDUIN~1/FASTER~1/libcore.a(Reset.o)
                0x20070000                banzai
 *(.data .data.*)
 *fill*         0x2007002c        0x4 
 .data.PWM_sinewave_PI_P
                0x20070030      0x140 PWM_sinewave_PI_data.o
                0x20070030                PWM_sinewave_PI_P
 .data.xcpExtmodeFinalSimulationTime
                0x20070170        0x8 xcp_ext_common.o
                0x20070170                xcpExtmodeFinalSimulationTime
 .data.xcpClassicTriggerDuration
                0x20070178        0x4 xcp_ext_classic_trigger.o
                0x20070178                xcpClassicTriggerDuration
 .data.xcpClassicTriggerArmRequest
                0x2007017c        0x1 xcp_ext_classic_trigger.o
                0x2007017c                xcpClassicTriggerArmRequest
 *fill*         0x2007017d        0x3 
 .data.startStopDaqListId
                0x20070180        0x4 xcp_daq.o
 .data.xcpEventCustomMemoryManager
                0x20070184        0xc xcp_daq.o
 .data.xcpCurrentDaq
                0x20070190        0x4 xcp_daq.o
 .data.xcpCtoReservedMemPoolId
                0x20070194        0x4 xcp_transport.o
 .data.drvID    0x20070198        0x4 xcp_drv_rtiostream.o
 .data.xcpCtoReservedMemPoolId
                0x2007019c        0x4 xcp_frame_serial.o
 .data._writeResolution
                0x200701a0        0x4 C:/Users/user/DOCUME~1/MATLAB/R2022a/ARDUIN~1/ARDUIN~1/FASTER~1/libcore.a(wiring_analog.o)
 .data._ZL5ticks
                0x200701a4        0x4 C:/Users/user/DOCUME~1/MATLAB/R2022a/ARDUIN~1/ARDUIN~1/FASTER~1/libcore.a(Reset.o)
 .data.SystemCoreClock
                0x200701a8        0x4 C:/ProgramData/MATLAB/SupportPackages/R2022a/aIDE/portable/packages/arduino/hardware/sam/1.6.12/variants/arduino_due_x/libsam_sam3x8e_gcc_rel.a(system_sam3xa.o)
                0x200701a8                SystemCoreClock
 .data.__fdlib_version
                0x200701ac        0x1 c:/programdata/matlab/supportpackages/r2022a/aide/portable/packages/arduino/tools/arm-none-eabi-gcc/4.8.3-2014q1/bin/../lib/gcc/arm-none-eabi/4.8.3/../../../../arm-none-eabi/lib/armv7-m\libm.a(lib_a-s_lib_ver.o)
                0x200701ac                __fdlib_version
 *fill*         0x200701ad        0x3 
 .data.impure_data
                0x200701b0      0x428 c:/programdata/matlab/supportpackages/r2022a/aide/portable/packages/arduino/tools/arm-none-eabi-gcc/4.8.3-2014q1/bin/../lib/gcc/arm-none-eabi/4.8.3/../../../../arm-none-eabi/lib/armv7-m\libg.a(lib_a-impure.o)
 .data._impure_ptr
                0x200705d8        0x4 c:/programdata/matlab/supportpackages/r2022a/aide/portable/packages/arduino/tools/arm-none-eabi-gcc/4.8.3-2014q1/bin/../lib/gcc/arm-none-eabi/4.8.3/../../../../arm-none-eabi/lib/armv7-m\libg.a(lib_a-impure.o)
                0x200705d8                _impure_ptr
 .data.lc_ctype_charset
                0x200705dc       0x20 c:/programdata/matlab/supportpackages/r2022a/aide/portable/packages/arduino/tools/arm-none-eabi-gcc/4.8.3-2014q1/bin/../lib/gcc/arm-none-eabi/4.8.3/../../../../arm-none-eabi/lib/armv7-m\libg.a(lib_a-locale.o)
 .data.__mb_cur_max
                0x200705fc        0x4 c:/programdata/matlab/supportpackages/r2022a/aide/portable/packages/arduino/tools/arm-none-eabi-gcc/4.8.3-2014q1/bin/../lib/gcc/arm-none-eabi/4.8.3/../../../../arm-none-eabi/lib/armv7-m\libg.a(lib_a-locale.o)
                0x200705fc                __mb_cur_max
 .data.__malloc_av_
                0x20070600      0x408 c:/programdata/matlab/supportpackages/r2022a/aide/portable/packages/arduino/tools/arm-none-eabi-gcc/4.8.3-2014q1/bin/../lib/gcc/arm-none-eabi/4.8.3/../../../../arm-none-eabi/lib/armv7-m\libg.a(lib_a-mallocr.o)
                0x20070600                __malloc_av_
 .data.__malloc_trim_threshold
                0x20070a08        0x4 c:/programdata/matlab/supportpackages/r2022a/aide/portable/packages/arduino/tools/arm-none-eabi-gcc/4.8.3-2014q1/bin/../lib/gcc/arm-none-eabi/4.8.3/../../../../arm-none-eabi/lib/armv7-m\libg.a(lib_a-mallocr.o)
                0x20070a08                __malloc_trim_threshold
 .data.__malloc_sbrk_base
                0x20070a0c        0x4 c:/programdata/matlab/supportpackages/r2022a/aide/portable/packages/arduino/tools/arm-none-eabi-gcc/4.8.3-2014q1/bin/../lib/gcc/arm-none-eabi/4.8.3/../../../../arm-none-eabi/lib/armv7-m\libg.a(lib_a-mallocr.o)
                0x20070a0c                __malloc_sbrk_base
 .data.__wctomb
                0x20070a10        0x4 c:/programdata/matlab/supportpackages/r2022a/aide/portable/packages/arduino/tools/arm-none-eabi-gcc/4.8.3-2014q1/bin/../lib/gcc/arm-none-eabi/4.8.3/../../../../arm-none-eabi/lib/armv7-m\libg.a(lib_a-wctomb_r.o)
                0x20070a10                __wctomb
                0x20070a14                . = ALIGN (0x4)
                0x20070a14                _erelocate = .

.bss            0x20070a14     0x1044 load address 0x0008ac5c
                0x20070a14                . = ALIGN (0x4)
                0x20070a14                _sbss = .
                0x20070a14                _szero = .
 *(.bss .bss.*)
 .bss           0x20070a14       0x1c c:/programdata/matlab/supportpackages/r2022a/aide/portable/packages/arduino/tools/arm-none-eabi-gcc/4.8.3-2014q1/bin/../lib/gcc/arm-none-eabi/4.8.3/armv7-m/crtbegin.o
 .bss.gpf_isr   0x20070a30        0x4 C:/ProgramData/MATLAB/SupportPackages/R2022a/aIDE/portable/packages/arduino/hardware/sam/1.6.12/variants/arduino_due_x/libsam_sam3x8e_gcc_rel.a(uotghs.o)
                0x20070a30                gpf_isr
 .bss.PWMEnabled