Archive member included because of file (symbol)

C:/ProgramData/MATLAB/SupportPackages/R2022a/aIDE/portable/packages/arduino/hardware/sam/1.6.12/variants/arduino_due_x/libsam_sam3x8e_gcc_rel.a(startup_sam3xa.o)
                              (Reset_Handler)
C:/ProgramData/MATLAB/SupportPackages/R2022a/aIDE/portable/packages/arduino/hardware/sam/1.6.12/variants/arduino_due_x/libsam_sam3x8e_gcc_rel.a(uotghs.o)
                              C:/ProgramData/MATLAB/SupportPackages/R2022a/aIDE/portable/packages/arduino/hardware/sam/1.6.12/variants/arduino_due_x/libsam_sam3x8e_gcc_rel.a(startup_sam3xa.o) (UOTGHS_Handler)
C:/Users/user/DOCUME~1/MATLAB/R2022a/ARDUIN~1/ARDUIN~1/FASTER~1/libcore.a(hooks.o)
                              arm_m3_cortex_handler.o (sysTickHook)
C:/Users/user/DOCUME~1/MATLAB/R2022a/ARDUIN~1/ARDUIN~1/FASTER~1/libcore.a(syscalls_sam3.o)
                              (_sbrk)
C:/Users/user/DOCUME~1/MATLAB/R2022a/ARDUIN~1/ARDUIN~1/FASTER~1/libcore.a(WInterrupts.o)
                              PWM_sinewave_PI.o (attachInterrupt)
C:/Users/user/DOCUME~1/MATLAB/R2022a/ARDUIN~1/ARDUIN~1/FASTER~1/libcore.a(wiring.o)
                              io_wrappers.o (millis)
C:/Users/user/DOCUME~1/MATLAB/R2022a/ARDUIN~1/ARDUIN~1/FASTER~1/libcore.a(wiring_analog.o)
                              MW_PWM.o (analogWrite)
C:/Users/user/DOCUME~1/MATLAB/R2022a/ARDUIN~1/ARDUIN~1/FASTER~1/libcore.a(wiring_digital.o)
                              MW_arduino_digitalio.o (pinMode)
C:/Users/user/DOCUME~1/MATLAB/R2022a/ARDUIN~1/ARDUIN~1/FASTER~1/libcore.a(Reset.o)
                              arm_m3_cortex_handler.o (tickReset)
C:/Users/user/DOCUME~1/MATLAB/R2022a/ARDUIN~1/ARDUIN~1/FASTER~1/libcore.a(UARTClass.o)
                              rtiostream_serial_daemon.o (UARTClass::available())
C:/Users/user/DOCUME~1/MATLAB/R2022a/ARDUIN~1/ARDUIN~1/FASTER~1/libcore.a(USARTClass.o)
                              io_wrappers.o (USARTClass::begin(unsigned long))
C:/Users/user/DOCUME~1/MATLAB/R2022a/ARDUIN~1/ARDUIN~1/FASTER~1/libcore.a(watchdog.o)
                              MW_ArduinoHWInit.o (watchdogDisable())
C:/Users/user/DOCUME~1/MATLAB/R2022a/ARDUIN~1/ARDUIN~1/FASTER~1/libcore.a(variant.o)
                              ert_main.o (init)
C:/Users/user/DOCUME~1/MATLAB/R2022a/ARDUIN~1/ARDUIN~1/FASTER~1/libcore.a(abi.o)
                              C:/Users/user/DOCUME~1/MATLAB/R2022a/ARDUIN~1/ARDUIN~1/FASTER~1/libcore.a(UARTClass.o) (__cxa_pure_virtual)
C:/Users/user/DOCUME~1/MATLAB/R2022a/ARDUIN~1/ARDUIN~1/FASTER~1/libcore.a(Print.o)
                              C:/Users/user/DOCUME~1/MATLAB/R2022a/ARDUIN~1/ARDUIN~1/FASTER~1/libcore.a(UARTClass.o) (Print::write(unsigned char const*, unsigned int))
C:/Users/user/DOCUME~1/MATLAB/R2022a/ARDUIN~1/ARDUIN~1/FASTER~1/libcore.a(RingBuffer.o)
                              C:/Users/user/DOCUME~1/MATLAB/R2022a/ARDUIN~1/ARDUIN~1/FASTER~1/libcore.a(variant.o) (RingBuffer::RingBuffer())
C:/ProgramData/MATLAB/SupportPackages/R2022a/aIDE/portable/packages/arduino/hardware/sam/1.6.12/variants/arduino_due_x/libsam_sam3x8e_gcc_rel.a(pio.o)
                              C:/Users/user/DOCUME~1/MATLAB/R2022a/ARDUIN~1/ARDUIN~1/FASTER~1/libcore.a(wiring_digital.o) (PIO_PullUp)
C:/ProgramData/MATLAB/SupportPackages/R2022a/aIDE/portable/packages/arduino/hardware/sam/1.6.12/variants/arduino_due_x/libsam_sam3x8e_gcc_rel.a(pmc.o)
                              MW_PWMDriver.o (pmc_enable_periph_clk)
C:/ProgramData/MATLAB/SupportPackages/R2022a/aIDE/portable/packages/arduino/hardware/sam/1.6.12/variants/arduino_due_x/libsam_sam3x8e_gcc_rel.a(pwmc.o)
                              MW_PWMDriver.o (PWMC_ConfigureChannel)
C:/ProgramData/MATLAB/SupportPackages/R2022a/aIDE/portable/packages/arduino/hardware/sam/1.6.12/variants/arduino_due_x/libsam_sam3x8e_gcc_rel.a(tc.o)
                              MW_PWMDriver.o (TC_Configure)
C:/ProgramData/MATLAB/SupportPackages/R2022a/aIDE/portable/packages/arduino/hardware/sam/1.6.12/variants/arduino_due_x/libsam_sam3x8e_gcc_rel.a(timetick.o)
                              arm_m3_cortex_handler.o (TimeTick_Increment)
C:/ProgramData/MATLAB/SupportPackages/R2022a/aIDE/portable/packages/arduino/hardware/sam/1.6.12/variants/arduino_due_x/libsam_sam3x8e_gcc_rel.a(wdt.o)
                              C:/Users/user/DOCUME~1/MATLAB/R2022a/ARDUIN~1/ARDUIN~1/FASTER~1/libcore.a(watchdog.o) (WDT_Enable)
C:/ProgramData/MATLAB/SupportPackages/R2022a/aIDE/portable/packages/arduino/hardware/sam/1.6.12/variants/arduino_due_x/libsam_sam3x8e_gcc_rel.a(system_sam3xa.o)
                              C:/Users/user/DOCUME~1/MATLAB/R2022a/ARDUIN~1/ARDUIN~1/FASTER~1/libcore.a(variant.o) (SystemInit)
C:/ProgramData/MATLAB/SupportPackages/R2022a/aIDE/portable/packages/arduino/hardware/sam/1.6.12/variants/arduino_due_x/libsam_sam3x8e_gcc_rel.a(adc.o)
                              C:/Users/user/DOCUME~1/MATLAB/R2022a/ARDUIN~1/ARDUIN~1/FASTER~1/libcore.a(variant.o) (adc_init)
[...]
Memory Configuration

Name             Origin             Length             Attributes
rom              0x00080000         0x00080000         xr
sram0            0x20000000         0x00010000         xrw
sram1            0x20080000         0x00008000         xrw
ram              0x20070000         0x00018000         xrw
*default*        0x00000000         0xffffffff

Linker script and memory map

LOAD c:/programdata/matlab/supportpackages/r2022a/aide/portable/packages/arduino/tools/arm-none-eabi-gcc/4.8.3-2014q1/bin/../lib/gcc/arm-none-eabi/4.8.3/armv7-m/crti.o
LOAD c:/programdata/matlab/supportpackages/r2022a/aide/portable/packages/arduino/tools/arm-none-eabi-gcc/4.8.3-2014q1/bin/../lib/gcc/arm-none-eabi/4.8.3/armv7-m/crtbegin.o
LOAD c:/programdata/matlab/supportpackages/r2022a/aide/portable/packages/arduino/tools/arm-none-eabi-gcc/4.8.3-2014q1/bin/../lib/gcc/arm-none-eabi/4.8.3/../../../../arm-none-eabi/lib/armv7-m/crt0.o
START GROUP
LOAD C:/ProgramData/MATLAB/SupportPackages/R2022a/aIDE/portable/packages/arduino/hardware/sam/1.6.12/variants/arduino_due_x/libsam_sam3x8e_gcc_rel.a
LOAD MW_arduino_digitalio.o
LOAD MW_PWM.o
LOAD MW_PWMDriver.o
LOAD ArduinoPinHandleMap.o
LOAD xcp_ext_mode.o
LOAD PWM_sinewave_PI.o
LOAD PWM_sinewave_PI_data.o
LOAD rtGetInf.o
LOAD rtGetNaN.o
LOAD rt_nonfinite.o
LOAD xcp_ext_common.o
LOAD xcp_ext_classic_trigger.o
LOAD xcp.o
LOAD xcp_standard.o
LOAD xcp_daq.o
LOAD xcp_calibration.o
LOAD xcp_fifo.o
LOAD xcp_transport.o
LOAD xcp_mem_default.o
LOAD xcp_drv_rtiostream.o
LOAD xcp_frame_serial.o
LOAD xcp_ext_param_default_serial.o
LOAD arm_m3_cortex_handler.o
LOAD MW_ArduinoHWInit.o
LOAD io_wrappers.o
LOAD arduinoARMScheduler.o
LOAD m3m4m4f_multitasking.o
LOAD rtiostream_serial_daemon.o
LOAD sys_arch.o
LOAD ert_main.o
LOAD C:/Users/user/DOCUME~1/MATLAB/R2022a/ARDUIN~1/ARDUIN~1/FASTER~1/MW_RebuildSrc_Core.o
LOAD C:/Users/user/DOCUME~1/MATLAB/R2022a/ARDUIN~1/ARDUIN~1/FASTER~1/libcore.a
END GROUP
LOAD c:/programdata/matlab/supportpackages/r2022a/aide/portable/packages/arduino/tools/arm-none-eabi-gcc/4.8.3-2014q1/bin/../lib/gcc/arm-none-eabi/4.8.3/../../../../arm-none-eabi/lib/armv7-m\libm.a
LOAD C:/Users/user/DOCUME~1/MATLAB/R2022a/ARDUIN~1/ARDUIN~1/FASTER~1\libcore.a
START GROUP
LOAD c:/programdata/matlab/supportpackages/r2022a/aide/portable/packages/arduino/tools/arm-none-eabi-gcc/4.8.3-2014q1/bin/../lib/gcc/arm-none-eabi/4.8.3/armv7-m\libgcc.a
LOAD c:/programdata/matlab/supportpackages/r2022a/aide/portable/packages/arduino/tools/arm-none-eabi-gcc/4.8.3-2014q1/bin/../lib/gcc/arm-none-eabi/4.8.3/../../../../arm-none-eabi/lib/armv7-m\libg.a
LOAD c:/programdata/matlab/supportpackages/r2022a/aide/portable/packages/arduino/tools/arm-none-eabi-gcc/4.8.3-2014q1/bin/../lib/gcc/arm-none-eabi/4.8.3/../../../../arm-none-eabi/lib/armv7-m\libc.a
END GROUP
LOAD c:/programdata/matlab/supportpackages/r2022a/aide/portable/packages/arduino/tools/arm-none-eabi-gcc/4.8.3-2014q1/bin/../lib/gcc/arm-none-eabi/4.8.3/armv7-m/crtend.o
LOAD c:/programdata/matlab/supportpackages/r2022a/aide/portable/packages/arduino/tools/arm-none-eabi-gcc/4.8.3-2014q1/bin/../lib/gcc/arm-none-eabi/4.8.3/armv7-m/crtn.o

.text           0x00080000     0xa2d0
                0x00080000                . = ALIGN (0x4)
                0x00080000                _sfixed = .
 *(.vectors .vectors.*)
 .vectors       0x00080000       0xf4 C:/ProgramData/MATLAB/SupportPackages/R2022a/aIDE/portable/packages/arduino/hardware/sam/1.6.12/variants/arduino_due_x/libsam_sam3x8e_gcc_rel.a(startup_sam3xa.o)
                0x00080000                exception_table
 *(.text .text.* .gnu.linkonce.t.*)
 .text          0x000800f4       0x54 c:/programdata/matlab/supportpackages/r2022a/aide/portable/packages/arduino/tools/arm-none-eabi-gcc/4.8.3-2014q1/bin/../lib/gcc/arm-none-eabi/4.8.3/armv7-m/crtbegin.o
 .text.Reset_Handler
                0x00080148       0x78 C:/ProgramData/MATLAB/SupportPackages/R2022a/aIDE/portable/packages/arduino/hardware/sam/1.6.12/variants/arduino_due_x/libsam_sam3x8e_gcc_rel.a(startup_sam3xa.o)
                0x00080148                Reset_Handler
 .text.UOTGHS_Handler
                0x000801c0       0x10 C:/ProgramData/MATLAB/SupportPackages/R2022a/aIDE/portable/packages/arduino/hardware/sam/1.6.12/variants/arduino_due_x/libsam_sam3x8e_gcc_rel.a(uotghs.o)
                0x000801c0                UOTGHS_Handler
 .text.digitalIOSetup
                0x000801d0        0xc MW_arduino_digitalio.o
                0x000801d0                digitalIOSetup
 .text.writeDigitalPin
                0x000801dc        0x8 MW_arduino_digitalio.o
                0x000801dc                writeDigitalPin
 .text.readDigitalPin
                0x000801e4        0xe MW_arduino_digitalio.o
                0x000801e4                readDigitalPin
 .text.MW_PWM_SetDutyCycle
                0x000801f2       0x46 MW_PWM.o
                0x000801f2                MW_PWM_SetDutyCycle
 .text.MW_PWM_GetHandle
                0x00080238       0x20 MW_PWM.o
                0x00080238                MW_PWM_GetHandle
 .text.setPWMHandle
                0x00080258       0x28 MW_PWM.o
                0x00080258                setPWMHandle
 .text.MW_PWM_Open
                0x00080280       0x54 MW_PWM.o
                0x00080280                MW_PWM_Open
 .text.MW_PWM_Close
                0x000802d4       0x18 MW_PWM.o
                0x000802d4                MW_PWM_Close
 .text.MW_analogWrite
                0x000802ec      0x188 MW_PWMDriver.o
                0x000802ec                MW_analogWrite
 .text.MW_setAnalogFrequency
                0x00080474      0x154 MW_PWMDriver.o
                0x00080474                MW_setAnalogFrequency
 .text.extmodeParseArgs
                0x000805c8        0x4 xcp_ext_mode.o
                0x000805c8                extmodeParseArgs
 .text.extmodeInit
                0x000805cc       0xa0 xcp_ext_mode.o
                0x000805cc                extmodeInit
 .text.extmodeWaitForHostRequest
                0x0008066c       0x94 xcp_ext_mode.o
                0x0008066c                extmodeWaitForHostRequest
 .text.extmodeEvent
                0x00080700       0x80 xcp_ext_mode.o
                0x00080700                extmodeEvent
 .text.extmodeBackgroundRun
                0x00080780        0x6 xcp_ext_mode.o
                0x00080780                extmodeBackgroundRun
 *fill*         0x00080786        0x2 
 .text.extmodeReset
                0x00080788       0x2c xcp_ext_mode.o
                0x00080788                extmodeReset
 .text.extmodeStopRequested
                0x000807b4        0xc xcp_ext_mode.o
                0x000807b4                extmodeStopRequested
 .text.extmodeSimulationComplete
                0x000807c0        0xc xcp_ext_mode.o
                0x000807c0                extmodeSimulationComplete
 .text.MW_ISR_50
                0x000807cc       0x8c PWM_sinewave_PI.o
                0x000807cc                MW_ISR_50
 .text.rt_modd_snf
                0x00080858      0x1a4 PWM_sinewave_PI.o
                0x00080858                rt_modd_snf
 .text.rt_roundd_snf
                0x000809fc       0x80 PWM_sinewave_PI.o
                0x000809fc                rt_roundd_snf
 .text.PWM_sinewave_PI_derivatives
                0x00080a7c       0x50 PWM_sinewave_PI.o
                0x00080a7c                PWM_sinewave_PI_derivatives
 *fill*         0x00080acc        0x4 
 .text.PWM_sinewave_PI_step
                0x00080ad0      0x710 PWM_sinewave_PI.o
                0x00080ad0                PWM_sinewave_PI_step
 .text.PWM_sinewave_PI_initialize
                0x000811e0      0x200 PWM_sinewave_PI.o
                0x000811e0                PWM_sinewave_PI_initialize
 .text.PWM_sinewave_PI_terminate
                0x000813e0       0x60 PWM_sinewave_PI.o
                0x000813e0                PWM_sinewave_PI_terminate
 .text.rtGetInf
                0x00081440        0xc rtGetInf.o
                0x00081440                rtGetInf
 .text.rtGetInfF
                0x0008144c        0x6 rtGetInf.o
                0x0008144c                rtGetInfF
 *fill*         0x00081452        0x2 
 .text.rtGetMinusInf
                0x00081454        0xc rtGetInf.o
                0x00081454                rtGetMinusInf
 .text.rtGetMinusInfF
                0x00081460        0x8 rtGetInf.o
                0x00081460                rtGetMinusInfF
 .text.rtGetNaN
                0x00081468        0xc rtGetNaN.o
                0x00081468                rtGetNaN
 .text.rtGetNaNF
                0x00081474        0x8 rtGetNaN.o
                0x00081474                rtGetNaNF
 .text.rt_InitInfAndNaN
                0x0008147c       0x54 rt_nonfinite.o
                0x0008147c                rt_InitInfAndNaN
 .text.rtIsInf  0x000814d0       0x38 rt_nonfinite.o
                0x000814d0                rtIsInf
 .text.rtIsNaN  0x00081508       0x28 rt_nonfinite.o
                0x00081508                rtIsNaN
 .text.xcpExtModeUpdateTime
                0x00081530       0xd8 xcp_ext_common.o
                0x00081530                xcpExtModeUpdateTime
 .text.xcpExtModeGetUpdatedTimestamp
                0x00081608       0x40 xcp_ext_common.o
                0x00081608                xcpExtModeGetUpdatedTimestamp
 .text.xcpExtModeInit
                0x00081648       0x40 xcp_ext_common.o
                0x00081648                xcpExtModeInit
 .text.xcpExtModeRunBackground
                0x00081688       0x7a xcp_ext_common.o
                0x00081688                xcpExtModeRunBackground
 *fill*         0x00081702        0x2 
 .text.xcpExtModeReset
                0x00081704       0xa0 xcp_ext_common.o
                0x00081704                xcpExtModeReset
 .text.xcpExtModeClassicTriggerInit
                0x000817a4       0x4c xcp_ext_classic_trigger.o
                0x000817a4                xcpExtModeClassicTriggerInit
 .text.xcpExtModeClassicTriggerEnabled
                0x000817f0      0x33c xcp_ext_classic_trigger.o
                0x000817f0                xcpExtModeClassicTriggerEnabled
 .text.xcpExtModeClassicTriggerReset
                0x00081b2c       0xbc xcp_ext_classic_trigger.o
                0x00081b2c                xcpExtModeClassicTriggerReset
 .text.xcpExtModeClassicTriggerForceEnableStatusUpdate
                0x00081be8       0x50 xcp_ext_classic_trigger.o
                0x00081be8                xcpExtModeClassicTriggerForceEnableStatusUpdate
 .text.unknownInputPacketHandler
                0x00081c38        0xa xcp.o
 .text.discardInputPacketHandler
                0x00081c42       0x10 xcp.o
 .text.genericOutputPacketHandler
                0x00081c52       0x64 xcp.o
                0x00081c52                genericOutputPacketHandler
 *fill*         0x00081cb6        0x2 
 .text.xcpStatusGet
                0x00081cb8        0xc xcp.o
                0x00081cb8                xcpStatusGet
 .text.xcpStatusSet
                0x00081cc4        0xc xcp.o
                0x00081cc4                xcpStatusSet
 .text.xcpSessionStatusGet
                0x00081cd0        0xc xcp.o
                0x00081cd0                xcpSessionStatusGet
 .text.xcpSessionStatusSetMask
                0x00081cdc       0x10 xcp.o
                0x00081cdc                xcpSessionStatusSetMask
 .text.xcpSessionStatusClearMask
                0x00081cec       0x10 xcp.o
                0x00081cec                xcpSessionStatusClearMask
 .text.xcpResourceProtectionStatusGet
                0x00081cfc        0xc xcp.o
                0x00081cfc                xcpResourceProtectionStatusGet
 .text.xcpSessionConfigurationIdGet
                0x00081d08        0xc xcp.o
                0x00081d08                xcpSessionConfigurationIdGet
 .text.xcpFindPacket
                0x00081d14       0x26 xcp.o
                0x00081d14                xcpFindPacket
 *fill*         0x00081d3a        0x2 
 .text.xcpInit  0x00081d3c       0x40 xcp.o
                0x00081d3c                xcpInit
 .text.xcpRun   0x00081d7c      0x18c xcp.o
                0x00081d7c                xcpRun
 .text.xcpEventExternalTimestamp
                0x00081f08       0x18 xcp.o
                0x00081f08                xcpEventExternalTimestamp
 .text.xcpGetStatus
                0x00081f20        0xc xcp.o
                0x00081f20                xcpGetStatus
 .text.xcpReset
                0x00081f2c       0x28 xcp.o
                0x00081f2c                xcpReset
 .text.xcpPackedModeEventsFlush
                0x00081f54        0x4 xcp.o
                0x00081f54                xcpPackedModeEventsFlush
 .text.xcpPackedModeEventReset
                0x00081f58        0x8 xcp.o
                0x00081f58                xcpPackedModeEventReset
 .text.getStatusInputPacketHandler
                0x00081f60        0x8 xcp_standard.o
 .text.getPacket
                0x00081f68        0xc xcp_standard.o
 .text.uploadInputPacketHandler
                0x00081f74       0x40 xcp_standard.o
 .text.synchInputPacketHandler
                0x00081fb4       0x1c xcp_standard.o
 .text.getStatusOutputPacketHandler
                0x00081fd0       0x26 xcp_standard.o
 .text.disconnectInputPacketHandler
                0x00081ff6       0x22 xcp_standard.o
 .text.connectInputPacketHandler
                0x00082018       0x32 xcp_standard.o
 .text.connectOutputPacketHandler
                0x0008204a       0x38 xcp_standard.o
 *fill*         0x00082082        0x2 
 .text.xcpStandardInit
                0x00082084       0x10 xcp_standard.o
                0x00082084                xcpStandardInit
 .text.xcpStandardGetPacketLookup
                0x00082094        0xc xcp_standard.o
                0x00082094                xcpStandardGetPacketLookup
 .text.xcpStandardReset
                0x000820a0        0xc xcp_standard.o
                0x000820a0                xcpStandardReset
 .text.xcpStandardGetAddressFromMta
                0x000820ac        0xc xcp_standard.o
                0x000820ac                xcpStandardGetAddressFromMta
 .text.xcpStandardSetMta
                0x000820b8       0x14 xcp_standard.o
                0x000820b8                xcpStandardSetMta
 .text.shortUploadInputPacketHandler
                0x000820cc       0x40 xcp_standard.o
 .text.setMTAInputPacketHandler
                0x0008210c       0x22 xcp_standard.o
 *fill*         0x0008212e        0x2 
 .text.xcpStandardIncrementMta
                0x00082130       0x10 xcp_standard.o
                0x00082130                xcpStandardIncrementMta
 .text.shortUploadOutputPacketHandler
                0x00082140       0x44 xcp_standard.o
 .text.uploadOutputPacketHandler
                0x00082184       0x44 xcp_standard.o
 .text.isActiveDaqList
                0x000821c8       0x1c xcp_daq.o
 .text.noActiveDaqLists
                0x000821e4       0x2c xcp_daq.o
 .text.isValidDaqPtr
                0x00082210       0x40 xcp_daq.o
 .text.isDaqPackedModeEnabled
                0x00082250       0x3c xcp_daq.o
 .text.setDaqPtrInputPacketHandler
                0x0008228c       0x48 xcp_daq.o
 .text.writeDaqInputPacketHandler
                0x000822d4       0x88 xcp_daq.o
 .text.setDaqListModeInputPacketHandler
                0x0008235c       0x88 xcp_daq.o
 .text.getDaqProcessorInfoInputPacketHandler
                0x000823e4        0x8 xcp_daq.o
 .text.getDaqResolutionInfoInputPacketHandler
                0x000823ec        0x8 xcp_daq.o
 .text.level1CommandInputPacketHandler
                0x000823f4       0x9c xcp_daq.o
 .text.getDaqResolutionInfoOutputPacketHandler
                0x00082490       0x28 xcp_daq.o
 .text.getDaqProcessorInfoOutputPacketHandler
                0x000824b8       0x2a xcp_daq.o
 *fill*         0x000824e2        0x2 
 .text.getPacket
                0x000824e4        0xc xcp_daq.o
 .text.allocOdtEntryInputPacketHandler
                0x000824f0       0x94 xcp_daq.o
 .text.allocOdtInputPacketHandler
                0x00082584       0x88 xcp_daq.o
 .text.allocDaqInputPacketHandler
                0x0008260c       0x98 xcp_daq.o
 .text.createDaqReservedPool
                0x000826a4       0x50 xcp_daq.o
 .text.startStopDaqListOutputPacketHandler
                0x000826f4       0x28 xcp_daq.o
 .text.xcpDaqWriteLock.isra.2
                0x0008271c       0x28 xcp_daq.o
 .text.xcpDaqWriteUnlock.isra.3
                0x00082744        0xc xcp_daq.o
 .text.startStopDaqListInputPacketHandler
                0x00082750      0x1c4 xcp_daq.o
 .text.startStopSynchInputPacketHandler
                0x00082914      0x150 xcp_daq.o
 .text.xcpDaqInit
                0x00082a64       0x2c xcp_daq.o
                0x00082a64                xcpDaqInit
 .text.xcpDaqGetPacketLookup
                0x00082a90        0xc xcp_daq.o
                0x00082a90                xcpDaqGetPacketLookup
 .text.xcpDaqEvent
                0x00082a9c      0x29c xcp_daq.o
                0x00082a9c                xcpDaqEvent
 .text.xcpDaqEventsFlush
                0x00082d38       0xe8 xcp_daq.o
                0x00082d38                xcpDaqEventsFlush
 .text.xcpDaqLock
                0x00082e20        0x4 xcp_daq.o
                0x00082e20                xcpDaqLock
 .text.xcpDaqUnlock
                0x00082e24        0x4 xcp_daq.o
                0x00082e24                xcpDaqUnlock
 .text.xcpResetDaqListStatus
                0x00082e28       0xbc xcp_daq.o
                0x00082e28                xcpResetDaqListStatus
 .text.freeDaqInputPacketHandler
                0x00082ee4       0x22 xcp_daq.o
 *fill*         0x00082f06        0x2 
 .text.xcpDaqReset
                0x00082f08       0x1c xcp_daq.o
                0x00082f08                xcpDaqReset
 .text.getPacket
                0x00082f24        0xc xcp_calibration.o
 .text.shortDownloadInputPacketHandler
                0x00082f30       0x4c xcp_calibration.o
 .text.downloadInputPacketHandler
                0x00082f7c       0x50 xcp_calibration.o
 .text.xcpCalibrationInit
                0x00082fcc       0x10 xcp_calibration.o
                0x00082fcc                xcpCalibrationInit
 .text.xcpCalibrationGetPacketLookup
                0x00082fdc        0xc xcp_calibration.o
                0x00082fdc                xcpCalibrationGetPacketLookup
 .text.xcpCalibrationReset
                0x00082fe8        0x2 xcp_calibration.o
                0x00082fe8                xcpCalibrationReset
 .text.xcpFifoInit
                0x00082fea        0x8 xcp_fifo.o
                0x00082fea                xcpFifoInit
 .text.xcpFifoEnqueue
                0x00082ff2        0xc xcp_fifo.o
                0x00082ff2                xcpFifoEnqueue
 .text.xcpFifoDequeue
                0x00082ffe       0x12 xcp_fifo.o
                0x00082ffe                xcpFifoDequeue
 .text.xcpFifoEnqueueHead
                0x00083010        0xc xcp_fifo.o
                0x00083010                xcpFifoEnqueueHead
 .text.xcpFifoReset
                0x0008301c        0x8 xcp_fifo.o
                0x0008301c                xcpFifoReset
 .text.xcpTransportEmptyTxFifo
                0x00083024       0x40 xcp_transport.o
 .text.xcpTransportEmptyRxFifo
                0x00083064       0x38 xcp_transport.o
 .text.xcpTransportTxReady
                0x0008309c        0x4 xcp_transport.o
                0x0008309c                xcpTransportTxReady
 .text.xcpTransportTxTrigger
                0x000830a0        0x4 xcp_transport.o
                0x000830a0                xcpTransportTxTrigger
 .text.xcpTransportTx
                0x000830a4       0x88 xcp_transport.o
                0x000830a4                xcpTransportTx
 .text.xcpTransportRx
                0x0008312c       0x54 xcp_transport.o
                0x0008312c                xcpTransportRx
 .text.xcpTransportPacketOffset
                0x00083180        0xa xcp_transport.o
                0x00083180                xcpTransportPacketOffset
 *fill*         0x0008318a        0x2 
 .text.xcpTransportTxPacketSet
                0x0008318c       0x8c xcp_transport.o
                0x0008318c                xcpTransportTxPacketSet
 .text.xcpTransportRxPacketGet
                0x00083218       0x80 xcp_transport.o
                0x00083218                xcpTransportRxPacketGet
 .text.xcpTransportMsgBufferSize
                0x00083298       0x28 xcp_transport.o
                0x00083298                xcpTransportMsgBufferSize
 .text.xcpTransportInit
                0x000832c0       0x7c xcp_transport.o
                0x000832c0                xcpTransportInit
 .text.xcpTransportMaxDtoSize
                0x0008333c        0x4 xcp_transport.o
                0x0008333c                xcpTransportMaxDtoSize
 .text.xcpTransportMaxCtoSize
                0x00083340        0x4 xcp_transport.o
                0x00083340                xcpTransportMaxCtoSize
 .text.xcpTransportRestart
                0x00083344       0x16 xcp_transport.o
                0x00083344                xcpTransportRestart
 .text.xcpTransportResynch
                0x0008335a       0x12 xcp_transport.o
                0x0008335a                xcpTransportResynch
 .text.xcpTransportCtoReservedMemPoolId
                0x0008336c        0xc xcp_transport.o
                0x0008336c                xcpTransportCtoReservedMemPoolId
 .text.xcpTransportReset
                0x00083378       0x54 xcp_transport.o
                0x00083378                xcpTransportReset
 .text.xcpInitializePoolMemoryArea
                0x000833cc       0x30 xcp_mem_default.o
 .text.xcpMemInit
                0x000833fc       0x94 xcp_mem_default.o
                0x000833fc                xcpMemInit
 .text.xcpMemAlloc
                0x00083490       0x64 xcp_mem_default.o
                0x00083490                xcpMemAlloc
 .text.xcpMemFree
                0x000834f4       0x80 xcp_mem_default.o
                0x000834f4                xcpMemFree
 .text.xcpMemReservedPoolCreate
                0x00083574       0xe0 xcp_mem_default.o
                0x00083574                xcpMemReservedPoolCreate
 .text.xcpMemReservedPoolDestroy
                0x00083654       0x88 xcp_mem_default.o
                0x00083654                xcpMemReservedPoolDestroy
 .text.xcpMemCustomPoolCreate
                0x000836dc       0x4c xcp_mem_default.o
                0x000836dc                xcpMemCustomPoolCreate
 .text.xcpMemCustomPoolDestroy
                0x00083728       0x2c xcp_mem_default.o
                0x00083728                xcpMemCustomPoolDestroy
 .text.xcpMemAllocFromPool
                0x00083754       0x70 xcp_mem_default.o
                0x00083754                xcpMemAllocFromPool
 .text.xcpMemReset
                0x000837c4       0x48 xcp_mem_default.o
                0x000837c4                xcpMemReset
 .text.xcpDrvOpen
                0x0008380c       0x24 xcp_drv_rtiostream.o
                0x0008380c                xcpDrvOpen
 .text.xcpDrvIoctl
                0x00083830       0x14 xcp_drv_rtiostream.o
                0x00083830                xcpDrvIoctl
 .text.xcpDrvSend
                0x00083844       0x9c xcp_drv_rtiostream.o
                0x00083844                xcpDrvSend
 .text.xcpDrvRecv
                0x000838e0       0x9c xcp_drv_rtiostream.o
                0x000838e0                xcpDrvRecv
 .text.xcpDrvClose
                0x0008397c       0x28 xcp_drv_rtiostream.o
                0x0008397c                xcpDrvClose
 .text.xcpSxiChecksum
                0x000839a4       0x1a xcp_frame_serial.o
                0x000839a4                xcpSxiChecksum
 *fill*         0x000839be        0x2 
 .text.xcpFrameInit
                0x000839c0       0x38 xcp_frame_serial.o
                0x000839c0                xcpFrameInit
 .text.xcpFrameMsgSend
                0x000839f8       0x98 xcp_frame_serial.o
                0x000839f8                xcpFrameMsgSend
 .text.xcpFrameMsgRecv
                0x00083a90       0xb4 xcp_frame_serial.o
                0x00083a90                xcpFrameMsgRecv
 .text.xcpFrameCreateMsg
                0x00083b44       0x1c xcp_frame_serial.o
                0x00083b44                xcpFrameCreateMsg
 .text.xcpFrameExtractPacket
                0x00083b60       0x80 xcp_frame_serial.o
                0x00083b60                xcpFrameExtractPacket
 .text.xcpFrameHeaderSize
                0x00083be0        0x4 xcp_frame_serial.o
                0x00083be0                xcpFrameHeaderSize
 .text.xcpFrameTailSize
                0x00083be4        0x4 xcp_frame_serial.o
                0x00083be4                xcpFrameTailSize
 .text.xcpFrameMaxDtoSize
                0x00083be8        0x6 xcp_frame_serial.o
                0x00083be8                xcpFrameMaxDtoSize
 .text.xcpFrameMaxCtoSize
                0x00083bee        0x4 xcp_frame_serial.o
                0x00083bee                xcpFrameMaxCtoSize
 *fill*         0x00083bf2        0x2 
 .text.xcpFrameRestart
                0x00083bf4       0x1c xcp_frame_serial.o
                0x00083bf4                xcpFrameRestart
 .text.xcpFrameSetCtoReservedMemPoolId
                0x00083c10        0xc xcp_frame_serial.o
                0x00083c10                xcpFrameSetCtoReservedMemPoolId
 .text.xcpFrameReset
                0x00083c1c       0x30 xcp_frame_serial.o
                0x00083c1c                xcpFrameReset
 .text.xcpTransportGetInitParameters
                0x00083c4c        0xc xcp_ext_param_default_serial.o
                0x00083c4c                xcpTransportGetInitParameters
 .text.xcpGetInitParameters
                0x00083c58        0xc xcp_ext_param_default_serial.o
                0x00083c58                xcpGetInitParameters
 .text.__halt   0x00083c64        0x2 arm_m3_cortex_handler.o
                0x00083c64                DACC_Handler
                0x00083c64                DebugMon_Handler
                0x00083c64                DMAC_Handler
                0x00083c64                TRNG_Handler
                0x00083c64                HardFault_Handler
                0x00083c64                TC2_Handler
                0x00083c64                TWI1_Handler
                0x00083c64                NMI_Handler
                0x00083c64                TC7_Handler
                0x00083c64                ADC_Handler
                0x00083c64                SMC_Handler
                0x00083c64                RTT_Handler
                0x00083c64                EFC1_Handler
                0x00083c64                RTC_Handler
                0x00083c64                UsageFault_Handler
                0x00083c64                TC6_Handler
                0x00083c64                WDT_Handler
                0x00083c64                CAN0_Handler
                0x00083c64                TC4_Handler
                0x00083c64                TC1_Handler
                0x00083c64                HSMCI_Handler
                0x00083c64                TC3_Handler
                0x00083c64                TWI0_Handler
                0x00083c64                SSC_Handler
                0x00083c64                EFC0_Handler
                0x00083c64                PMC_Handler
                0x00083c64                PWM_Handler
                0x00083c64                CAN1_Handler
                0x00083c64                MemManage_Handler
                0x00083c64                SUPC_Handler
                0x00083c64                USART2_Handler
                0x00083c64                EMAC_Handler
                0x00083c64                BusFault_Handler
                0x00083c64                RSTC_Handler
                0x00083c64                TC0_Handler
                0x00083c64                TC5_Handler
                0x00083c64                SPI0_Handler
 .text.SysTick_Handler
                0x00083c66       0x16 arm_m3_cortex_handler.o
                0x00083c66                SysTick_Handler
 .text.MW_Arduino_Init
                0x00083c7c       0x14 MW_ArduinoHWInit.o
                0x00083c7c                MW_Arduino_Init
 .text.MW_Arduino_Terminate
                0x00083c90        0x2 MW_ArduinoHWInit.o
                0x00083c90                MW_Arduino_Terminate
 *fill*         0x00083c92        0x2 
 .text.Serial_begin
                0x00083c94       0x34 io_wrappers.o
                0x00083c94                Serial_begin
 .text._ZL13Scheduler_Isrv
                0x00083cc8       0x14 arduinoARMScheduler.o
 .text.TC8_Handler
                0x00083cdc       0x20 arduinoARMScheduler.o
                0x00083cdc                TC8_Handler
 .text.Setup_SchedulerTimer
                0x00083cfc       0x84 arduinoARMScheduler.o
                0x00083cfc                Setup_SchedulerTimer
 .text.configureArduinoARMTimer
                0x00083d80       0x3c arduinoARMScheduler.o
                0x00083d80                configureArduinoARMTimer
 .text.disable_rt_OneStep
                0x00083dbc       0x14 arduinoARMScheduler.o
                0x00083dbc                disable_rt_OneStep
 .text.MW_Arduino_Loop
                0x00083dd0        0x4 arduinoARMScheduler.o
                0x00083dd0                MW_Arduino_Loop
 .text.PendSV_Handler
                0x00083dd4       0x3c m3m4m4f_multitasking.o
                0x00083dd4                PendSV_Handler
 .text.SVC_Handler
                0x00083e10       0x4c m3m4m4f_multitasking.o
                0x00083e10                SVC_Handler
 .text.rtIOStreamResync
                0x00083e5c        0xc rtiostream_serial_daemon.o
                0x00083e5c                rtIOStreamResync
 .text.rtIOStreamSend
                0x00083e68       0x1c rtiostream_serial_daemon.o
                0x00083e68                rtIOStreamSend
 .text.rtIOStreamClose
                0x00083e84        0xe rtiostream_serial_daemon.o
                0x00083e84                rtIOStreamClose
 *fill*         0x00083e92        0x2 
 .text.rtIOStreamOpen
                0x00083e94       0x24 rtiostream_serial_daemon.o
                0x00083e94                rtIOStreamOpen
 .text.rtIOStreamRecv
                0x00083eb8       0x5c rtiostream_serial_daemon.o
                0x00083eb8                rtIOStreamRecv
 .text.sys_arch_protect
                0x00083f14        0x8 sys_arch.o
                0x00083f14                sys_arch_protect
 .text.sys_arch_unprotect
                0x00083f1c        0x6 sys_arch.o
                0x00083f1c                sys_arch_unprotect
 *fill*         0x00083f22        0x2 
 .text.rt_OneStep
                0x00083f24       0x30 ert_main.o
                0x00083f24                rt_OneStep
 .text.startup.main
                0x00083f54       0xfc ert_main.o
                0x00083f54                main
 .text.__empty  0x00084050        0x2 C:/Users/user/DOCUME~1/MATLAB/R2022a/ARDUIN~1/ARDUIN~1/FASTER~1/libcore.a(hooks.o)
                0x00084050                yield
 .text.__false  0x00084052        0x4 C:/Users/user/DOCUME~1/MATLAB/R2022a/ARDUIN~1/ARDUIN~1/FASTER~1/libcore.a(hooks.o)
                0x00084052                sysTickHook
 *fill*         0x00084056        0x2 
 .text._sbrk    0x00084058       0x1c C:/Users/user/DOCUME~1/MATLAB/R2022a/ARDUIN~1/ARDUIN~1/FASTER~1/libcore.a(syscalls_sam3.o)
                0x00084058                _sbrk
 .text.link     0x00084074        0x6 C:/Users/user/DOCUME~1/MATLAB/R2022a/ARDUIN~1/ARDUIN~1/FASTER~1/libcore.a(syscalls_sam3.o)
                0x00084074                link
 .text._close   0x0008407a        0x6 C:/Users/user/DOCUME~1/MATLAB/R2022a/ARDUIN~1/ARDUIN~1/FASTER~1/libcore.a(syscalls_sam3.o)
                0x0008407a                _close
 .text._fstat   0x00084080        0xa C:/Users/user/DOCUME~1/MATLAB/R2022a/ARDUIN~1/ARDUIN~1/FASTER~1/libcore.a(syscalls_sam3.o)
                0x00084080                _fstat
 .text._isatty  0x0008408a        0x4 C:/Users/user/DOCUME~1/MATLAB/R2022a/ARDUIN~1/ARDUIN~1/FASTER~1/libcore.a(syscalls_sam3.o)
                0x0008408a                _isatty
 .text._lseek   0x0008408e        0x4 C:/Users/user/DOCUME~1/MATLAB/R2022a/ARDUIN~1/ARDUIN~1/FASTER~1/libcore.a(syscalls_sam3.o)
                0x0008408e                _lseek
 .text._read    0x00084092        0x4 C:/Users/user/DOCUME~1/MATLAB/R2022a/ARDUIN~1/ARDUIN~1/FASTER~1/libcore.a(syscalls_sam3.o)
                0x00084092                _read
 *fill*         0x00084096        0x2 
 .text._write   0x00084098       0x24 C:/Users/user/DOCUME~1/MATLAB/R2022a/ARDUIN~1/ARDUIN~1/FASTER~1/libcore.a(syscalls_sam3.o)
                0x00084098                _write
 .text._exit    0x000840bc        0x2 C:/Users/user/DOCUME~1/MATLAB/R2022a/ARDUIN~1/ARDUIN~1/FASTER~1/libcore.a(syscalls_sam3.o)
                0x000840bc                _exit
 .text._kill    0x000840be        0x2 C:/Users/user/DOCUME~1/MATLAB/R2022a/ARDUIN~1/ARDUIN~1/FASTER~1/libcore.a(syscalls_sam3.o)
                0x000840be                _kill
 .text._getpid  0x000840c0        0x6 C:/Users/user/DOCUME~1/MATLAB/R2022a/ARDUIN~1/ARDUIN~1/FASTER~1/libcore.a(syscalls_sam3.o)
                0x000840c0                _getpid
 *fill*         0x000840c6        0x2 
 .text.attachInterrupt
                0x000840c8      0x148 C:/Users/user/DOCUME~1/MATLAB/R2022a/ARDUIN~1/ARDUIN~1/FASTER~1/libcore.a(WInterrupts.o)
                0x000840c8                attachInterrupt
 .text.PIOA_Handler
                0x00084210       0x38 C:/Users/user/DOCUME~1/MATLAB/R2022a/ARDUIN~1/ARDUIN~1/FASTER~1/libcore.a(WInterrupts.o)
                0x00084210                PIOA_Handler
 .text.PIOB_Handler
                0x00084248       0x38 C:/Users/user/DOCUME~1/MATLAB/R2022a/ARDUIN~1/ARDUIN~1/FASTER~1/libcore.a(WInterrupts.o)
                0x00084248                PIOB_Handler
 .text.PIOC_Handler
                0x00084280       0x38 C:/Users/user/DOCUME~1/MATLAB/R2022a/ARDUIN~1/ARDUIN~1/FASTER~1/libcore.a(WInterrupts.o)
                0x00084280                PIOC_Handler
 .text.PIOD_Handler
                0x000842b8       0x38 C:/Users/user/DOCUME~1/MATLAB/R2022a/ARDUIN~1/ARDUIN~1/FASTER~1/libcore.a(WInterrupts.o)
                0x000842b8                PIOD_Handler
 .text.delay    0x000842f0       0x1c C:/Users/user/DOCUME~1/MATLAB/R2022a/ARDUIN~1/ARDUIN~1/FASTER~1/libcore.a(wiring.o)
                0x000842f0                delay
 .text.mapResolution
                0x0008430c       0x12 C:/Users/user/DOCUME~1/MATLAB/R2022a/ARDUIN~1/ARDUIN~1/FASTER~1/libcore.a(wiring_analog.o)
 .text.analogOutputInit
                0x0008431e        0x2 C:/Users/user/DOCUME~1/MATLAB/R2022a/ARDUIN~1/ARDUIN~1/FASTER~1/libcore.a(wiring_analog.o)
                0x0008431e                analogOutputInit
 .text.analogWrite
                0x00084320      0x2c0 C:/Users/user/DOCUME~1/MATLAB/R2022a/ARDUIN~1/ARDUIN~1/FASTER~1/libcore.a(wiring_analog.o)
                0x00084320                analogWrite
 .text.pinMode  0x000845e0      0x108 C:/Users/user/DOCUME~1/MATLAB/R2022a/ARDUIN~1/ARDUIN~1/FASTER~1/libcore.a(wiring_digital.o)
                0x000845e0                pinMode
 .text.digitalWrite
                0x000846e8       0x70 C:/Users/user/DOCUME~1/MATLAB/R2022a/ARDUIN~1/ARDUIN~1/FASTER~1/libcore.a(wiring_digital.o)
                0x000846e8                digitalWrite
 .text.digitalRead
                0x00084758       0x44 C:/Users/user/DOCUME~1/MATLAB/R2022a/ARDUIN~1/ARDUIN~1/FASTER~1/libcore.a(wiring_digital.o)
                0x00084758                digitalRead
 .text.tickReset
                0x0008479c       0x20 C:/Users/user/DOCUME~1/MATLAB/R2022a/ARDUIN~1/ARDUIN~1/FASTER~1/libcore.a(Reset.o)
                0x0008479c                tickReset
 .text._ZN9UARTClasscvbEv
                0x000847bc        0x4 C:/Users/user/DOCUME~1/MATLAB/R2022a/ARDUIN~1/ARDUIN~1/FASTER~1/libcore.a(UARTClass.o)
                0x000847bc                UARTClass::operator bool()
 .text._ZN9UARTClass9availableEv
                0x000847c0       0x12 C:/Users/user/DOCUME~1/MATLAB/R2022a/ARDUIN~1/ARDUIN~1/FASTER~1/libcore.a(UARTClass.o)
                0x000847c0                UARTClass::available()
 .text._ZN9UARTClass4peekEv
                0x000847d2       0x1c C:/Users/user/DOCUME~1/MATLAB/R2022a/ARDUIN~1/ARDUIN~1/FASTER~1/libcore.a(UARTClass.o)
                0x000847d2                UARTClass::peek()
 .text._ZN9UARTClass4readEv
                0x000847ee       0x2a C:/Users/user/DOCUME~1/MATLAB/R2022a/ARDUIN~1/ARDUIN~1/FASTER~1/libcore.a(UARTClass.o)
                0x000847ee                UARTClass::read()
 .text._ZN9UARTClass5flushEv
                0x00084818       0x18 C:/Users/user/DOCUME~1/MATLAB/R2022a/ARDUIN~1/ARDUIN~1/FASTER~1/libcore.a(UARTClass.o)
                0x00084818                UARTClass::flush()
 .text._ZN9UARTClass5writeEh
                0x00084830       0x54 C:/Users/user/DOCUME~1/MATLAB/R2022a/ARDUIN~1/ARDUIN~1/FASTER~1/libcore.a(UARTClass.o)
                0x00084830                UARTClass::write(unsigned char)
 .text._ZN9UARTClass3endEv
                0x00084884       0x3c C:/Users/user/DOCUME~1/MATLAB/R2022a/ARDUIN~1/ARDUIN~1/FASTER~1/libcore.a(UARTClass.o)
                0x00084884                UARTClass::end()
 .text._ZN9UARTClassC2EP4Uart4IRQnmP10RingBufferS4_
                0x000848c0       0x24 C:/Users/user/DOCUME~1/MATLAB/R2022a/ARDUIN~1/ARDUIN~1/FASTER~1/libcore.a(UARTClass.o)
                0x000848c0                UARTClass::UARTClass(Uart*, IRQn, unsigned long, RingBuffer*, RingBuffer*)
                0x000848c0                UARTClass::UARTClass(Uart*, IRQn, unsigned long, RingBuffer*, RingBuffer*)
 .text._ZN9UARTClass4initEmm
                0x000848e4       0x70 C:/Users/user/DOCUME~1/MATLAB/R2022a/ARDUIN~1/ARDUIN~1/FASTER~1/libcore.a(UARTClass.o)
                0x000848e4                UARTClass::init(unsigned long, unsigned long)
 .text._ZN9UARTClass5beginEm
                0x00084954        0x8 C:/Users/user/DOCUME~1/MATLAB/R2022a/ARDUIN~1/ARDUIN~1/FASTER~1/libcore.a(UARTClass.o)
                0x00084954                UARTClass::begin(unsigned long)
 .text._ZN9UARTClass10IrqHandlerEv
                0x0008495c       0x5a C:/Users/user/DOCUME~1/MATLAB/R2022a/ARDUIN~1/ARDUIN~1/FASTER~1/libcore.a(UARTClass.o)
                0x0008495c                UARTClass::IrqHandler()
 .text._ZN10USARTClass5beginEm
                0x000849b6        0x8 C:/Users/user/DOCUME~1/MATLAB/R2022a/ARDUIN~1/ARDUIN~1/FASTER~1/libcore.a(USARTClass.o)
                0x000849b6                USARTClass::begin(unsigned long)
 *fill*         0x000849be        0x2 
 .text._ZN10USARTClassC2EP5Usart4IRQnmP10RingBufferS4_
                0x000849c0       0x24 C:/Users/user/DOCUME~1/MATLAB/R2022a/ARDUIN~1/ARDUIN~1/FASTER~1/libcore.a(USARTClass.o)
                0x000849c0                USARTClass::USARTClass(Usart*, IRQn, unsigned long, RingBuffer*, RingBuffer*)
                0x000849c0                USARTClass::USARTClass(Usart*, IRQn, unsigned long, RingBuffer*, RingBuffer*)
 .text._Z15watchdogDisablev
                0x000849e4        0xc C:/Users/user/DOCUME~1/MATLAB/R2022a/ARDUIN~1/ARDUIN~1/FASTER~1/libcore.a(watchdog.o)
                0x000849e4                watchdogDisable()
 .text.UART_Handler
                0x000849f0        0xc C:/Users/user/DOCUME~1/MATLAB/R2022a/ARDUIN~1/ARDUIN~1/FASTER~1/libcore.a(variant.o)
                0x000849f0                UART_Handler
 .text.USART0_Handler
                0x000849fc        0xc C:/Users/user/DOCUME~1/MATLAB/R2022a/ARDUIN~1/ARDUIN~1/FASTER~1/libcore.a(variant.o)
                0x000849fc                USART0_Handler
 .text.USART1_Handler
                0x00084a08        0xc C:/Users/user/DOCUME~1/MATLAB/R2022a/ARDUIN~1/ARDUIN~1/FASTER~1/libcore.a(variant.o)
                0x00084a08                USART1_Handler
 .text.USART3_Handler
                0x00084a14        0xc C:/Users/user/DOCUME~1/MATLAB/R2022a/ARDUIN~1/ARDUIN~1/FASTER~1/libcore.a(variant.o)
                0x00084a14                USART3_Handler
 .text.init     0x00084a20      0x128 C:/Users/user/DOCUME~1/MATLAB/R2022a/ARDUIN~1/ARDUIN~1/FASTER~1/libcore.a(variant.o)
                0x00084a20                init
 .text.startup._GLOBAL__sub_I_g_APinDescription
                0x00084b48       0xd4 C:/Users/user/DOCUME~1/MATLAB/R2022a/ARDUIN~1/ARDUIN~1/FASTER~1/libcore.a(variant.o)
 .text._ZN5Print5writeEPKhj
                0x00084c1c       0x22 C:/Users/user/DOCUME~1/MATLAB/R2022a/ARDUIN~1/ARDUIN~1/FASTER~1/libcore.a(Print.o)
                0x00084c1c                Print::write(unsigned char const*, unsigned int)
 .text._ZN10RingBufferC2Ev
                0x00084c3e       0x1a C:/Users/user/DOCUME~1/MATLAB/R2022a/ARDUIN~1/ARDUIN~1/FASTER~1/libcore.a(RingBuffer.o)
                0x00084c3e                RingBuffer::RingBuffer()
                0x00084c3e                RingBuffer::RingBuffer()
 .text._ZN10RingBuffer10store_charEh
                0x00084c58       0x1e C:/Users/user/DOCUME~1/MATLAB/R2022a/ARDUIN~1/ARDUIN~1/FASTER~1/libcore.a(RingBuffer.o)
                0x00084c58                RingBuffer::store_char(unsigned char)
 .text.PIO_PullUp
                0x00084c76        0xa C:/ProgramData/MATLAB/SupportPackages/R2022a/aIDE/portable/packages/arduino/hardware/sam/1.6.12/variants/arduino_due_x/libsam_sam3x8e_gcc_rel.a(pio.o)
                0x00084c76                PIO_PullUp
 .text.PIO_Get  0x00084c80       0x14 C:/ProgramData/MATLAB/SupportPackages/R2022a/aIDE/portable/packages/arduino/hardware/sam/1.6.12/variants/arduino_due_x/libsam_sam3x8e_gcc_rel.a(pio.o)
                0x00084c80                PIO_Get
 .text.PIO_SetPeripheral
                0x00084c94       0x26 C:/ProgramData/MATLAB/SupportPackages/R2022a/aIDE/portable/packages/arduino/hardware/sam/1.6.12/variants/arduino_due_x/libsam_sam3x8e_gcc_rel.a(pio.o)
                0x00084c94                PIO_SetPeripheral
 .text.PIO_SetInput
                0x00084cba       0x26 C:/ProgramData/MATLAB/SupportPackages/R2022a/aIDE/portable/packages/arduino/hardware/sam/1.6.12/variants/arduino_due_x/libsam_sam3x8e_gcc_rel.a(pio.o)
                0x00084cba                PIO_SetInput
 .text.PIO_SetOutput
                0x00084ce0       0x24 C:/ProgramData/MATLAB/SupportPackages/R2022a/aIDE/portable/packages/arduino/hardware/sam/1.6.12/variants/arduino_due_x/libsam_sam3x8e_gcc_rel.a(pio.o)
                0x00084ce0                PIO_SetOutput
 .text.PIO_Configure
                0x00084d04       0x64 C:/ProgramData/MATLAB/SupportPackages/R2022a/aIDE/portable/packages/arduino/hardware/sam/1.6.12/variants/arduino_due_x/libsam_sam3x8e_gcc_rel.a(pio.o)
                0x00084d04                PIO_Configure
 .text.PIO_GetOutputDataStatus
                0x00084d68       0x14 C:/ProgramData/MATLAB/SupportPackages/R2022a/aIDE/portable/packages/arduino/hardware/sam/1.6.12/variants/arduino_due_x/libsam_sam3x8e_gcc_rel.a(pio.o)
                0x00084d68                PIO_GetOutputDataStatus
 .text.pmc_enable_periph_clk
                0x00084d7c       0x44 C:/ProgramData/MATLAB/SupportPackages/R2022a/aIDE/portable/packages/arduino/hardware/sam/1.6.12/variants/arduino_due_x/libsam_sam3x8e_gcc_rel.a(pmc.o)
                0x00084d7c                pmc_enable_periph_clk
 .text.pmc_disable_periph_clk
                0x00084dc0       0x40 C:/ProgramData/MATLAB/SupportPackages/R2022a/aIDE/portable/packages/arduino/hardware/sam/1.6.12/variants/arduino_due_x/libsam_sam3x8e_gcc_rel.a(pmc.o)
                0x00084dc0                pmc_disable_periph_clk
 .text.pmc_set_writeprotect
                0x00084e00       0x1c C:/ProgramData/MATLAB/SupportPackages/R2022a/aIDE/portable/packages/arduino/hardware/sam/1.6.12/variants/arduino_due_x/libsam_sam3x8e_gcc_rel.a(pmc.o)
                0x00084e00                pmc_set_writeprotect
 .text.FindClockConfiguration
                0x00084e1c       0x7c C:/ProgramData/MATLAB/SupportPackages/R2022a/aIDE/portable/packages/arduino/hardware/sam/1.6.12/variants/arduino_due_x/libsam_sam3x8e_gcc_rel.a(pwmc.o)
 .text.PWMC_ConfigureChannel
                0x00084e98       0x60 C:/ProgramData/MATLAB/SupportPackages/R2022a/aIDE/portable/packages/arduino/hardware/sam/1.6.12/variants/arduino_due_x/libsam_sam3x8e_gcc_rel.a(pwmc.o)
                0x00084e98                PWMC_ConfigureChannel
 .text.PWMC_ConfigureClocks
                0x00084ef8       0x54 C:/ProgramData/MATLAB/SupportPackages/R2022a/aIDE/portable/packages/arduino/hardware/sam/1.6.12/variants/arduino_due_x/libsam_sam3x8e_gcc_rel.a(pwmc.o)
                0x00084ef8                PWMC_ConfigureClocks
 .text.PWMC_SetPeriod
                0x00084f4c       0x1a C:/ProgramData/MATLAB/SupportPackages/R2022a/aIDE/portable/packages/arduino/hardware/sam/1.6.12/variants/arduino_due_x/libsam_sam3x8e_gcc_rel.a(pwmc.o)
                0x00084f4c                PWMC_SetPeriod
 *fill*         0x00084f66        0x2 
 .text.PWMC_SetDutyCycle
                0x00084f68       0x44 C:/ProgramData/MATLAB/SupportPackages/R2022a/aIDE/portable/packages/arduino/hardware/sam/1.6.12/variants/arduino_due_x/libsam_sam3x8e_gcc_rel.a(pwmc.o)
                0x00084f68                PWMC_SetDutyCycle
 .text.PWMC_EnableChannel
                0x00084fac        0xa C:/ProgramData/MATLAB/SupportPackages/R2022a/aIDE/portable/packages/arduino/hardware/sam/1.6.12/variants/arduino_due_x/libsam_sam3x8e_gcc_rel.a(pwmc.o)
                0x00084fac                PWMC_EnableChannel
 *fill*         0x00084fb6        0x2 
 .text.TC_Configure
                0x00084fb8       0x38 C:/ProgramData/MATLAB/SupportPackages/R2022a/aIDE/portable/packages/arduino/hardware/sam/1.6.12/variants/arduino_due_x/libsam_sam3x8e_gcc_rel.a(tc.o)
                0x00084fb8                TC_Configure
 .text.TC_Start
                0x00084ff0       0x2c C:/ProgramData/MATLAB/SupportPackages/R2022a/aIDE/portable/packages/arduino/hardware/sam/1.6.12/variants/arduino_due_x/libsam_sam3x8e_gcc_rel.a(tc.o)
                0x00084ff0                TC_Start
 .text.TC_GetStatus
                0x0008501c        0x8 C:/ProgramData/MATLAB/SupportPackages/R2022a/aIDE/portable/packages/arduino/hardware/sam/1.6.12/variants/arduino_due_x/libsam_sam3x8e_gcc_rel.a(tc.o)
                0x0008501c                TC_GetStatus
 .text.TC_SetRA
                0x00085024        0x8 C:/ProgramData/MATLAB/SupportPackages/R2022a/aIDE/portable/packages/arduino/hardware/sam/1.6.12/variants/arduino_due_x/libsam_sam3x8e_gcc_rel.a(tc.o)
                0x00085024                TC_SetRA
 .text.TC_SetRB
                0x0008502c        0x8 C:/ProgramData/MATLAB/SupportPackages/R2022a/aIDE/portable/packages/arduino/hardware/sam/1.6.12/variants/arduino_due_x/libsam_sam3x8e_gcc_rel.a(tc.o)
                0x0008502c                TC_SetRB
 .text.TC_SetRC
                0x00085034        0x8 C:/ProgramData/MATLAB/SupportPackages/R2022a/aIDE/portable/packages/arduino/hardware/sam/1.6.12/variants/arduino_due_x/libsam_sam3x8e_gcc_rel.a(tc.o)
                0x00085034                TC_SetRC
 .text.TimeTick_Increment
                0x0008503c       0x10 C:/ProgramData/MATLAB/SupportPackages/R2022a/aIDE/portable/packages/arduino/hardware/sam/1.6.12/variants/arduino_due_x/libsam_sam3x8e_gcc_rel.a(timetick.o)
                0x0008503c                TimeTick_Increment
 .text.GetTickCount
                0x0008504c        0xc C:/ProgramData/MATLAB/SupportPackages/R2022a/aIDE/portable/packages/arduino/hardware/sam/1.6.12/variants/arduino_due_x/libsam_sam3x8e_gcc_rel.a(timetick.o)
                0x0008504c                GetTickCount
 .text.WDT_Disable
                0x00085058        0x8 C:/ProgramData/MATLAB/SupportPackages/R2022a/aIDE/portable/packages/arduino/hardware/sam/1.6.12/variants/arduino_due_x/libsam_sam3x8e_gcc_rel.a(wdt.o)
                0x00085058                WDT_Disable
 .text.SystemInit
                0x00085060       0x88 C:/ProgramData/MATLAB/SupportPackages/R2022a/aIDE/portable/packages/arduino/hardware/sam/1.6.12/variants/arduino_due_x/libsam_sam3x8e_gcc_rel.a(system_sam3xa.o)
                0x00085060                SystemInit
 .text.adc_init
                0x000850e8       0x98 C:/ProgramData/MATLAB/SupportPackages/R2022a/aIDE/portable/packages/arduino/hardware/sam/1.6.12/variants/arduino_due_x/libsam_sam3x8e_gcc_rel.a(adc.o)
                0x000850e8                adc_init
 .text.adc_configure_trigger
                0x00085180        0xe C:/ProgramData/MATLAB/SupportPackages/R2022a/aIDE/portable/packages/arduino/hardware/sam/1.6.12/variants/arduino_due_x/libsam_sam3x8e_gcc_rel.a(adc.o)
                0x00085180                adc_configure_trigger
 .text.adc_configure_timing
                0x0008518e       0x1a C:/ProgramData/MATLAB/SupportPackages/R2022a/aIDE/portable/packages/arduino/hardware/sam/1.6.12/variants/arduino_due_x/libsam_sam3x8e_gcc_rel.a(adc.o)
                0x0008518e                adc_configure_timing
 .text.adc_disable_channel
                0x000851a8        0xa C:/ProgramData/MATLAB/SupportPackages/R2022a/aIDE/portable/packages/arduino/hardware/sam/1.6.12/variants/arduino_due_x/libsam_sam3x8e_gcc_rel.a(adc.o)
                0x000851a8                adc_disable_channel
 .text.adc_disable_all_channel
                0x000851b2        0x8 C:/ProgramData/MATLAB/SupportPackages/R2022a/aIDE/portable/packages/arduino/hardware/sam/1.6.12/variants/arduino_due_x/libsam_sam3x8e_gcc_rel.a(adc.o)
                0x000851b2                adc_disable_all_channel
 .text.adc_disable_interrupt
                0x000851ba        0x4 C:/ProgramData/MATLAB/SupportPackages/R2022a/aIDE/portable/packages/arduino/hardware/sam/1.6.12/variants/arduino_due_x/libsam_sam3x8e_gcc_rel.a(adc.o)
                0x000851ba                adc_disable_interrupt
 .text.dacc_reset
                0x000851be        0x6 C:/ProgramData/MATLAB/SupportPackages/R2022a/aIDE/portable/packages/arduino/hardware/sam/1.6.12/variants/arduino_due_x/libsam_sam3x8e_gcc_rel.a(dacc.o)
                0x000851be                dacc_reset
 .text.dacc_set_transfer_mode
                0x000851c4       0x14 C:/ProgramData/MATLAB/SupportPackages/R2022a/aIDE/portable/packages/arduino/hardware/sam/1.6.12/variants/arduino_due_x/libsam_sam3x8e_gcc_rel.a(dacc.o)
                0x000851c4                dacc_set_transfer_mode
 .text.dacc_get_interrupt_status
                0x000851d8        0x4 C:/ProgramData/MATLAB/SupportPackages/R2022a/aIDE/portable/packages/arduino/hardware/sam/1.6.12/variants/arduino_due_x/libsam_sam3x8e_gcc_rel.a(dacc.o)
                0x000851d8                dacc_get_interrupt_status
 .text.dacc_write_conversion_data
                0x000851dc        0x4 C:/ProgramData/MATLAB/SupportPackages/R2022a/aIDE/portable/packages/arduino/hardware/sam/1.6.12/variants/arduino_due_x/libsam_sam3x8e_gcc_rel.a(dacc.o)
                0x000851dc                dacc_write_conversion_data
 .text.dacc_set_channel_selection
                0x000851e0       0x18 C:/ProgramData/MATLAB/SupportPackages/R2022a/aIDE/portable/packages/arduino/hardware/sam/1.6.12/variants/arduino_due_x/libsam_sam3x8e_gcc_rel.a(dacc.o)
                0x000851e0                dacc_set_channel_selection
 .text.dacc_set_power_save
                0x000851f8       0x24 C:/ProgramData/MATLAB/SupportPackages/R2022a/aIDE/portable/packages/arduino/hardware/sam/1.6.12/variants/arduino_due_x/libsam_sam3x8e_gcc_rel.a(dacc.o)
                0x000851f8                dacc_set_power_save
 .text.dacc_set_timing
                0x0008521c       0x2c C:/ProgramData/MATLAB/SupportPackages/R2022a/aIDE/portable/packages/arduino/hardware/sam/1.6.12/variants/arduino_due_x/libsam_sam3x8e_gcc_rel.a(dacc.o)
                0x0008521c                dacc_set_timing
 .text.dacc_enable_channel
                0x00085248       0x12 C:/ProgramData/MATLAB/SupportPackages/R2022a/aIDE/portable/packages/arduino/hardware/sam/1.6.12/variants/arduino_due_x/libsam_sam3x8e_gcc_rel.a(dacc.o)
                0x00085248                dacc_enable_channel
 .text.dacc_get_channel_status
                0x0008525a        0x4 C:/ProgramData/MATLAB/SupportPackages/R2022a/aIDE/portable/packages/arduino/hardware/sam/1.6.12/variants/arduino_due_x/libsam_sam3x8e_gcc_rel.a(dacc.o)
                0x0008525a                dacc_get_channel_status
 .text.dacc_set_analog_control
                0x0008525e        0x8 C:/ProgramData/MATLAB/SupportPackages/R2022a/aIDE/portable/packages/arduino/hardware/sam/1.6.12/variants/arduino_due_x/libsam_sam3x8e_gcc_rel.a(dacc.o)
                0x0008525e                dacc_set_analog_control
 *fill*         0x00085266        0x2 
 .text.ceil     0x00085268      0x120 c:/programdata/matlab/supportpackages/r2022a/aide/portable/packages/arduino/tools/arm-none-eabi-gcc/4.8.3-2014q1/bin/../lib/gcc/arm-none-eabi/4.8.3/../../../../arm-none-eabi/lib/armv7-m\libm.a(lib_a-s_ceil.o)
                0x00085268                ceil
 .text.floor    0x00085388      0x120 c:/programdata/matlab/supportpackages/r2022a/aide/portable/packages/arduino/tools/arm-none-eabi-gcc/4.8.3-2014q1/bin/../lib/gcc/arm-none-eabi/4.8.3/../../../../arm-none-eabi/lib/armv7-m\libm.a(lib_a-s_floor.o)
                0x00085388                floor
 .text.__fpclassifyd
                0x000854a8       0x50 c:/programdata/matlab/supportpackages/r2022a/aide/portable/packages/arduino/tools/arm-none-eabi-gcc/4.8.3-2014q1/bin/../lib/gcc/arm-none-eabi/4.8.3/../../../../arm-none-eabi/lib/armv7-m\libm.a(lib_a-s_fpclassify.o)
                0x000854a8                __fpclassifyd
 .text.fmod     0x000854f8       0xb4 c:/programdata/matlab/supportpackages/r2022a/aide/portable/packages/arduino/tools/arm-none-eabi-gcc/4.8.3-2014q1/bin/../lib/gcc/arm-none-eabi/4.8.3/../../../../arm-none-eabi/lib/armv7-m\libm.a(lib_a-w_fmod.o)
                0x000854f8                fmod
 .text.__ieee754_fmod
                0x000855ac      0x278 c:/programdata/matlab/supportpackages/r2022a/aide/portable/packages/arduino/tools/arm-none-eabi-gcc/4.8.3-2014q1/bin/../lib/gcc/arm-none-eabi/4.8.3/../../../../arm-none-eabi/lib/armv7-m\libm.a(lib_a-e_fmod.o)
                0x000855ac                __ieee754_fmod
 .text.matherr  0x00085824        0x4 c:/programdata/matlab/supportpackages/r2022a/aide/portable/packages/arduino/tools/arm-none-eabi-gcc/4.8.3-2014q1/bin/../lib/gcc/arm-none-eabi/4.8.3/../../../../arm-none-eabi/lib/armv7-m\libm.a(lib_a-s_matherr.o)
                0x00085824                matherr
 .text          0x00085828      0x370 c:/programdata/matlab/supportpackages/r2022a/aide/portable/packages/arduino/tools/arm-none-eabi-gcc/4.8.3-2014q1/bin/../lib/gcc/arm-none-eabi/4.8.3/armv7-m\libgcc.a(_arm_addsubdf3.o)
                0x00085828                __aeabi_drsub
                0x00085830                __aeabi_dsub
                0x00085830                __subdf3
                0x00085834                __aeabi_dadd
                0x00085834                __adddf3
                0x00085aac                __floatunsidf
                0x00085aac                __aeabi_ui2d
                0x00085acc                __floatsidf
                0x00085acc                __aeabi_i2d
                0x00085af0                __aeabi_f2d
                0x00085af0                __extendsfdf2
                0x00085b2c                __floatundidf
                0x00085b2c                __aeabi_ul2d
                0x00085b3c                __floatdidf
                0x00085b3c                __aeabi_l2d
 .text          0x00085b98      0x424 c:/programdata/matlab/supportpackages/r2022a/aide/portable/packages/arduino/tools/arm-none-eabi-gcc/4.8.3-2014q1/bin/../lib/gcc/arm-none-eabi/4.8.3/armv7-m\libgcc.a(_arm_muldivdf3.o)
                0x00085b98                __aeabi_dmul
                0x00085b98                __muldf3
                0x00085dec                __divdf3
                0x00085dec                __aeabi_ddiv
 .text          0x00085fbc      0x110 c:/programdata/matlab/supportpackages/r2022a/aide/portable/packages/arduino/tools/arm-none-eabi-gcc/4.8.3-2014q1/bin/../lib/gcc/arm-none-eabi/4.8.3/armv7-m\libgcc.a(_arm_cmpdf2.o)
                0x00085fbc                __gtdf2
                0x00085fbc                __gedf2
                0x00085fc4                __ltdf2
                0x00085fc4                __ledf2
                0x00085fcc                __nedf2
                0x00085fcc                __eqdf2
                0x00085fcc                __cmpdf2
                0x00086048                __aeabi_cdrcmple
                0x00086058                __aeabi_cdcmpeq
                0x00086058                __aeabi_cdcmple
                0x00086068                __aeabi_dcmpeq
                0x0008607c                __aeabi_dcmplt
                0x00086090                __aeabi_dcmple
                0x000860a4                __aeabi_dcmpge
                0x000860b8                __aeabi_dcmpgt
 .text          0x000860cc       0x40 c:/programdata/matlab/supportpackages/r2022a/aide/portable/packages/arduino/tools/arm-none-eabi-gcc/4.8.3-2014q1/bin/../lib/gcc/arm-none-eabi/4.8.3/armv7-m\libgcc.a(_arm_fixunsdfsi.o)
                0x000860cc                __aeabi_d2uiz
                0x000860cc                __fixunsdfsi
 .text.__assert_func
                0x0008610c       0x3c c:/programdata/matlab/supportpackages/r2022a/aide/portable/packages/arduino/tools/arm-none-eabi-gcc/4.8.3-2014q1/bin/../lib/gcc/arm-none-eabi/4.8.3/../../../../arm-none-eabi/lib/armv7-m\libg.a(lib_a-assert.o)
                0x0008610c                __assert_func
 .text.__errno  0x00086148        0xc c:/programdata/matlab/supportpackages/r2022a/aide/portable/packages/arduino/tools/arm-none-eabi-gcc/4.8.3-2014q1/bin/../lib/gcc/arm-none-eabi/4.8.3/../../../../arm-none-eabi/lib/armv7-m\libg.a(lib_a-errno.o)
                0x00086148                __errno
 .text.fiprintf
                0x00086154       0x28 c:/programdata/matlab/supportpackages/r2022a/aide/portable/packages/arduino/tools/arm-none-eabi-gcc/4.8.3-2014q1/bin/../lib/gcc/arm-none-eabi/4.8.3/../../../../arm-none-eabi/lib/armv7-m\libg.a(lib_a-fiprintf.o)
                0x00086154                fiprintf
 .text.__libc_init_array
                0x0008617c       0x50 c:/programdata/matlab/supportpackages/r2022a/aide/portable/packages/arduino/tools/arm-none-eabi-gcc/4.8.3-2014q1/bin/../lib/gcc/arm-none-eabi/4.8.3/../../../../arm-none-eabi/lib/armv7-m\libg.a(lib_a-init.o)
                0x0008617c                __libc_init_array
 .text          0x000861cc       0xec c:/programdata/matlab/supportpackages/r2022a/aide/portable/packages/arduino/tools/arm-none-eabi-gcc/4.8.3-2014q1/bin/../lib/gcc/arm-none-eabi/4.8.3/../../../../arm-none-eabi/lib/armv7-m\libg.a(lib_a-memcpy.o)
                0x000861cc                memcpy
 .text.memset   0x000862b8       0x94 c:/programdata/matlab/supportpackages/r2022a/aide/portable/packages/arduino/tools/arm-none-eabi-gcc/4.8.3-2014q1/bin/../lib/gcc/arm-none-eabi/4.8.3/../../../../arm-none-eabi/lib/armv7-m\libg.a(lib_a-memset.o)
                0x000862b8                memset
 .text.strlen   0x0008634c       0x60 c:/programdata/matlab/supportpackages/r2022a/aide/portable/packages/arduino/tools/arm-none-eabi-gcc/4.8.3-2014q1/bin/../lib/gcc/arm-none-eabi/4.8.3/../../../../arm-none-eabi/lib/armv7-m\libg.a(lib_a-strlen.o)
                0x0008634c                strlen
 .text.kill     0x000863ac       0x10 c:/programdata/matlab/supportpackages/r2022a/aide/portable/packages/arduino/tools/arm-none-eabi-gcc/4.8.3-2014q1/bin/../lib/gcc/arm-none-eabi/4.8.3/../../../../arm-none-eabi/lib/armv7-m\libg.a(lib_a-syskill.o)
                0x000863ac                kill
 .text.__sprint_r.part.0
                0x000863bc       0x78 c:/programdata/matlab/supportpackages/r2022a/aide/portable/packages/arduino/tools/arm-none-eabi-gcc/4.8.3-2014q1/bin/../lib/gcc/arm-none-eabi/4.8.3/../../../../arm-none-eabi/lib/armv7-m\libg.a(lib_a-vfiprintf.o)
 .text._vfiprintf_r
                0x00086434      0xc54 c:/programdata/matlab/supportpackages/r2022a/aide/portable/packages/arduino/tools/arm-none-eabi-gcc/4.8.3-2014q1/bin/../lib/gcc/arm-none-eabi/4.8.3/../../../../arm-none-eabi/lib/armv7-m\libg.a(lib_a-vfiprintf.o)
                0x00086434                _vfiprintf_r
 .text.__sbprintf
                0x00087088       0x7c c:/programdata/matlab/supportpackages/r2022a/aide/portable/packages/arduino/tools/arm-none-eabi-gcc/4.8.3-2014q1/bin/../lib/gcc/arm-none-eabi/4.8.3/../../../../arm-none-eabi/lib/armv7-m\libg.a(lib_a-vfiprintf.o)
 .text.__swsetup_r
                0x00087104       0xc4 c:/programdata/matlab/supportpackages/r2022a/aide/portable/packages/arduino/tools/arm-none-eabi-gcc/4.8.3-2014q1/bin/../lib/gcc/arm-none-eabi/4.8.3/../../../../arm-none-eabi/lib/armv7-m\libg.a(lib_a-wsetup.o)
                0x00087104                __swsetup_r
 .text.startup.register_fini
                0x000871c8       0x14 c:/programdata/matlab/supportpackages/r2022a/aide/portable/packages/arduino/tools/arm-none-eabi-gcc/4.8.3-2014q1/bin/../lib/gcc/arm-none-eabi/4.8.3/../../../../arm-none-eabi/lib/armv7-m\libg.a(lib_a-__call_atexit.o)
 .text.abort    0x000871dc       0x10 c:/programdata/matlab/supportpackages/r2022a/aide/portable/packages/arduino/tools/arm-none-eabi-gcc/4.8.3-2014q1/bin/../lib/gcc/arm-none-eabi/4.8.3/../../../../arm-none-eabi/lib/armv7-m\libg.a(lib_a-abort.o)
                0x000871dc                abort
 .text.atexit   0x000871ec        0xc c:/programdata/matlab/supportpackages/r2022a/aide/portable/packages/arduino/tools/arm-none-eabi-gcc/4.8.3-2014q1/bin/../lib/gcc/arm-none-eabi/4.8.3/../../../../arm-none-eabi/lib/armv7-m\libg.a(lib_a-atexit.o)
                0x000871ec                atexit
 .text.__sflush_r
                0x000871f8      0x148 c:/programdata/matlab/supportpackages/r2022a/aide/portable/packages/arduino/tools/arm-none-eabi-gcc/4.8.3-2014q1/bin/../lib/gcc/arm-none-eabi/4.8.3/../../../../arm-none-eabi/lib/armv7-m\libg.a(lib_a-fflush.o)
                0x000871f8                __sflush_r
 .text._fflush_r
                0x00087340       0x2c c:/programdata/matlab/supportpackages/r2022a/aide/portable/packages/arduino/tools/arm-none-eabi-gcc/4.8.3-2014q1/bin/../lib/gcc/arm-none-eabi/4.8.3/../../../../arm-none-eabi/lib/armv7-m\libg.a(lib_a-fflush.o)
                0x00087340                _fflush_r
 .text._cleanup_r
                0x0008736c        0xc c:/programdata/matlab/supportpackages/r2022a/aide/portable/packages/arduino/tools/arm-none-eabi-gcc/4.8.3-2014q1/bin/../lib/gcc/arm-none-eabi/4.8.3/../../../../arm-none-eabi/lib/armv7-m\libg.a(lib_a-findfp.o)
                0x0008736c                _cleanup_r
 .text.__sinit  0x00087378       0xf4 c:/programdata/matlab/supportpackages/r2022a/aide/portable/packages/arduino/tools/arm-none-eabi-gcc/4.8.3-2014q1/bin/../lib/gcc/arm-none-eabi/4.8.3/../../../../arm-none-eabi/lib/armv7-m\libg.a(lib_a-findfp.o)
                0x00087378                __sinit
 .text.__sfp_lock_acquire
                0x0008746c        0x4 c:/programdata/matlab/supportpackages/r2022a/aide/portable/packages/arduino/tools/arm-none-eabi-gcc/4.8.3-2014q1/bin/../lib/gcc/arm-none-eabi/4.8.3/../../../../arm-none-eabi/lib/armv7-m\libg.a(lib_a-findfp.o)
                0x0008746c                __sfp_lock_acquire
 .text.__sfp_lock_release
                0x00087470        0x4 c:/programdata/matlab/supportpackages/r2022a/aide/portable/packages/arduino/tools/arm-none-eabi-gcc/4.8.3-2014q1/bin/../lib/gcc/arm-none-eabi/4.8.3/../../../../arm-none-eabi/lib/armv7-m\libg.a(lib_a-findfp.o)
                0x00087470                __sfp_lock_release
 .text.__libc_fini_array
                0x00087474       0x30 c:/programdata/matlab/supportpackages/r2022a/aide/portable/packages/arduino/tools/arm-none-eabi-gcc/4.8.3-2014q1/bin/../lib/gcc/arm-none-eabi/4.8.3/../../../../arm-none-eabi/lib/armv7-m\libg.a(lib_a-fini.o)
                0x00087474                __libc_fini_array
 .text._fputwc_r
                0x000874a4       0xc0 c:/programdata/matlab/supportpackages/r2022a/aide/portable/packages/arduino/tools/arm-none-eabi-gcc/4.8.3-2014q1/bin/../lib/gcc/arm-none-eabi/4.8.3/../../../../arm-none-eabi/lib/armv7-m\libg.a(lib_a-fputwc.o)
                0x000874a4                _fputwc_r
 .text._malloc_trim_r
                0x00087564       0x9c c:/programdata/matlab/supportpackages/r2022a/aide/portable/packages/arduino/tools/arm-none-eabi-gcc/4.8.3-2014q1/bin/../lib/gcc/arm-none-eabi/4.8.3/../../../../arm-none-eabi/lib/armv7-m\libg.a(lib_a-freer.o)
                0x00087564                _malloc_trim_r
 .text._free_r  0x00087600      0x198 c:/programdata/matlab/supportpackages/r2022a/aide/portable/packages/arduino/tools/arm-none-eabi-gcc/4.8.3-2014q1/bin/../lib/gcc/arm-none-eabi/4.8.3/../../../../arm-none-eabi/lib/armv7-m\libg.a(lib_a-freer.o)
                0x00087600                _free_r
 .text.__sfvwrite_r
                0x00087798      0x314 c:/programdata/matlab/supportpackages/r2022a/aide/portable/packages/arduino/tools/arm-none-eabi-gcc/4.8.3-2014q1/bin/../lib/gcc/arm-none-eabi/4.8.3/../../../../arm-none-eabi/lib/armv7-m\libg.a(lib_a-fvwrite.o)
                0x00087798                __sfvwrite_r
 .text._fwalk   0x00087aac       0x48 c:/programdata/matlab/supportpackages/r2022a/aide/portable/packages/arduino/tools/arm-none-eabi-gcc/4.8.3-2014q1/bin/../lib/gcc/arm-none-eabi/4.8.3/../../../../arm-none-eabi/lib/armv7-m\libg.a(lib_a-fwalk.o)
                0x00087aac                _fwalk
 .text.__locale_charset
                0x00087af4        0x8 c:/programdata/matlab/supportpackages/r2022a/aide/portable/packages/arduino/tools/arm-none-eabi-gcc/4.8.3-2014q1/bin/../lib/gcc/arm-none-eabi/4.8.3/../../../../arm-none-eabi/lib/armv7-m\libg.a(lib_a-locale.o)
                0x00087af4                __locale_charset
 .text.__locale_mb_cur_max
                0x00087afc        0xc c:/programdata/matlab/supportpackages/r2022a/aide/portable/packages/arduino/tools/arm-none-eabi-gcc/4.8.3-2014q1/bin/../lib/gcc/arm-none-eabi/4.8.3/../../../../arm-none-eabi/lib/armv7-m\libg.a(lib_a-locale.o)
                0x00087afc                __locale_mb_cur_max
 .text.__smakebuf_r
                0x00087b08       0xe0 c:/programdata/matlab/supportpackages/r2022a/aide/portable/packages/arduino/tools/arm-none-eabi-gcc/4.8.3-2014q1/bin/../lib/gcc/arm-none-eabi/4.8.3/../../../../arm-none-eabi/lib/armv7-m\libg.a(lib_a-makebuf.o)
                0x00087b08                __smakebuf_r
 .text._malloc_r
                0x00087be8      0x538 c:/programdata/matlab/supportpackages/r2022a/aide/portable/packages/arduino/tools/arm-none-eabi-gcc/4.8.3-2014q1/bin/../lib/gcc/arm-none-eabi/4.8.3/../../../../arm-none-eabi/lib/armv7-m\libg.a(lib_a-mallocr.o)
                0x00087be8                _malloc_r
 .text.memchr   0x00088120       0x94 c:/programdata/matlab/supportpackages/r2022a/aide/portable/packages/arduino/tools/arm-none-eabi-gcc/4.8.3-2014q1/bin/../lib/gcc/arm-none-eabi/4.8.3/../../../../arm-none-eabi/lib/armv7-m\libg.a(lib_a-memchr-stub.o)
                0x00088120                memchr
 .text.memmove  0x000881b4       0xcc c:/programdata/matlab/supportpackages/r2022a/aide/portable/packages/arduino/tools/arm-none-eabi-gcc/4.8.3-2014q1/bin/../lib/gcc/arm-none-eabi/4.8.3/../../../../arm-none-eabi/lib/armv7-m\libg.a(lib_a-memmove.o)
                0x000881b4                memmove
 .text.__malloc_lock
                0x00088280        0x4 c:/programdata/matlab/supportpackages/r2022a/aide/portable/packages/arduino/tools/arm-none-eabi-gcc/4.8.3-2014q1/bin/../lib/gcc/arm-none-eabi/4.8.3/../../../../arm-none-eabi/lib/armv7-m\libg.a(lib_a-mlock.o)
                0x00088280                __malloc_lock
 .text.__malloc_unlock
                0x00088284        0x4 c:/programdata/matlab/supportpackages/r2022a/aide/portable/packages/arduino/tools/arm-none-eabi-gcc/4.8.3-2014q1/bin/../lib/gcc/arm-none-eabi/4.8.3/../../../../arm-none-eabi/lib/armv7-m\libg.a(lib_a-mlock.o)
                0x00088284                __malloc_unlock
 .text._realloc_r
                0x00088288      0x3c0 c:/programdata/matlab/supportpackages/r2022a/aide/portable/packages/arduino/tools/arm-none-eabi-gcc/4.8.3-2014q1/bin/../lib/gcc/arm-none-eabi/4.8.3/../../../../arm-none-eabi/lib/armv7-m\libg.a(lib_a-reallocr.o)
                0x00088288                _realloc_r
 .text._sbrk_r  0x00088648       0x24 c:/programdata/matlab/supportpackages/r2022a/aide/portable/packages/arduino/tools/arm-none-eabi-gcc/4.8.3-2014q1/bin/../lib/gcc/arm-none-eabi/4.8.3/../../../../arm-none-eabi/lib/armv7-m\libg.a(lib_a-sbrkr.o)
                0x00088648                _sbrk_r
 .text._raise_r
                0x0008866c       0x58 c:/programdata/matlab/supportpackages/r2022a/aide/portable/packages/arduino/tools/arm-none-eabi-gcc/4.8.3-2014q1/bin/../lib/gcc/arm-none-eabi/4.8.3/../../../../arm-none-eabi/lib/armv7-m\libg.a(lib_a-signal.o)
                0x0008866c                _raise_r
 .text.raise    0x000886c4       0x10 c:/programdata/matlab/supportpackages/r2022a/aide/portable/packages/arduino/tools/arm-none-eabi-gcc/4.8.3-2014q1/bin/../lib/gcc/arm-none-eabi/4.8.3/../../../../arm-none-eabi/lib/armv7-m\libg.a(lib_a-signal.o)
                0x000886c4                raise
 .text._kill_r  0x000886d4       0x28 c:/programdata/matlab/supportpackages/r2022a/aide/portable/packages/arduino/tools/arm-none-eabi-gcc/4.8.3-2014q1/bin/../lib/gcc/arm-none-eabi/4.8.3/../../../../arm-none-eabi/lib/armv7-m\libg.a(lib_a-signalr.o)
                0x000886d4                _kill_r
 .text._getpid_r
                0x000886fc        0x4 c:/programdata/matlab/supportpackages/r2022a/aide/portable/packages/arduino/tools/arm-none-eabi-gcc/4.8.3-2014q1/bin/../lib/gcc/arm-none-eabi/4.8.3/../../../../arm-none-eabi/lib/armv7-m\libg.a(lib_a-signalr.o)
                0x000886fc                _getpid_r
 .text.__sread  0x00088700       0x24 c:/programdata/matlab/supportpackages/r2022a/aide/portable/packages/arduino/tools/arm-none-eabi-gcc/4.8.3-2014q1/bin/../lib/gcc/arm-none-eabi/4.8.3/../../../../arm-none-eabi/lib/armv7-m\libg.a(lib_a-stdio.o)
                0x00088700                __sread
 .text.__swrite
                0x00088724       0x38 c:/programdata/matlab/supportpackages/r2022a/aide/portable/packages/arduino/tools/arm-none-eabi-gcc/4.8.3-2014q1/bin/../lib/gcc/arm-none-eabi/4.8.3/../../../../arm-none-eabi/lib/armv7-m\libg.a(lib_a-stdio.o)
                0x00088724                __swrite
 .text.__sseek  0x0008875c       0x20 c:/programdata/matlab/supportpackages/r2022a/aide/portable/packages/arduino/tools/arm-none-eabi-gcc/4.8.3-2014q1/bin/../lib/gcc/arm-none-eabi/4.8.3/../../../../arm-none-eabi/lib/armv7-m\libg.a(lib_a-stdio.o)
                0x0008875c                __sseek
 .text.__sclose
                0x0008877c        0x8 c:/programdata/matlab/supportpackages/r2022a/aide/portable/packages/arduino/tools/arm-none-eabi-gcc/4.8.3-2014q1/bin/../lib/gcc/arm-none-eabi/4.8.3/../../../../arm-none-eabi/lib/armv7-m\libg.a(lib_a-stdio.o)
                0x0008877c                __sclose
 .text.__swbuf_r
                0x00088784       0xa8 c:/programdata/matlab/supportpackages/r2022a/aide/portable/packages/arduino/tools/arm-none-eabi-gcc/4.8.3-2014q1/bin/../lib/gcc/arm-none-eabi/4.8.3/../../../../arm-none-eabi/lib/armv7-m\libg.a(lib_a-wbuf.o)
                0x00088784                __swbuf_r
 .text._wcrtomb_r
                0x0008882c       0x50 c:/programdata/matlab/supportpackages/r2022a/aide/portable/packages/arduino/tools/arm-none-eabi-gcc/4.8.3-2014q1/bin/../lib/gcc/arm-none-eabi/4.8.3/../../../../arm-none-eabi/lib/armv7-m\libg.a(lib_a-wcrtomb.o)
                0x0008882c                _wcrtomb_r
 .text.__ascii_wctomb
                0x0008887c       0x1c c:/programdata/matlab/supportpackages/r2022a/aide/portable/packages/arduino/tools/arm-none-eabi-gcc/4.8.3-2014q1/bin/../lib/gcc/arm-none-eabi/4.8.3/../../../../arm-none-eabi/lib/armv7-m\libg.a(lib_a-wctomb_r.o)
                0x0008887c                __ascii_wctomb
 .text._write_r
                0x00088898       0x28 c:/programdata/matlab/supportpackages/r2022a/aide/portable/packages/arduino/tools/arm-none-eabi-gcc/4.8.3-2014q1/bin/../lib/gcc/arm-none-eabi/4.8.3/../../../../arm-none-eabi/lib/armv7-m\libg.a(lib_a-writer.o)
                0x00088898                _write_r
 .text.__register_exitproc
                0x000888c0       0xa8 c:/programdata/matlab/supportpackages/r2022a/aide/portable/packages/arduino/tools/arm-none-eabi-gcc/4.8.3-2014q1/bin/../lib/gcc/arm-none-eabi/4.8.3/../../../../arm-none-eabi/lib/armv7-m\libg.a(lib_a-__atexit.o)
                0x000888c0                __register_exitproc
 .text._close_r
                0x00088968       0x24 c:/programdata/matlab/supportpackages/r2022a/aide/portable/packages/arduino/tools/arm-none-eabi-gcc/4.8.3-2014q1/bin/../lib/gcc/arm-none-eabi/4.8.3/../../../../arm-none-eabi/lib/armv7-m\libg.a(lib_a-closer.o)
                0x00088968                _close_r
 .text._fclose_r
                0x0008898c       0x80 c:/programdata/matlab/supportpackages/r2022a/aide/portable/packages/arduino/tools/arm-none-eabi-gcc/4.8.3-2014q1/bin/../lib/gcc/arm-none-eabi/4.8.3/../../../../arm-none-eabi/lib/armv7-m\libg.a(lib_a-fclose.o)
                0x0008898c                _fclose_r
 .text.fclose   0x00088a0c       0x10 c:/programdata/matlab/supportpackages/r2022a/aide/portable/packages/arduino/tools/arm-none-eabi-gcc/4.8.3-2014q1/bin/../lib/gcc/arm-none-eabi/4.8.3/../../../../arm-none-eabi/lib/armv7-m\libg.a(lib_a-fclose.o)
                0x00088a0c                fclose
 .text._fstat_r
                0x00088a1c       0x28 c:/programdata/matlab/supportpackages/r2022a/aide/portable/packages/arduino/tools/arm-none-eabi-gcc/4.8.3-2014q1/bin/../lib/gcc/arm-none-eabi/4.8.3/../../../../arm-none-eabi/lib/armv7-m\libg.a(lib_a-fstatr.o)
                0x00088a1c                _fstat_r
 .text._isatty_r
                0x00088a44       0x24 c:/programdata/matlab/supportpackages/r2022a/aide/portable/packages/arduino/tools/arm-none-eabi-gcc/4.8.3-2014q1/bin/../lib/gcc/arm-none-eabi/4.8.3/../../../../arm-none-eabi/lib/armv7-m\libg.a(lib_a-isattyr.o)
                0x00088a44                _isatty_r
 .text._lseek_r
                0x00088a68       0x28 c:/programdata/matlab/supportpackages/r2022a/aide/portable/packages/arduino/tools/arm-none-eabi-gcc/4.8.3-2014q1/bin/../lib/gcc/arm-none-eabi/4.8.3/../../../../arm-none-eabi/lib/armv7-m\libg.a(lib_a-lseekr.o)
                0x00088a68                _lseek_r
 .text._read_r  0x00088a90       0x28 c:/programdata/matlab/supportpackages/r2022a/aide/portable/packages/arduino/tools/arm-none-eabi-gcc/4.8.3-2014q1/bin/../lib/gcc/arm-none-eabi/4.8.3/../../../../arm-none-eabi/lib/armv7-m\libg.a(lib_a-readr.o)
                0x00088a90                _read_r
 .text          0x00088ab8       0x2c c:/programdata/matlab/supportpackages/r2022a/aide/portable/packages/arduino/tools/arm-none-eabi-gcc/4.8.3-2014q1/bin/../lib/gcc/arm-none-eabi/4.8.3/armv7-m\libgcc.a(_aeabi_uldivmod.o)
                0x00088ab8                __aeabi_uldivmod
 .text          0x00088ae4       0x60 c:/programdata/matlab/supportpackages/r2022a/aide/portable/packages/arduino/tools/arm-none-eabi-gcc/4.8.3-2014q1/bin/../lib/gcc/arm-none-eabi/4.8.3/armv7-m\libgcc.a(bpabi.o)
                0x00088ae4                __gnu_ldivmod_helper
                0x00088b14                __gnu_uldivmod_helper
 .text          0x00088b44        0x4 c:/programdata/matlab/supportpackages/r2022a/aide/portable/packages/arduino/tools/arm-none-eabi-gcc/4.8.3-2014q1/bin/../lib/gcc/arm-none-eabi/4.8.3/armv7-m\libgcc.a(_dvmd_tls.o)
                0x00088b44                __aeabi_idiv0
                0x00088b44                __aeabi_ldiv0
 .text          0x00088b48      0x2a0 c:/programdata/matlab/supportpackages/r2022a/aide/portable/packages/arduino/tools/arm-none-eabi-gcc/4.8.3-2014q1/bin/../lib/gcc/arm-none-eabi/4.8.3/armv7-m\libgcc.a(_divdi3.o)
                0x00088b48                __divdi3
 .text          0x00088de8      0x290 c:/programdata/matlab/supportpackages/r2022a/aide/portable/packages/arduino/tools/arm-none-eabi-gcc/4.8.3-2014q1/bin/../lib/gcc/arm-none-eabi/4.8.3/armv7-m\libgcc.a(_udivdi3.o)
                0x00088de8                __udivdi3
 *(.glue_7t)
 .glue_7t       0x00000000        0x0 linker stubs
 *(.glue_7)
 .glue_7        0x00000000        0x0 linker stubs
 *(.rodata .rodata* .gnu.linkonce.r.*)
 .rodata.channelToTC.9455
                0x00089078       0x48 MW_PWMDriver.o
 .rodata.channelToChNo.9470
                0x000890c0       0x48 MW_PWMDriver.o
 .rodata.channelToId.9473
                0x00089108       0x48 MW_PWMDriver.o
 .rodata.channelToTC.9472
                0x00089150       0x48 MW_PWMDriver.o
 .rodata.channelToAB.9454
                0x00089198       0x48 MW_PWMDriver.o
 .rodata.channelToChNo.9453
                0x000891e0       0x48 MW_PWMDriver.o
 .rodata.rtAlwaysEnabled.9993
                0x00089228        0x1 PWM_sinewave_PI.o
 *fill*         0x00089229        0x3 
 .rodata.PWM_sinewave_PI_M
                0x0008922c        0x4 PWM_sinewave_PI.o
                0x0008922c                PWM_sinewave_PI_M
 .rodata.str1.1
                0x00089230        0x5 PWM_sinewave_PI.o
 *fill*         0x00089235        0x3 
 .rodata.standardSupportedRxPacket
                0x00089238       0x54 xcp_standard.o
 .rodata.daqSupportedRxPacket
                0x0008928c       0x90 xcp_daq.o
 .rodata.calibrationSupportedRxPacket
                0x0008931c       0x18 xcp_calibration.o
 .rodata.xcpMemMainBlocksNumber
                0x00089334        0xc xcp_mem_default.o
 .rodata.xcpMemMainBlockSizes
                0x00089340        0xc xcp_mem_default.o
 .rodata.channelToId.9433
                0x0008934c       0x48 C:/Users/user/DOCUME~1/MATLAB/R2022a/ARDUIN~1/ARDUIN~1/FASTER~1/libcore.a(wiring_analog.o)
 .rodata.channelToTC.9432
                0x00089394       0x48 C:/Users/user/DOCUME~1/MATLAB/R2022a/ARDUIN~1/ARDUIN~1/FASTER~1/libcore.a(wiring_analog.o)
 .rodata.channelToChNo.9430
                0x000893dc       0x48 C:/Users/user/DOCUME~1/MATLAB/R2022a/ARDUIN~1/ARDUIN~1/FASTER~1/libcore.a(wiring_analog.o)
 .rodata.channelToAB.9431
                0x00089424       0x48 C:/Users/user/DOCUME~1/MATLAB/R2022a/ARDUIN~1/ARDUIN~1/FASTER~1/libcore.a(wiring_analog.o)
 *fill*         0x0008946c        0x4 
 .rodata._ZTV9UARTClass
                0x00089470       0x30 C:/Users/user/DOCUME~1/MATLAB/R2022a/ARDUIN~1/ARDUIN~1/FASTER~1/libcore.a(UARTClass.o)
                0x00089470                vtable for UARTClass
 .rodata._ZTV10USARTClass
                0x000894a0       0x30 C:/Users/user/DOCUME~1/MATLAB/R2022a/ARDUIN~1/ARDUIN~1/FASTER~1/libcore.a(USARTClass.o)
                0x000894a0                vtable for USARTClass
 .rodata.g_APinDescription
                0x000894d0      0xa2c C:/Users/user/DOCUME~1/MATLAB/R2022a/ARDUIN~1/ARDUIN~1/FASTER~1/libcore.a(variant.o)
                0x000894d0                g_APinDescription
 .rodata        0x00089efc       0x2c C:/ProgramData/MATLAB/SupportPackages/R2022a/aIDE/portable/packages/arduino/hardware/sam/1.6.12/variants/arduino_due_x/libsam_sam3x8e_gcc_rel.a(pwmc.o)
 .rodata.__func__.6830
                0x00089f28       0x15 C:/ProgramData/MATLAB/SupportPackages/R2022a/aIDE/portable/packages/arduino/hardware/sam/1.6.12/variants/arduino_due_x/libsam_sam3x8e_gcc_rel.a(pwmc.o)
 .rodata.__func__.6841
                0x00089f3d       0x12 C:/ProgramData/MATLAB/SupportPackages/R2022a/aIDE/portable/packages/arduino/hardware/sam/1.6.12/variants/arduino_due_x/libsam_sam3x8e_gcc_rel.a(pwmc.o)
 .rodata.str1.1
                0x00089f4f      0x1cc C:/ProgramData/MATLAB/SupportPackages/R2022a/aIDE/portable/packages/arduino/hardware/sam/1.6.12/variants/arduino_due_x/libsam_sam3x8e_gcc_rel.a(pwmc.o)
 .rodata.__func__.6804
                0x0008a11b       0x16 C:/ProgramData/MATLAB/SupportPackages/R2022a/aIDE/portable/packages/arduino/hardware/sam/1.6.12/variants/arduino_due_x/libsam_sam3x8e_gcc_rel.a(pwmc.o)
 .rodata.__func__.6793
                0x0008a131       0x17 C:/ProgramData/MATLAB/SupportPackages/R2022a/aIDE/portable/packages/arduino/hardware/sam/1.6.12/variants/arduino_due_x/libsam_sam3x8e_gcc_rel.a(pwmc.o)
 .rodata.__func__.6792
                0x0008a148        0xd C:/ProgramData/MATLAB/SupportPackages/R2022a/aIDE/portable/packages/arduino/hardware/sam/1.6.12/variants/arduino_due_x/libsam_sam3x8e_gcc_rel.a(tc.o)
 .rodata.str1.1
                0x0008a155       0x54 C:/ProgramData/MATLAB/SupportPackages/R2022a/aIDE/portable/packages/arduino/hardware/sam/1.6.12/variants/arduino_due_x/libsam_sam3x8e_gcc_rel.a(tc.o)
 .rodata.__func__.6798
                0x0008a1a9        0x9 C:/ProgramData/MATLAB/SupportPackages/R2022a/aIDE/portable/packages/arduino/hardware/sam/1.6.12/variants/arduino_due_x/libsam_sam3x8e_gcc_rel.a(tc.o)
 *fill*         0x0008a1b2        0x2 
 .rodata        0x0008a1b4       0x40 C:/ProgramData/MATLAB/SupportPackages/R2022a/aIDE/portable/packages/arduino/hardware/sam/1.6.12/variants/arduino_due_x/libsam_sam3x8e_gcc_rel.a(adc.o)
 .rodata.str1.4
                0x0008a1f4        0x5 c:/programdata/matlab/supportpackages/r2022a/aide/portable/packages/arduino/tools/arm-none-eabi-gcc/4.8.3-2014q1/bin/../lib/gcc/arm-none-eabi/4.8.3/../../../../arm-none-eabi/lib/armv7-m\libm.a(lib_a-w_fmod.o)
                                  0x8 (size before relaxing)
 *fill*         0x0008a1f9        0x7 
 .rodata.Zero   0x0008a200       0x10 c:/programdata/matlab/supportpackages/r2022a/aide/portable/packages/arduino/tools/arm-none-eabi-gcc/4.8.3-2014q1/bin/../lib/gcc/arm-none-eabi/4.8.3/../../../../arm-none-eabi/lib/armv7-m\libm.a(lib_a-e_fmod.o)
 .rodata.str1.4
                0x0008a210       0x3f c:/programdata/matlab/supportpackages/r2022a/aide/portable/packages/arduino/tools/arm-none-eabi-gcc/4.8.3-2014q1/bin/../lib/gcc/arm-none-eabi/4.8.3/../../../../arm-none-eabi/lib/armv7-m\libg.a(lib_a-assert.o)
                                 0x44 (size before relaxing)
 *fill*         0x0008a24f        0x1 
 .rodata.str1.4
                0x0008a250        0x2 c:/programdata/matlab/supportpackages/r2022a/aide/portable/packages/arduino/tools/arm-none-eabi-gcc/4.8.3-2014q1/bin/../lib/gcc/arm-none-eabi/4.8.3/../../../../arm-none-eabi/lib/armv7-m\libg.a(lib_a-impure.o)
                                  0x4 (size before relaxing)
 *fill*         0x0008a252        0x2 
 .rodata._global_impure_ptr
                0x0008a254        0x4 c:/programdata/matlab/supportpackages/r2022a/aide/portable/packages/arduino/tools/arm-none-eabi-gcc/4.8.3-2014q1/bin/../lib/gcc/arm-none-eabi/4.8.3/../../../../arm-none-eabi/lib/armv7-m\libg.a(lib_a-impure.o)
                0x0008a254                _global_impure_ptr
 .rodata.blanks.6717
                0x0008a258       0x10 c:/programdata/matlab/supportpackages/r2022a/aide/portable/packages/arduino/tools/arm-none-eabi-gcc/4.8.3-2014q1/bin/../lib/gcc/arm-none-eabi/4.8.3/../../../../arm-none-eabi/lib/armv7-m\libg.a(lib_a-vfiprintf.o)
 .rodata.str1.4
                0x0008a268       0x30 c:/programdata/matlab/supportpackages/r2022a/aide/portable/packages/arduino/tools/arm-none-eabi-gcc/4.8.3-2014q1/bin/../lib/gcc/arm-none-eabi/4.8.3/../../../../arm-none-eabi/lib/armv7-m\libg.a(lib_a-vfiprintf.o)
 .rodata.zeroes.6718
                0x0008a298       0x10 c:/programdata/matlab/supportpackages/r2022a/aide/portable/packages/arduino/tools/arm-none-eabi-gcc/4.8.3-2014q1/bin/../lib/gcc/arm-none-eabi/4.8.3/../../../../arm-none-eabi/lib/armv7-m\libg.a(lib_a-vfiprintf.o)
 *(.ARM.extab* .gnu.linkonce.armextab.*)
                0x0008a2a8                . = ALIGN (0x4)
 *(.init)
 .init          0x0008a2a8        0x4 c:/programdata/matlab/supportpackages/r2022a/aide/portable/packages/arduino/tools/arm-none-eabi-gcc/4.8.3-2014q1/bin/../lib/gcc/arm-none-eabi/4.8.3/armv7-m/crti.o
                0x0008a2a8                _init
 .init          0x0008a2ac        0x8 c:/programdata/matlab/supportpackages/r2022a/aide/portable/packages/arduino/tools/arm-none-eabi-gcc/4.8.3-2014q1/bin/../lib/gcc/arm-none-eabi/4.8.3/armv7-m/crtn.o
                0x0008a2b4                . = ALIGN (0x4)
                0x0008a2b4                __preinit_array_start = .
 *(.preinit_array)
                0x0008a2b4                __preinit_array_end = .
                0x0008a2b4                . = ALIGN (0x4)
                0x0008a2b4                __init_array_start = .
 *(SORT(.init_array.*))
 .init_array.00000
                0x0008a2b4        0x4 c:/programdata/matlab/supportpackages/r2022a/aide/portable/packages/arduino/tools/arm-none-eabi-gcc/4.8.3-2014q1/bin/../lib/gcc/arm-none-eabi/4.8.3/../../../../arm-none-eabi/lib/armv7-m\libg.a(lib_a-__call_atexit.o)
 *(.init_array)
 .init_array    0x0008a2b8        0x4 c:/programdata/matlab/supportpackages/r2022a/aide/portable/packages/arduino/tools/arm-none-eabi-gcc/4.8.3-2014q1/bin/../lib/gcc/arm-none-eabi/4.8.3/armv7-m/crtbegin.o
 .init_array    0x0008a2bc        0x4 C:/Users/user/DOCUME~1/MATLAB/R2022a/ARDUIN~1/ARDUIN~1/FASTER~1/libcore.a(variant.o)
                0x0008a2c0                __init_array_end = .
                0x0008a2c0                . = ALIGN (0x4)
 *crtbegin.o(.ctors)
 *(EXCLUDE_FILE(*crtend.o) .ctors)
 *(SORT(.ctors.*))
 *crtend.o(.ctors)
                0x0008a2c0                . = ALIGN (0x4)
 *(.fini)
 .fini          0x0008a2c0        0x4 c:/programdata/matlab/supportpackages/r2022a/aide/portable/packages/arduino/tools/arm-none-eabi-gcc/4.8.3-2014q1/bin/../lib/gcc/arm-none-eabi/4.8.3/armv7-m/crti.o
                0x0008a2c0                _fini
 .fini          0x0008a2c4        0x8 c:/programdata/matlab/supportpackages/r2022a/aide/portable/packages/arduino/tools/arm-none-eabi-gcc/4.8.3-2014q1/bin/../lib/gcc/arm-none-eabi/4.8.3/armv7-m/crtn.o
                0x0008a2cc                . = ALIGN (0x4)
                0x0008a2cc                __fini_array_start = .
 *(.fini_array)
 .fini_array    0x0008a2cc        0x4 c:/programdata/matlab/supportpackages/r2022a/aide/portable/packages/arduino/tools/arm-none-eabi-gcc/4.8.3-2014q1/bin/../lib/gcc/arm-none-eabi/4.8.3/armv7-m/crtbegin.o
 *(SORT(.fini_array.*))
                0x0008a2d0                __fini_array_end = .
 *crtbegin.o(.dtors)
 *(EXCLUDE_FILE(*crtend.o) .dtors)
 *(SORT(.dtors.*))
 *crtend.o(.dtors)
                0x0008a2d0                . = ALIGN (0x4)
                0x0008a2d0                _efixed = .
                0x0008a2d0                PROVIDE (__exidx_start, .)

.vfp11_veneer   0x0008a2d0        0x0
 .vfp11_veneer  0x00000000        0x0 linker stubs

.v4_bx          0x0008a2d0        0x0
 .v4_bx         0x00000000        0x0 linker stubs

.iplt           0x0008a2d0        0x0
 .iplt          0x00000000        0x0 c:/programdata/matlab/supportpackages/r2022a/aide/portable/packages/arduino/tools/arm-none-eabi-gcc/4.8.3-2014q1/bin/../lib/gcc/arm-none-eabi/4.8.3/armv7-m/crtbegin.o

.ARM.exidx      0x0008a2d0        0x8
 *(.ARM.exidx* .gnu.linkonce.armexidx.*)
 .ARM.exidx     0x0008a2d0        0x8 c:/programdata/matlab/supportpackages/r2022a/aide/portable/packages/arduino/tools/arm-none-eabi-gcc/4.8.3-2014q1/bin/../lib/gcc/arm-none-eabi/4.8.3/armv7-m\libgcc.a(_divdi3.o)
 .ARM.exidx     0x0008a2d8        0x0 c:/programdata/matlab/supportpackages/r2022a/aide/portable/packages/arduino/tools/arm-none-eabi-gcc/4.8.3-2014q1/bin/../lib/gcc/arm-none-eabi/4.8.3/armv7-m\libgcc.a(_udivdi3.o)
                                  0x8 (size before relaxing)
                0x0008a2d8                PROVIDE (__exidx_end, .)

.eh_frame       0x0008a2d8        0x0
 .eh_frame      0x0008a2d8        0x0 c:/programdata/matlab/supportpackages/r2022a/aide/portable/packages/arduino/tools/arm-none-eabi-gcc/4.8.3-2014q1/bin/../lib/gcc/arm-none-eabi/4.8.3/armv7-m/crtbegin.o

.rel.dyn        0x0008a2d8        0x0
 .rel.iplt      0x00000000        0x0 c:/programdata/matlab/supportpackages/r2022a/aide/portable/packages/arduino/tools/arm-none-eabi-gcc/4.8.3-2014q1/bin/../lib/gcc/arm-none-eabi/4.8.3/armv7-m/crtbegin.o

.jcr            0x0008a2d8        0x0
 .jcr           0x0008a2d8        0x0 c:/programdata/matlab/supportpackages/r2022a/aide/portable/packages/arduino/tools/arm-none-eabi-gcc/4.8.3-2014q1/bin/../lib/gcc/arm-none-eabi/4.8.3/armv7-m/crtbegin.o

.igot.plt       0x0008a2d8        0x0
 .igot.plt      0x00000000        0x0 c:/programdata/matlab/supportpackages/r2022a/aide/portable/packages/arduino/tools/arm-none-eabi-gcc/4.8.3-2014q1/bin/../lib/gcc/arm-none-eabi/4.8.3/armv7-m/crtbegin.o
                0x0008a2d8                . = ALIGN (0x4)
                0x0008a2d8                _etext = .

.relocate       0x20070000      0xa5c load address 0x0008a2d8
                0x20070000                . = ALIGN (0x4)
                0x20070000                _srelocate = .
 *(.ramfunc .ramfunc.*)
 .ramfunc       0x20070000       0x2c C:/Users/user/DOCUME~1/MATLAB/R2022a/ARDUIN~1/ARDUIN~1/FASTER~1/libcore.a(Reset.o)
                0x20070000                banzai
 *(.data .data.*)
 *fill*         0x2007002c        0x4 
 .data.PWM_sinewave_PI_P
                0x20070030      0x188 PWM_sinewave_PI_data.o
                0x20070030                PWM_sinewave_PI_P
 .data.xcpExtmodeFinalSimulationTime
                0x200701b8        0x8 xcp_ext_common.o
                0x200701b8                xcpExtmodeFinalSimulationTime
 .data.xcpClassicTriggerDuration
                0x200701c0        0x4 xcp_ext_classic_trigger.o
                0x200701c0                xcpClassicTriggerDuration
 .data.xcpClassicTriggerArmRequest
                0x200701c4        0x1 xcp_ext_classic_trigger.o
                0x200701c4                xcpClassicTriggerArmRequest
 *fill*         0x200701c5        0x3 
 .data.startStopDaqListId
                0x200701c8        0x4 xcp_daq.o
 .data.xcpEventCustomMemoryManager
                0x200701cc        0xc xcp_daq.o
 .data.xcpCurrentDaq
                0x200701d8        0x4 xcp_daq.o
 .data.xcpCtoReservedMemPoolId
                0x200701dc        0x4 xcp_transport.o
 .data.drvID    0x200701e0        0x4 xcp_drv_rtiostream.o
 .data.xcpCtoReservedMemPoolId
                0x200701e4        0x4 xcp_frame_serial.o
 .data._writeResolution
                0x200701e8        0x4 C:/Users/user/DOCUME~1/MATLAB/R2022a/ARDUIN~1/ARDUIN~1/FASTER~1/libcore.a(wiring_analog.o)
 .data._ZL5ticks
                0x200701ec        0x4 C:/Users/user/DOCUME~1/MATLAB/R2022a/ARDUIN~1/ARDUIN~1/FASTER~1/libcore.a(Reset.o)
 .data.SystemCoreClock
                0x200701f0        0x4 C:/ProgramData/MATLAB/SupportPackages/R2022a/aIDE/portable/packages/arduino/hardware/sam/1.6.12/variants/arduino_due_x/libsam_sam3x8e_gcc_rel.a(system_sam3xa.o)
                0x200701f0                SystemCoreClock
 .data.__fdlib_version
                0x200701f4        0x1 c:/programdata/matlab/supportpackages/r2022a/aide/portable/packages/arduino/tools/arm-none-eabi-gcc/4.8.3-2014q1/bin/../lib/gcc/arm-none-eabi/4.8.3/../../../../arm-none-eabi/lib/armv7-m\libm.a(lib_a-s_lib_ver.o)
                0x200701f4                __fdlib_version
 *fill*         0x200701f5        0x3 
 .data.impure_data
                0x200701f8      0x428 c:/programdata/matlab/supportpackages/r2022a/aide/portable/packages/arduino/tools/arm-none-eabi-gcc/4.8.3-2014q1/bin/../lib/gcc/arm-none-eabi/4.8.3/../../../../arm-none-eabi/lib/armv7-m\libg.a(lib_a-impure.o)
 .data._impure_ptr
                0x20070620        0x4 c:/programdata/matlab/supportpackages/r2022a/aide/portable/packages/arduino/tools/arm-none-eabi-gcc/4.8.3-2014q1/bin/../lib/gcc/arm-none-eabi/4.8.3/../../../../arm-none-eabi/lib/armv7-m\libg.a(lib_a-impure.o)
                0x20070620                _impure_ptr
 .data.lc_ctype_charset
                0x20070624       0x20 c:/programdata/matlab/supportpackages/r2022a/aide/portable/packages/arduino/tools/arm-none-eabi-gcc/4.8.3-2014q1/bin/../lib/gcc/arm-none-eabi/4.8.3/../../../../arm-none-eabi/lib/armv7-m\libg.a(lib_a-locale.o)
 .data.__mb_cur_max
                0x20070644        0x4 c:/programdata/matlab/supportpackages/r2022a/aide/portable/packages/arduino/tools/arm-none-eabi-gcc/4.8.3-2014q1/bin/../lib/gcc/arm-none-eabi/4.8.3/../../../../arm-none-eabi/lib/armv7-m\libg.a(lib_a-locale.o)
                0x20070644                __mb_cur_max
 .data.__malloc_av_
                0x20070648      0x408 c:/programdata/matlab/supportpackages/r2022a/aide/portable/packages/arduino/tools/arm-none-eabi-gcc/4.8.3-2014q1/bin/../lib/gcc/arm-none-eabi/4.8.3/../../../../arm-none-eabi/lib/armv7-m\libg.a(lib_a-mallocr.o)
                0x20070648                __malloc_av_
 .data.__malloc_trim_threshold
                0x20070a50        0x4 c:/programdata/matlab/supportpackages/r2022a/aide/portable/packages/arduino/tools/arm-none-eabi-gcc/4.8.3-2014q1/bin/../lib/gcc/arm-none-eabi/4.8.3/../../../../arm-none-eabi/lib/armv7-m\libg.a(lib_a-mallocr.o)
                0x20070a50                __malloc_trim_threshold
 .data.__malloc_sbrk_base
                0x20070a54        0x4 c:/programdata/matlab/supportpackages/r2022a/aide/portable/packages/arduino/tools/arm-none-eabi-gcc/4.8.3-2014q1/bin/../lib/gcc/arm-none-eabi/4.8.3/../../../../arm-none-eabi/lib/armv7-m\libg.a(lib_a-mallocr.o)
                0x20070a54                __malloc_sbrk_base
 .data.__wctomb
                0x20070a58        0x4 c:/programdata/matlab/supportpackages/r2022a/aide/portable/packages/arduino/tools/arm-none-eabi-gcc/4.8.3-2014q1/bin/../lib/gcc/arm-none-eabi/4.8.3/../../../../arm-none-eabi/lib/armv7-m\libg.a(lib_a-wctomb_r.o)
                0x20070a58                __wctomb
                0x20070a5c                . = ALIGN (0x4)
                0x20070a5c                _erelocate = .

.bss            0x20070a5c     0x105c load address 0x0008ad34
                0x20070a5c                . = ALIGN (0x4)
                0x20070a5c                _sbss = .
                0x20070a5c                _szero = .
 *(.bss .bss.*)
 .bss           0x20070a5c       0x1c c:/programdata/matlab/supportpackages/r2022a/aide/portable/packages/arduino/tools/arm-none-eabi-gcc/4.8.3-2014q1/bin/../lib/gcc/arm-none-eabi/4.8.3/armv7-m/crtbegin.o
 .bss.gpf_isr   0x20070a78        0x4 C:/ProgramData/MATLAB/SupportPackages/R2022a/aIDE/portable/packages/arduino/hardware/sam/1.6.12/variants/arduino_due_x/libsam_sam3x8e_gcc_rel.a(uotghs.o)